ARM GAS  C:\Users\MODELA~1\AppData\Local\Temp\cc1CZZoE.s 			page 1


   1              		.syntax unified
   2              		.cpu cortex-m3
   3              		.fpu softvfp
   4              		.eabi_attribute 20, 1
   5              		.eabi_attribute 21, 1
   6              		.eabi_attribute 23, 3
   7              		.eabi_attribute 24, 1
   8              		.eabi_attribute 25, 1
   9              		.eabi_attribute 26, 1
  10              		.eabi_attribute 30, 1
  11              		.eabi_attribute 34, 1
  12              		.eabi_attribute 18, 4
  13              		.thumb
  14              		.syntax unified
  15              		.file	"cymetadata.c"
  16              		.text
  17              	.Ltext0:
  18              		.cfi_sections	.debug_frame
  19              		.global	cy_metadata
  20              		.global	cy_meta_flashprotect
  21              		.global	cy_meta_wonvl
  22              		.global	cy_meta_custnvl
  23              		.global	cy_meta_configecc
  24              		.section	.cyconfigecc,"a",%progbits
  25              		.align	2
  26              		.type	cy_meta_configecc, %object
  27              		.size	cy_meta_configecc, 1828
  28              	cy_meta_configecc:
  29 0000 02       		.byte	2
  30 0001 4F       		.byte	79
  31 0002 00       		.byte	0
  32 0003 40       		.byte	64
  33 0004 01       		.byte	1
  34 0005 52       		.byte	82
  35 0006 00       		.byte	0
  36 0007 40       		.byte	64
  37 0008 01       		.byte	1
  38 0009 5A       		.byte	90
  39 000a 00       		.byte	0
  40 000b 40       		.byte	64
  41 000c 02       		.byte	2
  42 000d 64       		.byte	100
  43 000e 00       		.byte	0
  44 000f 40       		.byte	64
  45 0010 04       		.byte	4
  46 0011 65       		.byte	101
  47 0012 00       		.byte	0
  48 0013 40       		.byte	64
  49 0014 4C       		.byte	76
  50 0015 02       		.byte	2
  51 0016 01       		.byte	1
  52 0017 40       		.byte	64
  53 0018 29       		.byte	41
  54 0019 03       		.byte	3
  55 001a 01       		.byte	1
  56 001b 40       		.byte	64
  57 001c 41       		.byte	65
ARM GAS  C:\Users\MODELA~1\AppData\Local\Temp\cc1CZZoE.s 			page 2


  58 001d 04       		.byte	4
  59 001e 01       		.byte	1
  60 001f 40       		.byte	64
  61 0020 23       		.byte	35
  62 0021 05       		.byte	5
  63 0022 01       		.byte	1
  64 0023 40       		.byte	64
  65 0024 43       		.byte	67
  66 0025 06       		.byte	6
  67 0026 01       		.byte	1
  68 0027 40       		.byte	64
  69 0028 24       		.byte	36
  70 0029 07       		.byte	7
  71 002a 01       		.byte	1
  72 002b 40       		.byte	64
  73 002c 39       		.byte	57
  74 002d 08       		.byte	8
  75 002e 01       		.byte	1
  76 002f 40       		.byte	64
  77 0030 1F       		.byte	31
  78 0031 09       		.byte	9
  79 0032 01       		.byte	1
  80 0033 40       		.byte	64
  81 0034 01       		.byte	1
  82 0035 0B       		.byte	11
  83 0036 01       		.byte	1
  84 0037 40       		.byte	64
  85 0038 01       		.byte	1
  86 0039 0D       		.byte	13
  87 003a 01       		.byte	1
  88 003b 40       		.byte	64
  89 003c 3F       		.byte	63
  90 003d 14       		.byte	20
  91 003e 01       		.byte	1
  92 003f 40       		.byte	64
  93 0040 17       		.byte	23
  94 0041 15       		.byte	21
  95 0042 01       		.byte	1
  96 0043 40       		.byte	64
  97 0044 43       		.byte	67
  98 0045 18       		.byte	24
  99 0046 01       		.byte	1
 100 0047 40       		.byte	64
 101 0048 34       		.byte	52
 102 0049 19       		.byte	25
 103 004a 01       		.byte	1
 104 004b 40       		.byte	64
 105 004c 0C       		.byte	12
 106 004d 1A       		.byte	26
 107 004e 01       		.byte	1
 108 004f 40       		.byte	64
 109 0050 36       		.byte	54
 110 0051 1B       		.byte	27
 111 0052 01       		.byte	1
 112 0053 40       		.byte	64
 113 0054 04       		.byte	4
 114 0055 40       		.byte	64
ARM GAS  C:\Users\MODELA~1\AppData\Local\Temp\cc1CZZoE.s 			page 3


 115 0056 01       		.byte	1
 116 0057 40       		.byte	64
 117 0058 07       		.byte	7
 118 0059 41       		.byte	65
 119 005a 01       		.byte	1
 120 005b 40       		.byte	64
 121 005c 0E       		.byte	14
 122 005d 42       		.byte	66
 123 005e 01       		.byte	1
 124 005f 40       		.byte	64
 125 0060 04       		.byte	4
 126 0061 43       		.byte	67
 127 0062 01       		.byte	1
 128 0063 40       		.byte	64
 129 0064 03       		.byte	3
 130 0065 45       		.byte	69
 131 0066 01       		.byte	1
 132 0067 40       		.byte	64
 133 0068 04       		.byte	4
 134 0069 46       		.byte	70
 135 006a 01       		.byte	1
 136 006b 40       		.byte	64
 137 006c 02       		.byte	2
 138 006d 47       		.byte	71
 139 006e 01       		.byte	1
 140 006f 40       		.byte	64
 141 0070 02       		.byte	2
 142 0071 48       		.byte	72
 143 0072 01       		.byte	1
 144 0073 40       		.byte	64
 145 0074 01       		.byte	1
 146 0075 49       		.byte	73
 147 0076 01       		.byte	1
 148 0077 40       		.byte	64
 149 0078 04       		.byte	4
 150 0079 4C       		.byte	76
 151 007a 01       		.byte	1
 152 007b 40       		.byte	64
 153 007c 09       		.byte	9
 154 007d 4D       		.byte	77
 155 007e 01       		.byte	1
 156 007f 40       		.byte	64
 157 0080 07       		.byte	7
 158 0081 50       		.byte	80
 159 0082 01       		.byte	1
 160 0083 40       		.byte	64
 161 0084 01       		.byte	1
 162 0085 51       		.byte	81
 163 0086 01       		.byte	1
 164 0087 40       		.byte	64
 165 0088 01       		.byte	1
 166 0089 80       		.byte	-128
 167 008a 0A       		.byte	10
 168 008b 87       		.byte	-121
 169 008c 01       		.byte	1
 170 008d 02       		.byte	2
 171 008e D7       		.byte	-41
ARM GAS  C:\Users\MODELA~1\AppData\Local\Temp\cc1CZZoE.s 			page 4


 172 008f 04       		.byte	4
 173 0090 83       		.byte	-125
 174 0091 67       		.byte	103
 175 0092 87       		.byte	-121
 176 0093 67       		.byte	103
 177 0094 85       		.byte	-123
 178 0095 0D       		.byte	13
 179 0096 89       		.byte	-119
 180 0097 0F       		.byte	15
 181 0098 8A       		.byte	-118
 182 0099 72       		.byte	114
 183 009a 8B       		.byte	-117
 184 009b 38       		.byte	56
 185 009c 07       		.byte	7
 186 009d 01       		.byte	1
 187 009e 1A       		.byte	26
 188 009f 01       		.byte	1
 189 00a0 20       		.byte	32
 190 00a1 01       		.byte	1
 191 00a2 28       		.byte	40
 192 00a3 01       		.byte	1
 193 00a4 33       		.byte	51
 194 00a5 01       		.byte	1
 195 00a6 36       		.byte	54
 196 00a7 01       		.byte	1
 197 00a8 3E       		.byte	62
 198 00a9 40       		.byte	64
 199 00aa 40       		.byte	64
 200 00ab 16       		.byte	22
 201 00ac 41       		.byte	65
 202 00ad 02       		.byte	2
 203 00ae 49       		.byte	73
 204 00af FF       		.byte	-1
 205 00b0 4A       		.byte	74
 206 00b1 FF       		.byte	-1
 207 00b2 4B       		.byte	75
 208 00b3 FF       		.byte	-1
 209 00b4 4D       		.byte	77
 210 00b5 A0       		.byte	-96
 211 00b6 4F       		.byte	79
 212 00b7 01       		.byte	1
 213 00b8 50       		.byte	80
 214 00b9 18       		.byte	24
 215 00ba 58       		.byte	88
 216 00bb 04       		.byte	4
 217 00bc 59       		.byte	89
 218 00bd 04       		.byte	4
 219 00be 5A       		.byte	90
 220 00bf 04       		.byte	4
 221 00c0 5F       		.byte	95
 222 00c1 01       		.byte	1
 223 00c2 60       		.byte	96
 224 00c3 40       		.byte	64
 225 00c4 62       		.byte	98
 226 00c5 80       		.byte	-128
 227 00c6 64       		.byte	100
 228 00c7 40       		.byte	64
ARM GAS  C:\Users\MODELA~1\AppData\Local\Temp\cc1CZZoE.s 			page 5


 229 00c8 65       		.byte	101
 230 00c9 40       		.byte	64
 231 00ca 66       		.byte	102
 232 00cb 80       		.byte	-128
 233 00cc 68       		.byte	104
 234 00cd 40       		.byte	64
 235 00ce 6A       		.byte	106
 236 00cf 50       		.byte	80
 237 00d0 6B       		.byte	107
 238 00d1 A8       		.byte	-88
 239 00d2 6C       		.byte	108
 240 00d3 40       		.byte	64
 241 00d4 6D       		.byte	109
 242 00d5 20       		.byte	32
 243 00d6 6E       		.byte	110
 244 00d7 50       		.byte	80
 245 00d8 6F       		.byte	111
 246 00d9 A8       		.byte	-88
 247 00da 88       		.byte	-120
 248 00db 01       		.byte	1
 249 00dc 91       		.byte	-111
 250 00dd 02       		.byte	2
 251 00de 9B       		.byte	-101
 252 00df 03       		.byte	3
 253 00e0 9E       		.byte	-98
 254 00e1 02       		.byte	2
 255 00e2 A4       		.byte	-92
 256 00e3 01       		.byte	1
 257 00e4 B0       		.byte	-80
 258 00e5 02       		.byte	2
 259 00e6 B1       		.byte	-79
 260 00e7 01       		.byte	1
 261 00e8 B2       		.byte	-78
 262 00e9 02       		.byte	2
 263 00ea B3       		.byte	-77
 264 00eb 02       		.byte	2
 265 00ec B4       		.byte	-76
 266 00ed 01       		.byte	1
 267 00ee B6       		.byte	-74
 268 00ef 01       		.byte	1
 269 00f0 B8       		.byte	-72
 270 00f1 A0       		.byte	-96
 271 00f2 BE       		.byte	-66
 272 00f3 50       		.byte	80
 273 00f4 BF       		.byte	-65
 274 00f5 04       		.byte	4
 275 00f6 C0       		.byte	-64
 276 00f7 51       		.byte	81
 277 00f8 C1       		.byte	-63
 278 00f9 02       		.byte	2
 279 00fa C5       		.byte	-59
 280 00fb 50       		.byte	80
 281 00fc C6       		.byte	-58
 282 00fd C4       		.byte	-60
 283 00fe C7       		.byte	-57
 284 00ff 2E       		.byte	46
 285 0100 C8       		.byte	-56
ARM GAS  C:\Users\MODELA~1\AppData\Local\Temp\cc1CZZoE.s 			page 6


 286 0101 3F       		.byte	63
 287 0102 C9       		.byte	-55
 288 0103 FF       		.byte	-1
 289 0104 CA       		.byte	-54
 290 0105 FF       		.byte	-1
 291 0106 CB       		.byte	-53
 292 0107 FF       		.byte	-1
 293 0108 CD       		.byte	-51
 294 0109 AF       		.byte	-81
 295 010a CE       		.byte	-50
 296 010b 07       		.byte	7
 297 010c CF       		.byte	-49
 298 010d 01       		.byte	1
 299 010e D0       		.byte	-48
 300 010f 18       		.byte	24
 301 0110 D4       		.byte	-44
 302 0111 07       		.byte	7
 303 0112 D8       		.byte	-40
 304 0113 04       		.byte	4
 305 0114 D9       		.byte	-39
 306 0115 04       		.byte	4
 307 0116 DA       		.byte	-38
 308 0117 04       		.byte	4
 309 0118 DB       		.byte	-37
 310 0119 04       		.byte	4
 311 011a DF       		.byte	-33
 312 011b 05       		.byte	5
 313 011c E0       		.byte	-32
 314 011d 40       		.byte	64
 315 011e E2       		.byte	-30
 316 011f 80       		.byte	-128
 317 0120 E4       		.byte	-28
 318 0121 40       		.byte	64
 319 0122 E5       		.byte	-27
 320 0123 40       		.byte	64
 321 0124 E6       		.byte	-26
 322 0125 80       		.byte	-128
 323 0126 E8       		.byte	-24
 324 0127 40       		.byte	64
 325 0128 EA       		.byte	-22
 326 0129 50       		.byte	80
 327 012a EB       		.byte	-21
 328 012b A8       		.byte	-88
 329 012c EC       		.byte	-20
 330 012d 40       		.byte	64
 331 012e ED       		.byte	-19
 332 012f 20       		.byte	32
 333 0130 EE       		.byte	-18
 334 0131 50       		.byte	80
 335 0132 EF       		.byte	-17
 336 0133 A8       		.byte	-88
 337 0134 00       		.byte	0
 338 0135 10       		.byte	16
 339 0136 08       		.byte	8
 340 0137 40       		.byte	64
 341 0138 0F       		.byte	15
 342 0139 08       		.byte	8
ARM GAS  C:\Users\MODELA~1\AppData\Local\Temp\cc1CZZoE.s 			page 7


 343 013a 10       		.byte	16
 344 013b 20       		.byte	32
 345 013c 14       		.byte	20
 346 013d 40       		.byte	64
 347 013e 17       		.byte	23
 348 013f 20       		.byte	32
 349 0140 18       		.byte	24
 350 0141 11       		.byte	17
 351 0142 1B       		.byte	27
 352 0143 11       		.byte	17
 353 0144 1C       		.byte	28
 354 0145 02       		.byte	2
 355 0146 1D       		.byte	29
 356 0147 80       		.byte	-128
 357 0148 21       		.byte	33
 358 0149 02       		.byte	2
 359 014a 22       		.byte	34
 360 014b 04       		.byte	4
 361 014c 27       		.byte	39
 362 014d 20       		.byte	32
 363 014e 30       		.byte	48
 364 014f 20       		.byte	32
 365 0150 31       		.byte	49
 366 0151 02       		.byte	2
 367 0152 3F       		.byte	63
 368 0153 08       		.byte	8
 369 0154 40       		.byte	64
 370 0155 01       		.byte	1
 371 0156 42       		.byte	66
 372 0157 08       		.byte	8
 373 0158 45       		.byte	69
 374 0159 90       		.byte	-112
 375 015a 46       		.byte	70
 376 015b 08       		.byte	8
 377 015c 48       		.byte	72
 378 015d A1       		.byte	-95
 379 015e 4F       		.byte	79
 380 015f 20       		.byte	32
 381 0160 51       		.byte	81
 382 0161 01       		.byte	1
 383 0162 52       		.byte	82
 384 0163 94       		.byte	-108
 385 0164 59       		.byte	89
 386 0165 60       		.byte	96
 387 0166 5A       		.byte	90
 388 0167 08       		.byte	8
 389 0168 62       		.byte	98
 390 0169 14       		.byte	20
 391 016a 7B       		.byte	123
 392 016b 01       		.byte	1
 393 016c 83       		.byte	-125
 394 016d 04       		.byte	4
 395 016e 85       		.byte	-123
 396 016f 21       		.byte	33
 397 0170 C0       		.byte	-64
 398 0171 02       		.byte	2
 399 0172 C2       		.byte	-62
ARM GAS  C:\Users\MODELA~1\AppData\Local\Temp\cc1CZZoE.s 			page 8


 400 0173 41       		.byte	65
 401 0174 C4       		.byte	-60
 402 0175 54       		.byte	84
 403 0176 CC       		.byte	-52
 404 0177 05       		.byte	5
 405 0178 CE       		.byte	-50
 406 0179 40       		.byte	64
 407 017a D0       		.byte	-48
 408 017b 3C       		.byte	60
 409 017c D2       		.byte	-46
 410 017d 28       		.byte	40
 411 017e D6       		.byte	-42
 412 017f 0E       		.byte	14
 413 0180 D8       		.byte	-40
 414 0181 06       		.byte	6
 415 0182 DE       		.byte	-34
 416 0183 08       		.byte	8
 417 0184 E6       		.byte	-26
 418 0185 04       		.byte	4
 419 0186 00       		.byte	0
 420 0187 01       		.byte	1
 421 0188 18       		.byte	24
 422 0189 01       		.byte	1
 423 018a 1D       		.byte	29
 424 018b 01       		.byte	1
 425 018c 20       		.byte	32
 426 018d 01       		.byte	1
 427 018e 21       		.byte	33
 428 018f 01       		.byte	1
 429 0190 29       		.byte	41
 430 0191 02       		.byte	2
 431 0192 31       		.byte	49
 432 0193 02       		.byte	2
 433 0194 35       		.byte	53
 434 0195 01       		.byte	1
 435 0196 36       		.byte	54
 436 0197 01       		.byte	1
 437 0198 3E       		.byte	62
 438 0199 40       		.byte	64
 439 019a 3F       		.byte	63
 440 019b 01       		.byte	1
 441 019c 40       		.byte	64
 442 019d 31       		.byte	49
 443 019e 41       		.byte	65
 444 019f 02       		.byte	2
 445 01a0 49       		.byte	73
 446 01a1 FF       		.byte	-1
 447 01a2 4A       		.byte	74
 448 01a3 FF       		.byte	-1
 449 01a4 4B       		.byte	75
 450 01a5 FF       		.byte	-1
 451 01a6 4D       		.byte	77
 452 01a7 A0       		.byte	-96
 453 01a8 4F       		.byte	79
 454 01a9 01       		.byte	1
 455 01aa 50       		.byte	80
 456 01ab 18       		.byte	24
ARM GAS  C:\Users\MODELA~1\AppData\Local\Temp\cc1CZZoE.s 			page 9


 457 01ac 58       		.byte	88
 458 01ad 04       		.byte	4
 459 01ae 59       		.byte	89
 460 01af 04       		.byte	4
 461 01b0 5A       		.byte	90
 462 01b1 04       		.byte	4
 463 01b2 5F       		.byte	95
 464 01b3 01       		.byte	1
 465 01b4 60       		.byte	96
 466 01b5 40       		.byte	64
 467 01b6 62       		.byte	98
 468 01b7 80       		.byte	-128
 469 01b8 64       		.byte	100
 470 01b9 40       		.byte	64
 471 01ba 65       		.byte	101
 472 01bb 40       		.byte	64
 473 01bc 66       		.byte	102
 474 01bd 80       		.byte	-128
 475 01be 68       		.byte	104
 476 01bf 40       		.byte	64
 477 01c0 6A       		.byte	106
 478 01c1 50       		.byte	80
 479 01c2 6B       		.byte	107
 480 01c3 A8       		.byte	-88
 481 01c4 6C       		.byte	108
 482 01c5 40       		.byte	64
 483 01c6 6D       		.byte	109
 484 01c7 20       		.byte	32
 485 01c8 6E       		.byte	110
 486 01c9 50       		.byte	80
 487 01ca 6F       		.byte	111
 488 01cb A8       		.byte	-88
 489 01cc 9A       		.byte	-102
 490 01cd 03       		.byte	3
 491 01ce 9C       		.byte	-100
 492 01cf 01       		.byte	1
 493 01d0 A8       		.byte	-88
 494 01d1 01       		.byte	1
 495 01d2 B2       		.byte	-78
 496 01d3 01       		.byte	1
 497 01d4 B6       		.byte	-74
 498 01d5 02       		.byte	2
 499 01d6 BE       		.byte	-66
 500 01d7 04       		.byte	4
 501 01d8 C0       		.byte	-64
 502 01d9 34       		.byte	52
 503 01da C1       		.byte	-63
 504 01db 02       		.byte	2
 505 01dc C9       		.byte	-55
 506 01dd FF       		.byte	-1
 507 01de CA       		.byte	-54
 508 01df FF       		.byte	-1
 509 01e0 CB       		.byte	-53
 510 01e1 FF       		.byte	-1
 511 01e2 CD       		.byte	-51
 512 01e3 AF       		.byte	-81
 513 01e4 CE       		.byte	-50
ARM GAS  C:\Users\MODELA~1\AppData\Local\Temp\cc1CZZoE.s 			page 10


 514 01e5 07       		.byte	7
 515 01e6 CF       		.byte	-49
 516 01e7 01       		.byte	1
 517 01e8 D0       		.byte	-48
 518 01e9 18       		.byte	24
 519 01ea D8       		.byte	-40
 520 01eb 04       		.byte	4
 521 01ec DA       		.byte	-38
 522 01ed 04       		.byte	4
 523 01ee DF       		.byte	-33
 524 01ef 01       		.byte	1
 525 01f0 E0       		.byte	-32
 526 01f1 40       		.byte	64
 527 01f2 E2       		.byte	-30
 528 01f3 80       		.byte	-128
 529 01f4 E4       		.byte	-28
 530 01f5 40       		.byte	64
 531 01f6 E5       		.byte	-27
 532 01f7 40       		.byte	64
 533 01f8 E6       		.byte	-26
 534 01f9 80       		.byte	-128
 535 01fa E8       		.byte	-24
 536 01fb 40       		.byte	64
 537 01fc EA       		.byte	-22
 538 01fd 50       		.byte	80
 539 01fe EB       		.byte	-21
 540 01ff A8       		.byte	-88
 541 0200 EC       		.byte	-20
 542 0201 40       		.byte	64
 543 0202 ED       		.byte	-19
 544 0203 20       		.byte	32
 545 0204 EE       		.byte	-18
 546 0205 50       		.byte	80
 547 0206 EF       		.byte	-17
 548 0207 A8       		.byte	-88
 549 0208 01       		.byte	1
 550 0209 02       		.byte	2
 551 020a 02       		.byte	2
 552 020b 80       		.byte	-128
 553 020c 0B       		.byte	11
 554 020d 04       		.byte	4
 555 020e 0E       		.byte	14
 556 020f 02       		.byte	2
 557 0210 0F       		.byte	15
 558 0211 04       		.byte	4
 559 0212 10       		.byte	16
 560 0213 80       		.byte	-128
 561 0214 14       		.byte	20
 562 0215 08       		.byte	8
 563 0216 19       		.byte	25
 564 0217 40       		.byte	64
 565 0218 1C       		.byte	28
 566 0219 10       		.byte	16
 567 021a 1D       		.byte	29
 568 021b 08       		.byte	8
 569 021c 1E       		.byte	30
 570 021d 02       		.byte	2
ARM GAS  C:\Users\MODELA~1\AppData\Local\Temp\cc1CZZoE.s 			page 11


 571 021e 23       		.byte	35
 572 021f 44       		.byte	68
 573 0220 28       		.byte	40
 574 0221 08       		.byte	8
 575 0222 29       		.byte	41
 576 0223 02       		.byte	2
 577 0224 30       		.byte	48
 578 0225 80       		.byte	-128
 579 0226 40       		.byte	64
 580 0227 10       		.byte	16
 581 0228 41       		.byte	65
 582 0229 40       		.byte	64
 583 022a 42       		.byte	66
 584 022b 08       		.byte	8
 585 022c 45       		.byte	69
 586 022d 18       		.byte	24
 587 022e 46       		.byte	70
 588 022f 40       		.byte	64
 589 0230 87       		.byte	-121
 590 0231 40       		.byte	64
 591 0232 98       		.byte	-104
 592 0233 08       		.byte	8
 593 0234 9A       		.byte	-102
 594 0235 08       		.byte	8
 595 0236 9D       		.byte	-99
 596 0237 40       		.byte	64
 597 0238 A0       		.byte	-96
 598 0239 80       		.byte	-128
 599 023a A2       		.byte	-94
 600 023b 80       		.byte	-128
 601 023c A5       		.byte	-91
 602 023d 10       		.byte	16
 603 023e AC       		.byte	-84
 604 023f 48       		.byte	72
 605 0240 C0       		.byte	-64
 606 0241 08       		.byte	8
 607 0242 C2       		.byte	-62
 608 0243 C2       		.byte	-62
 609 0244 C4       		.byte	-60
 610 0245 48       		.byte	72
 611 0246 CA       		.byte	-54
 612 0247 05       		.byte	5
 613 0248 CC       		.byte	-52
 614 0249 08       		.byte	8
 615 024a D0       		.byte	-48
 616 024b EE       		.byte	-18
 617 024c EE       		.byte	-18
 618 024d 08       		.byte	8
 619 024e 39       		.byte	57
 620 024f 20       		.byte	32
 621 0250 3F       		.byte	63
 622 0251 10       		.byte	16
 623 0252 40       		.byte	64
 624 0253 34       		.byte	52
 625 0254 41       		.byte	65
 626 0255 02       		.byte	2
 627 0256 49       		.byte	73
ARM GAS  C:\Users\MODELA~1\AppData\Local\Temp\cc1CZZoE.s 			page 12


 628 0257 FF       		.byte	-1
 629 0258 4A       		.byte	74
 630 0259 FF       		.byte	-1
 631 025a 4B       		.byte	75
 632 025b FF       		.byte	-1
 633 025c 4D       		.byte	77
 634 025d AF       		.byte	-81
 635 025e 4E       		.byte	78
 636 025f 07       		.byte	7
 637 0260 4F       		.byte	79
 638 0261 01       		.byte	1
 639 0262 50       		.byte	80
 640 0263 18       		.byte	24
 641 0264 59       		.byte	89
 642 0265 04       		.byte	4
 643 0266 5A       		.byte	90
 644 0267 04       		.byte	4
 645 0268 5F       		.byte	95
 646 0269 01       		.byte	1
 647 026a 60       		.byte	96
 648 026b 40       		.byte	64
 649 026c 62       		.byte	98
 650 026d 80       		.byte	-128
 651 026e 64       		.byte	100
 652 026f 40       		.byte	64
 653 0270 65       		.byte	101
 654 0271 40       		.byte	64
 655 0272 66       		.byte	102
 656 0273 80       		.byte	-128
 657 0274 68       		.byte	104
 658 0275 40       		.byte	64
 659 0276 6A       		.byte	106
 660 0277 50       		.byte	80
 661 0278 6B       		.byte	107
 662 0279 A8       		.byte	-88
 663 027a 6C       		.byte	108
 664 027b 40       		.byte	64
 665 027c 6D       		.byte	109
 666 027d 20       		.byte	32
 667 027e 6E       		.byte	110
 668 027f 50       		.byte	80
 669 0280 6F       		.byte	111
 670 0281 A8       		.byte	-88
 671 0282 88       		.byte	-120
 672 0283 01       		.byte	1
 673 0284 8F       		.byte	-113
 674 0285 03       		.byte	3
 675 0286 91       		.byte	-111
 676 0287 02       		.byte	2
 677 0288 A6       		.byte	-90
 678 0289 03       		.byte	3
 679 028a B1       		.byte	-79
 680 028b 01       		.byte	1
 681 028c B2       		.byte	-78
 682 028d 02       		.byte	2
 683 028e B3       		.byte	-77
 684 028f 02       		.byte	2
ARM GAS  C:\Users\MODELA~1\AppData\Local\Temp\cc1CZZoE.s 			page 13


 685 0290 B6       		.byte	-74
 686 0291 01       		.byte	1
 687 0292 BE       		.byte	-66
 688 0293 40       		.byte	64
 689 0294 BF       		.byte	-65
 690 0295 04       		.byte	4
 691 0296 C0       		.byte	-64
 692 0297 31       		.byte	49
 693 0298 C1       		.byte	-63
 694 0299 02       		.byte	2
 695 029a C5       		.byte	-59
 696 029b 24       		.byte	36
 697 029c C6       		.byte	-58
 698 029d C0       		.byte	-64
 699 029e C7       		.byte	-57
 700 029f 0E       		.byte	14
 701 02a0 C8       		.byte	-56
 702 02a1 1F       		.byte	31
 703 02a2 C9       		.byte	-55
 704 02a3 FF       		.byte	-1
 705 02a4 CA       		.byte	-54
 706 02a5 FF       		.byte	-1
 707 02a6 CB       		.byte	-53
 708 02a7 FF       		.byte	-1
 709 02a8 CD       		.byte	-51
 710 02a9 AF       		.byte	-81
 711 02aa CE       		.byte	-50
 712 02ab 07       		.byte	7
 713 02ac CF       		.byte	-49
 714 02ad 01       		.byte	1
 715 02ae D0       		.byte	-48
 716 02af 18       		.byte	24
 717 02b0 D4       		.byte	-44
 718 02b1 07       		.byte	7
 719 02b2 D8       		.byte	-40
 720 02b3 04       		.byte	4
 721 02b4 D9       		.byte	-39
 722 02b5 04       		.byte	4
 723 02b6 DA       		.byte	-38
 724 02b7 04       		.byte	4
 725 02b8 DB       		.byte	-37
 726 02b9 04       		.byte	4
 727 02ba DF       		.byte	-33
 728 02bb 01       		.byte	1
 729 02bc E0       		.byte	-32
 730 02bd 40       		.byte	64
 731 02be E2       		.byte	-30
 732 02bf 80       		.byte	-128
 733 02c0 E4       		.byte	-28
 734 02c1 40       		.byte	64
 735 02c2 E5       		.byte	-27
 736 02c3 40       		.byte	64
 737 02c4 E6       		.byte	-26
 738 02c5 80       		.byte	-128
 739 02c6 E8       		.byte	-24
 740 02c7 40       		.byte	64
 741 02c8 EA       		.byte	-22
ARM GAS  C:\Users\MODELA~1\AppData\Local\Temp\cc1CZZoE.s 			page 14


 742 02c9 50       		.byte	80
 743 02ca EB       		.byte	-21
 744 02cb A8       		.byte	-88
 745 02cc EC       		.byte	-20
 746 02cd 40       		.byte	64
 747 02ce ED       		.byte	-19
 748 02cf 20       		.byte	32
 749 02d0 EE       		.byte	-18
 750 02d1 50       		.byte	80
 751 02d2 EF       		.byte	-17
 752 02d3 A8       		.byte	-88
 753 02d4 00       		.byte	0
 754 02d5 10       		.byte	16
 755 02d6 10       		.byte	16
 756 02d7 20       		.byte	32
 757 02d8 18       		.byte	24
 758 02d9 10       		.byte	16
 759 02da 19       		.byte	25
 760 02db 40       		.byte	64
 761 02dc 21       		.byte	33
 762 02dd 02       		.byte	2
 763 02de 22       		.byte	34
 764 02df 04       		.byte	4
 765 02e0 24       		.byte	36
 766 02e1 04       		.byte	4
 767 02e2 25       		.byte	37
 768 02e3 10       		.byte	16
 769 02e4 31       		.byte	49
 770 02e5 02       		.byte	2
 771 02e6 39       		.byte	57
 772 02e7 80       		.byte	-128
 773 02e8 40       		.byte	64
 774 02e9 04       		.byte	4
 775 02ea 41       		.byte	65
 776 02eb 48       		.byte	72
 777 02ec 45       		.byte	69
 778 02ed 18       		.byte	24
 779 02ee 46       		.byte	70
 780 02ef 40       		.byte	64
 781 02f0 48       		.byte	72
 782 02f1 20       		.byte	32
 783 02f2 4B       		.byte	75
 784 02f3 01       		.byte	1
 785 02f4 51       		.byte	81
 786 02f5 40       		.byte	64
 787 02f6 52       		.byte	82
 788 02f7 54       		.byte	84
 789 02f8 59       		.byte	89
 790 02f9 40       		.byte	64
 791 02fa 5A       		.byte	90
 792 02fb 08       		.byte	8
 793 02fc 5B       		.byte	91
 794 02fd 20       		.byte	32
 795 02fe 62       		.byte	98
 796 02ff 14       		.byte	20
 797 0300 83       		.byte	-125
 798 0301 21       		.byte	33
ARM GAS  C:\Users\MODELA~1\AppData\Local\Temp\cc1CZZoE.s 			page 15


 799 0302 95       		.byte	-107
 800 0303 80       		.byte	-128
 801 0304 9E       		.byte	-98
 802 0305 40       		.byte	64
 803 0306 A1       		.byte	-95
 804 0307 08       		.byte	8
 805 0308 A5       		.byte	-91
 806 0309 10       		.byte	16
 807 030a B3       		.byte	-77
 808 030b 04       		.byte	4
 809 030c C0       		.byte	-64
 810 030d 02       		.byte	2
 811 030e C4       		.byte	-60
 812 030f 04       		.byte	4
 813 0310 CC       		.byte	-52
 814 0311 01       		.byte	1
 815 0312 CE       		.byte	-50
 816 0313 08       		.byte	8
 817 0314 D0       		.byte	-48
 818 0315 EE       		.byte	-18
 819 0316 D6       		.byte	-42
 820 0317 0E       		.byte	14
 821 0318 D8       		.byte	-40
 822 0319 06       		.byte	6
 823 031a EE       		.byte	-18
 824 031b 20       		.byte	32
 825 031c 10       		.byte	16
 826 031d 01       		.byte	1
 827 031e 30       		.byte	48
 828 031f 01       		.byte	1
 829 0320 3E       		.byte	62
 830 0321 01       		.byte	1
 831 0322 58       		.byte	88
 832 0323 04       		.byte	4
 833 0324 5F       		.byte	95
 834 0325 01       		.byte	1
 835 0326 85       		.byte	-123
 836 0327 80       		.byte	-128
 837 0328 87       		.byte	-121
 838 0329 13       		.byte	19
 839 032a 88       		.byte	-120
 840 032b 10       		.byte	16
 841 032c 8A       		.byte	-118
 842 032d AC       		.byte	-84
 843 032e 8C       		.byte	-116
 844 032f 09       		.byte	9
 845 0330 8E       		.byte	-114
 846 0331 D0       		.byte	-48
 847 0332 8F       		.byte	-113
 848 0333 0C       		.byte	12
 849 0334 92       		.byte	-110
 850 0335 03       		.byte	3
 851 0336 94       		.byte	-108
 852 0337 14       		.byte	20
 853 0338 99       		.byte	-103
 854 0339 71       		.byte	113
 855 033a 9B       		.byte	-101
ARM GAS  C:\Users\MODELA~1\AppData\Local\Temp\cc1CZZoE.s 			page 16


 856 033b 0E       		.byte	14
 857 033c 9C       		.byte	-100
 858 033d DC       		.byte	-36
 859 033e 9D       		.byte	-99
 860 033f 2C       		.byte	44
 861 0340 9E       		.byte	-98
 862 0341 22       		.byte	34
 863 0342 9F       		.byte	-97
 864 0343 43       		.byte	67
 865 0344 A0       		.byte	-96
 866 0345 10       		.byte	16
 867 0346 A2       		.byte	-94
 868 0347 40       		.byte	64
 869 0348 A3       		.byte	-93
 870 0349 08       		.byte	8
 871 034a A4       		.byte	-92
 872 034b 0C       		.byte	12
 873 034c A6       		.byte	-90
 874 034d 71       		.byte	113
 875 034e A9       		.byte	-87
 876 034f 71       		.byte	113
 877 0350 AA       		.byte	-86
 878 0351 20       		.byte	32
 879 0352 AB       		.byte	-85
 880 0353 06       		.byte	6
 881 0354 B0       		.byte	-80
 882 0355 1F       		.byte	31
 883 0356 B1       		.byte	-79
 884 0357 C0       		.byte	-64
 885 0358 B3       		.byte	-77
 886 0359 30       		.byte	48
 887 035a B4       		.byte	-76
 888 035b E0       		.byte	-32
 889 035c B7       		.byte	-73
 890 035d 0F       		.byte	15
 891 035e B9       		.byte	-71
 892 035f 0A       		.byte	10
 893 0360 BA       		.byte	-70
 894 0361 20       		.byte	32
 895 0362 BB       		.byte	-69
 896 0363 80       		.byte	-128
 897 0364 BF       		.byte	-65
 898 0365 04       		.byte	4
 899 0366 C0       		.byte	-64
 900 0367 03       		.byte	3
 901 0368 C5       		.byte	-59
 902 0369 40       		.byte	64
 903 036a C9       		.byte	-55
 904 036b FF       		.byte	-1
 905 036c CA       		.byte	-54
 906 036d 07       		.byte	7
 907 036e CB       		.byte	-53
 908 036f FF       		.byte	-1
 909 0370 CC       		.byte	-52
 910 0371 40       		.byte	64
 911 0372 CD       		.byte	-51
 912 0373 20       		.byte	32
ARM GAS  C:\Users\MODELA~1\AppData\Local\Temp\cc1CZZoE.s 			page 17


 913 0374 CE       		.byte	-50
 914 0375 F0       		.byte	-16
 915 0376 CF       		.byte	-49
 916 0377 05       		.byte	5
 917 0378 D0       		.byte	-48
 918 0379 08       		.byte	8
 919 037a D8       		.byte	-40
 920 037b 04       		.byte	4
 921 037c D9       		.byte	-39
 922 037d 04       		.byte	4
 923 037e DA       		.byte	-38
 924 037f 04       		.byte	4
 925 0380 DC       		.byte	-36
 926 0381 22       		.byte	34
 927 0382 DD       		.byte	-35
 928 0383 02       		.byte	2
 929 0384 DF       		.byte	-33
 930 0385 01       		.byte	1
 931 0386 E0       		.byte	-32
 932 0387 40       		.byte	64
 933 0388 E1       		.byte	-31
 934 0389 A8       		.byte	-88
 935 038a E2       		.byte	-30
 936 038b 40       		.byte	64
 937 038c E3       		.byte	-29
 938 038d 20       		.byte	32
 939 038e 00       		.byte	0
 940 038f 40       		.byte	64
 941 0390 01       		.byte	1
 942 0391 20       		.byte	32
 943 0392 09       		.byte	9
 944 0393 80       		.byte	-128
 945 0394 0A       		.byte	10
 946 0395 40       		.byte	64
 947 0396 0B       		.byte	11
 948 0397 20       		.byte	32
 949 0398 0E       		.byte	14
 950 0399 40       		.byte	64
 951 039a 10       		.byte	16
 952 039b 90       		.byte	-112
 953 039c 12       		.byte	18
 954 039d 04       		.byte	4
 955 039e 19       		.byte	25
 956 039f 10       		.byte	16
 957 03a0 1A       		.byte	26
 958 03a1 40       		.byte	64
 959 03a2 1D       		.byte	29
 960 03a3 01       		.byte	1
 961 03a4 20       		.byte	32
 962 03a5 40       		.byte	64
 963 03a6 21       		.byte	33
 964 03a7 84       		.byte	-124
 965 03a8 22       		.byte	34
 966 03a9 40       		.byte	64
 967 03aa 29       		.byte	41
 968 03ab 22       		.byte	34
 969 03ac 30       		.byte	48
ARM GAS  C:\Users\MODELA~1\AppData\Local\Temp\cc1CZZoE.s 			page 18


 970 03ad 10       		.byte	16
 971 03ae 31       		.byte	49
 972 03af 90       		.byte	-112
 973 03b0 38       		.byte	56
 974 03b1 48       		.byte	72
 975 03b2 41       		.byte	65
 976 03b3 04       		.byte	4
 977 03b4 48       		.byte	72
 978 03b5 80       		.byte	-128
 979 03b6 49       		.byte	73
 980 03b7 02       		.byte	2
 981 03b8 50       		.byte	80
 982 03b9 04       		.byte	4
 983 03ba 51       		.byte	81
 984 03bb 08       		.byte	8
 985 03bc 52       		.byte	82
 986 03bd 04       		.byte	4
 987 03be C0       		.byte	-64
 988 03bf 03       		.byte	3
 989 03c0 C2       		.byte	-62
 990 03c1 1D       		.byte	29
 991 03c2 C4       		.byte	-60
 992 03c3 0E       		.byte	14
 993 03c4 CA       		.byte	-54
 994 03c5 05       		.byte	5
 995 03c6 CC       		.byte	-52
 996 03c7 0C       		.byte	12
 997 03c8 CE       		.byte	-50
 998 03c9 0A       		.byte	10
 999 03ca D0       		.byte	-48
 1000 03cb 02       		.byte	2
 1001 03cc EE       		.byte	-18
 1002 03cd 08       		.byte	8
 1003 03ce E6       		.byte	-26
 1004 03cf 04       		.byte	4
 1005 03d0 2E       		.byte	46
 1006 03d1 01       		.byte	1
 1007 03d2 34       		.byte	52
 1008 03d3 01       		.byte	1
 1009 03d4 36       		.byte	54
 1010 03d5 01       		.byte	1
 1011 03d6 40       		.byte	64
 1012 03d7 10       		.byte	16
 1013 03d8 41       		.byte	65
 1014 03d9 04       		.byte	4
 1015 03da 49       		.byte	73
 1016 03db FF       		.byte	-1
 1017 03dc 4A       		.byte	74
 1018 03dd FF       		.byte	-1
 1019 03de 4B       		.byte	75
 1020 03df FF       		.byte	-1
 1021 03e0 4D       		.byte	77
 1022 03e1 A0       		.byte	-96
 1023 03e2 4F       		.byte	79
 1024 03e3 04       		.byte	4
 1025 03e4 50       		.byte	80
 1026 03e5 18       		.byte	24
ARM GAS  C:\Users\MODELA~1\AppData\Local\Temp\cc1CZZoE.s 			page 19


 1027 03e6 52       		.byte	82
 1028 03e7 80       		.byte	-128
 1029 03e8 58       		.byte	88
 1030 03e9 04       		.byte	4
 1031 03ea 5A       		.byte	90
 1032 03eb 04       		.byte	4
 1033 03ec 5B       		.byte	91
 1034 03ed 04       		.byte	4
 1035 03ee 5C       		.byte	92
 1036 03ef 01       		.byte	1
 1037 03f0 5D       		.byte	93
 1038 03f1 11       		.byte	17
 1039 03f2 5F       		.byte	95
 1040 03f3 01       		.byte	1
 1041 03f4 60       		.byte	96
 1042 03f5 40       		.byte	64
 1043 03f6 62       		.byte	98
 1044 03f7 C0       		.byte	-64
 1045 03f8 64       		.byte	100
 1046 03f9 40       		.byte	64
 1047 03fa 65       		.byte	101
 1048 03fb 40       		.byte	64
 1049 03fc 66       		.byte	102
 1050 03fd C0       		.byte	-64
 1051 03fe 68       		.byte	104
 1052 03ff C0       		.byte	-64
 1053 0400 6A       		.byte	106
 1054 0401 C0       		.byte	-64
 1055 0402 6C       		.byte	108
 1056 0403 C0       		.byte	-64
 1057 0404 6E       		.byte	110
 1058 0405 C0       		.byte	-64
 1059 0406 82       		.byte	-126
 1060 0407 04       		.byte	4
 1061 0408 94       		.byte	-108
 1062 0409 02       		.byte	2
 1063 040a 9E       		.byte	-98
 1064 040b 04       		.byte	4
 1065 040c A6       		.byte	-90
 1066 040d 03       		.byte	3
 1067 040e B0       		.byte	-80
 1068 040f 02       		.byte	2
 1069 0410 B2       		.byte	-78
 1070 0411 01       		.byte	1
 1071 0412 B4       		.byte	-76
 1072 0413 04       		.byte	4
 1073 0414 BE       		.byte	-66
 1074 0415 10       		.byte	16
 1075 0416 C0       		.byte	-64
 1076 0417 60       		.byte	96
 1077 0418 C1       		.byte	-63
 1078 0419 04       		.byte	4
 1079 041a C5       		.byte	-59
 1080 041b D0       		.byte	-48
 1081 041c C6       		.byte	-58
 1082 041d 12       		.byte	18
 1083 041e C8       		.byte	-56
ARM GAS  C:\Users\MODELA~1\AppData\Local\Temp\cc1CZZoE.s 			page 20


 1084 041f 0E       		.byte	14
 1085 0420 C9       		.byte	-55
 1086 0421 FF       		.byte	-1
 1087 0422 CA       		.byte	-54
 1088 0423 FF       		.byte	-1
 1089 0424 CB       		.byte	-53
 1090 0425 FF       		.byte	-1
 1091 0426 CD       		.byte	-51
 1092 0427 AF       		.byte	-81
 1093 0428 CE       		.byte	-50
 1094 0429 0F       		.byte	15
 1095 042a CF       		.byte	-49
 1096 042b 04       		.byte	4
 1097 042c D0       		.byte	-48
 1098 042d 18       		.byte	24
 1099 042e D4       		.byte	-44
 1100 042f 05       		.byte	5
 1101 0430 D8       		.byte	-40
 1102 0431 04       		.byte	4
 1103 0432 DA       		.byte	-38
 1104 0433 04       		.byte	4
 1105 0434 DB       		.byte	-37
 1106 0435 04       		.byte	4
 1107 0436 DC       		.byte	-36
 1108 0437 01       		.byte	1
 1109 0438 DD       		.byte	-35
 1110 0439 11       		.byte	17
 1111 043a DF       		.byte	-33
 1112 043b 01       		.byte	1
 1113 043c E0       		.byte	-32
 1114 043d 40       		.byte	64
 1115 043e E2       		.byte	-30
 1116 043f C0       		.byte	-64
 1117 0440 E4       		.byte	-28
 1118 0441 40       		.byte	64
 1119 0442 E5       		.byte	-27
 1120 0443 40       		.byte	64
 1121 0444 E6       		.byte	-26
 1122 0445 C0       		.byte	-64
 1123 0446 E8       		.byte	-24
 1124 0447 C0       		.byte	-64
 1125 0448 EA       		.byte	-22
 1126 0449 C0       		.byte	-64
 1127 044a EC       		.byte	-20
 1128 044b C0       		.byte	-64
 1129 044c EE       		.byte	-18
 1130 044d C0       		.byte	-64
 1131 044e 06       		.byte	6
 1132 044f 80       		.byte	-128
 1133 0450 0E       		.byte	14
 1134 0451 11       		.byte	17
 1135 0452 10       		.byte	16
 1136 0453 02       		.byte	2
 1137 0454 16       		.byte	22
 1138 0455 20       		.byte	32
 1139 0456 18       		.byte	24
 1140 0457 01       		.byte	1
ARM GAS  C:\Users\MODELA~1\AppData\Local\Temp\cc1CZZoE.s 			page 21


 1141 0458 1A       		.byte	26
 1142 0459 01       		.byte	1
 1143 045a 1B       		.byte	27
 1144 045b 10       		.byte	16
 1145 045c 1E       		.byte	30
 1146 045d 58       		.byte	88
 1147 045e 40       		.byte	64
 1148 045f 01       		.byte	1
 1149 0460 42       		.byte	66
 1150 0461 80       		.byte	-128
 1151 0462 46       		.byte	70
 1152 0463 80       		.byte	-128
 1153 0464 4F       		.byte	79
 1154 0465 21       		.byte	33
 1155 0466 56       		.byte	86
 1156 0467 A0       		.byte	-96
 1157 0468 5E       		.byte	94
 1158 0469 48       		.byte	72
 1159 046a 5F       		.byte	95
 1160 046b 01       		.byte	1
 1161 046c 70       		.byte	112
 1162 046d 02       		.byte	2
 1163 046e C0       		.byte	-64
 1164 046f 10       		.byte	16
 1165 0470 C2       		.byte	-62
 1166 0471 A0       		.byte	-96
 1167 0472 C4       		.byte	-60
 1168 0473 21       		.byte	33
 1169 0474 D0       		.byte	-48
 1170 0475 89       		.byte	-119
 1171 0476 D2       		.byte	-46
 1172 0477 20       		.byte	32
 1173 0478 D6       		.byte	-42
 1174 0479 D0       		.byte	-48
 1175 047a E8       		.byte	-24
 1176 047b 10       		.byte	16
 1177 047c 3B       		.byte	59
 1178 047d 80       		.byte	-128
 1179 047e 59       		.byte	89
 1180 047f 04       		.byte	4
 1181 0480 5C       		.byte	92
 1182 0481 20       		.byte	32
 1183 0482 5F       		.byte	95
 1184 0483 01       		.byte	1
 1185 0484 80       		.byte	-128
 1186 0485 03       		.byte	3
 1187 0486 81       		.byte	-127
 1188 0487 80       		.byte	-128
 1189 0488 82       		.byte	-126
 1190 0489 14       		.byte	20
 1191 048a 84       		.byte	-124
 1192 048b 13       		.byte	19
 1193 048c 86       		.byte	-122
 1194 048d 0C       		.byte	12
 1195 048e 87       		.byte	-121
 1196 048f 32       		.byte	50
 1197 0490 88       		.byte	-120
ARM GAS  C:\Users\MODELA~1\AppData\Local\Temp\cc1CZZoE.s 			page 22


 1198 0491 20       		.byte	32
 1199 0492 89       		.byte	-119
 1200 0493 4C       		.byte	76
 1201 0494 8B       		.byte	-117
 1202 0495 12       		.byte	18
 1203 0496 8D       		.byte	-115
 1204 0497 4C       		.byte	76
 1205 0498 8E       		.byte	-114
 1206 0499 08       		.byte	8
 1207 049a 8F       		.byte	-113
 1208 049b 22       		.byte	34
 1209 049c 90       		.byte	-112
 1210 049d 0A       		.byte	10
 1211 049e 92       		.byte	-110
 1212 049f 14       		.byte	20
 1213 04a0 93       		.byte	-109
 1214 04a1 40       		.byte	64
 1215 04a2 95       		.byte	-107
 1216 04a3 0C       		.byte	12
 1217 04a4 96       		.byte	-106
 1218 04a5 20       		.byte	32
 1219 04a6 99       		.byte	-103
 1220 04a7 04       		.byte	4
 1221 04a8 9C       		.byte	-100
 1222 04a9 20       		.byte	32
 1223 04aa 9D       		.byte	-99
 1224 04ab 7E       		.byte	126
 1225 04ac A1       		.byte	-95
 1226 04ad 08       		.byte	8
 1227 04ae A2       		.byte	-94
 1228 04af 20       		.byte	32
 1229 04b0 A4       		.byte	-92
 1230 04b1 13       		.byte	19
 1231 04b2 A5       		.byte	-91
 1232 04b3 40       		.byte	64
 1233 04b4 A6       		.byte	-90
 1234 04b5 04       		.byte	4
 1235 04b6 A7       		.byte	-89
 1236 04b7 01       		.byte	1
 1237 04b8 A9       		.byte	-87
 1238 04b9 72       		.byte	114
 1239 04ba AA       		.byte	-86
 1240 04bb 15       		.byte	21
 1241 04bc AB       		.byte	-85
 1242 04bd 0C       		.byte	12
 1243 04be B0       		.byte	-80
 1244 04bf 10       		.byte	16
 1245 04c0 B1       		.byte	-79
 1246 04c1 01       		.byte	1
 1247 04c2 B2       		.byte	-78
 1248 04c3 20       		.byte	32
 1249 04c4 B3       		.byte	-77
 1250 04c5 80       		.byte	-128
 1251 04c6 B4       		.byte	-76
 1252 04c7 0F       		.byte	15
 1253 04c8 B5       		.byte	-75
 1254 04c9 0E       		.byte	14
ARM GAS  C:\Users\MODELA~1\AppData\Local\Temp\cc1CZZoE.s 			page 23


 1255 04ca B7       		.byte	-73
 1256 04cb 7C       		.byte	124
 1257 04cc B8       		.byte	-72
 1258 04cd 08       		.byte	8
 1259 04ce BA       		.byte	-70
 1260 04cf 20       		.byte	32
 1261 04d0 BB       		.byte	-69
 1262 04d1 A0       		.byte	-96
 1263 04d2 BE       		.byte	-66
 1264 04d3 01       		.byte	1
 1265 04d4 BF       		.byte	-65
 1266 04d5 04       		.byte	4
 1267 04d6 C0       		.byte	-64
 1268 04d7 23       		.byte	35
 1269 04d8 C1       		.byte	-63
 1270 04d9 06       		.byte	6
 1271 04da C5       		.byte	-59
 1272 04db E0       		.byte	-32
 1273 04dc C6       		.byte	-58
 1274 04dd BC       		.byte	-68
 1275 04de C8       		.byte	-56
 1276 04df 0E       		.byte	14
 1277 04e0 C9       		.byte	-55
 1278 04e1 FF       		.byte	-1
 1279 04e2 CA       		.byte	-54
 1280 04e3 FF       		.byte	-1
 1281 04e4 CB       		.byte	-53
 1282 04e5 FF       		.byte	-1
 1283 04e6 CE       		.byte	-50
 1284 04e7 F0       		.byte	-16
 1285 04e8 CF       		.byte	-49
 1286 04e9 44       		.byte	68
 1287 04ea D0       		.byte	-48
 1288 04eb 0C       		.byte	12
 1289 04ec D4       		.byte	-44
 1290 04ed 01       		.byte	1
 1291 04ee D8       		.byte	-40
 1292 04ef 04       		.byte	4
 1293 04f0 D9       		.byte	-39
 1294 04f1 04       		.byte	4
 1295 04f2 DA       		.byte	-38
 1296 04f3 04       		.byte	4
 1297 04f4 DB       		.byte	-37
 1298 04f5 04       		.byte	4
 1299 04f6 DC       		.byte	-36
 1300 04f7 22       		.byte	34
 1301 04f8 DD       		.byte	-35
 1302 04f9 22       		.byte	34
 1303 04fa DF       		.byte	-33
 1304 04fb 01       		.byte	1
 1305 04fc E6       		.byte	-26
 1306 04fd C0       		.byte	-64
 1307 04fe EA       		.byte	-22
 1308 04ff 40       		.byte	64
 1309 0500 EB       		.byte	-21
 1310 0501 02       		.byte	2
 1311 0502 00       		.byte	0
ARM GAS  C:\Users\MODELA~1\AppData\Local\Temp\cc1CZZoE.s 			page 24


 1312 0503 50       		.byte	80
 1313 0504 02       		.byte	2
 1314 0505 40       		.byte	64
 1315 0506 03       		.byte	3
 1316 0507 28       		.byte	40
 1317 0508 09       		.byte	9
 1318 0509 40       		.byte	64
 1319 050a 0A       		.byte	10
 1320 050b A0       		.byte	-96
 1321 050c 10       		.byte	16
 1322 050d 10       		.byte	16
 1323 050e 12       		.byte	18
 1324 050f 04       		.byte	4
 1325 0510 13       		.byte	19
 1326 0511 01       		.byte	1
 1327 0512 19       		.byte	25
 1328 0513 20       		.byte	32
 1329 0514 1A       		.byte	26
 1330 0515 40       		.byte	64
 1331 0516 1B       		.byte	27
 1332 0517 24       		.byte	36
 1333 0518 21       		.byte	33
 1334 0519 50       		.byte	80
 1335 051a 22       		.byte	34
 1336 051b 15       		.byte	21
 1337 051c 23       		.byte	35
 1338 051d 05       		.byte	5
 1339 051e 25       		.byte	37
 1340 051f 40       		.byte	64
 1341 0520 26       		.byte	38
 1342 0521 80       		.byte	-128
 1343 0522 28       		.byte	40
 1344 0523 20       		.byte	32
 1345 0524 2A       		.byte	42
 1346 0525 02       		.byte	2
 1347 0526 2B       		.byte	43
 1348 0527 08       		.byte	8
 1349 0528 30       		.byte	48
 1350 0529 28       		.byte	40
 1351 052a 32       		.byte	50
 1352 052b 81       		.byte	-127
 1353 052c 38       		.byte	56
 1354 052d 04       		.byte	4
 1355 052e 39       		.byte	57
 1356 052f A0       		.byte	-96
 1357 0530 3B       		.byte	59
 1358 0531 02       		.byte	2
 1359 0532 41       		.byte	65
 1360 0533 08       		.byte	8
 1361 0534 43       		.byte	67
 1362 0535 20       		.byte	32
 1363 0536 49       		.byte	73
 1364 0537 11       		.byte	17
 1365 0538 4B       		.byte	75
 1366 0539 02       		.byte	2
 1367 053a 50       		.byte	80
 1368 053b 40       		.byte	64
ARM GAS  C:\Users\MODELA~1\AppData\Local\Temp\cc1CZZoE.s 			page 25


 1369 053c 52       		.byte	82
 1370 053d 40       		.byte	64
 1371 053e 53       		.byte	83
 1372 053f 10       		.byte	16
 1373 0540 59       		.byte	89
 1374 0541 01       		.byte	1
 1375 0542 5A       		.byte	90
 1376 0543 48       		.byte	72
 1377 0544 5B       		.byte	91
 1378 0545 20       		.byte	32
 1379 0546 90       		.byte	-112
 1380 0547 40       		.byte	64
 1381 0548 92       		.byte	-110
 1382 0549 80       		.byte	-128
 1383 054a 97       		.byte	-105
 1384 054b 20       		.byte	32
 1385 054c 98       		.byte	-104
 1386 054d 10       		.byte	16
 1387 054e 99       		.byte	-103
 1388 054f 10       		.byte	16
 1389 0550 9A       		.byte	-102
 1390 0551 04       		.byte	4
 1391 0552 9D       		.byte	-99
 1392 0553 20       		.byte	32
 1393 0554 A1       		.byte	-95
 1394 0555 08       		.byte	8
 1395 0556 B5       		.byte	-75
 1396 0557 01       		.byte	1
 1397 0558 C0       		.byte	-64
 1398 0559 0F       		.byte	15
 1399 055a C2       		.byte	-62
 1400 055b 0D       		.byte	13
 1401 055c C4       		.byte	-60
 1402 055d 0E       		.byte	14
 1403 055e CA       		.byte	-54
 1404 055f 07       		.byte	7
 1405 0560 CC       		.byte	-52
 1406 0561 0F       		.byte	15
 1407 0562 CE       		.byte	-50
 1408 0563 0F       		.byte	15
 1409 0564 D0       		.byte	-48
 1410 0565 06       		.byte	6
 1411 0566 D2       		.byte	-46
 1412 0567 04       		.byte	4
 1413 0568 D6       		.byte	-42
 1414 0569 0F       		.byte	15
 1415 056a 8A       		.byte	-118
 1416 056b 01       		.byte	1
 1417 056c 92       		.byte	-110
 1418 056d 02       		.byte	2
 1419 056e 9A       		.byte	-102
 1420 056f 01       		.byte	1
 1421 0570 AE       		.byte	-82
 1422 0571 02       		.byte	2
 1423 0572 B0       		.byte	-80
 1424 0573 02       		.byte	2
 1425 0574 B2       		.byte	-78
ARM GAS  C:\Users\MODELA~1\AppData\Local\Temp\cc1CZZoE.s 			page 26


 1426 0575 01       		.byte	1
 1427 0576 BE       		.byte	-66
 1428 0577 05       		.byte	5
 1429 0578 D4       		.byte	-44
 1430 0579 18       		.byte	24
 1431 057a D8       		.byte	-40
 1432 057b 04       		.byte	4
 1433 057c DB       		.byte	-37
 1434 057d 04       		.byte	4
 1435 057e DD       		.byte	-35
 1436 057f 20       		.byte	32
 1437 0580 DF       		.byte	-33
 1438 0581 01       		.byte	1
 1439 0582 00       		.byte	0
 1440 0583 16       		.byte	22
 1441 0584 01       		.byte	1
 1442 0585 40       		.byte	64
 1443 0586 02       		.byte	2
 1444 0587 80       		.byte	-128
 1445 0588 04       		.byte	4
 1446 0589 20       		.byte	32
 1447 058a 09       		.byte	9
 1448 058b 08       		.byte	8
 1449 058c 0B       		.byte	11
 1450 058d 45       		.byte	69
 1451 058e 0D       		.byte	13
 1452 058f 01       		.byte	1
 1453 0590 0F       		.byte	15
 1454 0591 88       		.byte	-120
 1455 0592 10       		.byte	16
 1456 0593 A8       		.byte	-88
 1457 0594 15       		.byte	21
 1458 0595 80       		.byte	-128
 1459 0596 18       		.byte	24
 1460 0597 10       		.byte	16
 1461 0598 19       		.byte	25
 1462 0599 12       		.byte	18
 1463 059a 1B       		.byte	27
 1464 059b 40       		.byte	64
 1465 059c 1F       		.byte	31
 1466 059d 05       		.byte	5
 1467 059e 20       		.byte	32
 1468 059f 45       		.byte	69
 1469 05a0 21       		.byte	33
 1470 05a1 08       		.byte	8
 1471 05a2 23       		.byte	35
 1472 05a3 40       		.byte	64
 1473 05a4 31       		.byte	49
 1474 05a5 08       		.byte	8
 1475 05a6 32       		.byte	50
 1476 05a7 40       		.byte	64
 1477 05a8 38       		.byte	56
 1478 05a9 42       		.byte	66
 1479 05aa 39       		.byte	57
 1480 05ab 14       		.byte	20
 1481 05ac 40       		.byte	64
 1482 05ad 15       		.byte	21
ARM GAS  C:\Users\MODELA~1\AppData\Local\Temp\cc1CZZoE.s 			page 27


 1483 05ae 41       		.byte	65
 1484 05af 01       		.byte	1
 1485 05b0 48       		.byte	72
 1486 05b1 01       		.byte	1
 1487 05b2 50       		.byte	80
 1488 05b3 10       		.byte	16
 1489 05b4 51       		.byte	81
 1490 05b5 40       		.byte	64
 1491 05b6 59       		.byte	89
 1492 05b7 10       		.byte	16
 1493 05b8 5D       		.byte	93
 1494 05b9 02       		.byte	2
 1495 05ba 67       		.byte	103
 1496 05bb 0A       		.byte	10
 1497 05bc 69       		.byte	105
 1498 05bd 14       		.byte	20
 1499 05be 6A       		.byte	106
 1500 05bf 80       		.byte	-128
 1501 05c0 70       		.byte	112
 1502 05c1 A8       		.byte	-88
 1503 05c2 72       		.byte	114
 1504 05c3 02       		.byte	2
 1505 05c4 8C       		.byte	-116
 1506 05c5 21       		.byte	33
 1507 05c6 8D       		.byte	-115
 1508 05c7 40       		.byte	64
 1509 05c8 93       		.byte	-109
 1510 05c9 05       		.byte	5
 1511 05ca 94       		.byte	-108
 1512 05cb 14       		.byte	20
 1513 05cc 9C       		.byte	-100
 1514 05cd 20       		.byte	32
 1515 05ce 9E       		.byte	-98
 1516 05cf 02       		.byte	2
 1517 05d0 A2       		.byte	-94
 1518 05d1 80       		.byte	-128
 1519 05d2 A3       		.byte	-93
 1520 05d3 04       		.byte	4
 1521 05d4 A4       		.byte	-92
 1522 05d5 28       		.byte	40
 1523 05d6 B4       		.byte	-76
 1524 05d7 40       		.byte	64
 1525 05d8 B7       		.byte	-73
 1526 05d9 20       		.byte	32
 1527 05da C0       		.byte	-64
 1528 05db 4F       		.byte	79
 1529 05dc C2       		.byte	-62
 1530 05dd 5F       		.byte	95
 1531 05de C4       		.byte	-60
 1532 05df 8E       		.byte	-114
 1533 05e0 CC       		.byte	-52
 1534 05e1 0A       		.byte	10
 1535 05e2 CE       		.byte	-50
 1536 05e3 0F       		.byte	15
 1537 05e4 D0       		.byte	-48
 1538 05e5 0F       		.byte	15
 1539 05e6 D2       		.byte	-46
ARM GAS  C:\Users\MODELA~1\AppData\Local\Temp\cc1CZZoE.s 			page 28


 1540 05e7 08       		.byte	8
 1541 05e8 D6       		.byte	-42
 1542 05e9 84       		.byte	-124
 1543 05ea D8       		.byte	-40
 1544 05eb 30       		.byte	48
 1545 05ec E8       		.byte	-24
 1546 05ed 10       		.byte	16
 1547 05ee 33       		.byte	51
 1548 05ef 84       		.byte	-124
 1549 05f0 36       		.byte	54
 1550 05f1 10       		.byte	16
 1551 05f2 37       		.byte	55
 1552 05f3 08       		.byte	8
 1553 05f4 CC       		.byte	-52
 1554 05f5 F0       		.byte	-16
 1555 05f6 53       		.byte	83
 1556 05f7 01       		.byte	1
 1557 05f8 83       		.byte	-125
 1558 05f9 01       		.byte	1
 1559 05fa 9F       		.byte	-97
 1560 05fb 0C       		.byte	12
 1561 05fc A6       		.byte	-90
 1562 05fd 10       		.byte	16
 1563 05fe A7       		.byte	-89
 1564 05ff 80       		.byte	-128
 1565 0600 D4       		.byte	-44
 1566 0601 80       		.byte	-128
 1567 0602 E6       		.byte	-26
 1568 0603 20       		.byte	32
 1569 0604 13       		.byte	19
 1570 0605 08       		.byte	8
 1571 0606 50       		.byte	80
 1572 0607 08       		.byte	8
 1573 0608 53       		.byte	83
 1574 0609 80       		.byte	-128
 1575 060a 5B       		.byte	91
 1576 060b 06       		.byte	6
 1577 060c 87       		.byte	-121
 1578 060d 02       		.byte	2
 1579 060e 9A       		.byte	-102
 1580 060f 02       		.byte	2
 1581 0610 9F       		.byte	-97
 1582 0611 0C       		.byte	12
 1583 0612 A7       		.byte	-89
 1584 0613 80       		.byte	-128
 1585 0614 AE       		.byte	-82
 1586 0615 12       		.byte	18
 1587 0616 C4       		.byte	-60
 1588 0617 10       		.byte	16
 1589 0618 D4       		.byte	-44
 1590 0619 20       		.byte	32
 1591 061a D6       		.byte	-42
 1592 061b 40       		.byte	64
 1593 061c E6       		.byte	-26
 1594 061d 40       		.byte	64
 1595 061e EE       		.byte	-18
 1596 061f 10       		.byte	16
ARM GAS  C:\Users\MODELA~1\AppData\Local\Temp\cc1CZZoE.s 			page 29


 1597 0620 72       		.byte	114
 1598 0621 02       		.byte	2
 1599 0622 9A       		.byte	-102
 1600 0623 02       		.byte	2
 1601 0624 B0       		.byte	-80
 1602 0625 08       		.byte	8
 1603 0626 DC       		.byte	-36
 1604 0627 20       		.byte	32
 1605 0628 01       		.byte	1
 1606 0629 10       		.byte	16
 1607 062a 81       		.byte	-127
 1608 062b 40       		.byte	64
 1609 062c C0       		.byte	-64
 1610 062d 02       		.byte	2
 1611 062e 01       		.byte	1
 1612 062f 40       		.byte	64
 1613 0630 95       		.byte	-107
 1614 0631 40       		.byte	64
 1615 0632 AD       		.byte	-83
 1616 0633 10       		.byte	16
 1617 0634 C0       		.byte	-64
 1618 0635 02       		.byte	2
 1619 0636 40       		.byte	64
 1620 0637 02       		.byte	2
 1621 0638 D0       		.byte	-48
 1622 0639 08       		.byte	8
 1623 063a 24       		.byte	36
 1624 063b 08       		.byte	8
 1625 063c C8       		.byte	-56
 1626 063d 20       		.byte	32
 1627 063e B4       		.byte	-76
 1628 063f 04       		.byte	4
 1629 0640 9C       		.byte	-100
 1630 0641 02       		.byte	2
 1631 0642 A0       		.byte	-96
 1632 0643 02       		.byte	2
 1633 0644 B4       		.byte	-76
 1634 0645 02       		.byte	2
 1635 0646 EC       		.byte	-20
 1636 0647 02       		.byte	2
 1637 0648 12       		.byte	18
 1638 0649 80       		.byte	-128
 1639 064a 74       		.byte	116
 1640 064b 02       		.byte	2
 1641 064c 8E       		.byte	-114
 1642 064d 80       		.byte	-128
 1643 064e A0       		.byte	-96
 1644 064f 02       		.byte	2
 1645 0650 B4       		.byte	-76
 1646 0651 02       		.byte	2
 1647 0652 C4       		.byte	-60
 1648 0653 08       		.byte	8
 1649 0654 DE       		.byte	-34
 1650 0655 04       		.byte	4
 1651 0656 E2       		.byte	-30
 1652 0657 02       		.byte	2
 1653 0658 E8       		.byte	-24
ARM GAS  C:\Users\MODELA~1\AppData\Local\Temp\cc1CZZoE.s 			page 30


 1654 0659 08       		.byte	8
 1655 065a 00       		.byte	0
 1656 065b 05       		.byte	5
 1657 065c 08       		.byte	8
 1658 065d 01       		.byte	1
 1659 065e 0A       		.byte	10
 1660 065f 01       		.byte	1
 1661 0660 0C       		.byte	12
 1662 0661 04       		.byte	4
 1663 0662 10       		.byte	16
 1664 0663 06       		.byte	6
 1665 0664 1A       		.byte	26
 1666 0665 02       		.byte	2
 1667 0666 1C       		.byte	28
 1668 0667 04       		.byte	4
 1669 0668 00       		.byte	0
 1670 0669 BF       		.byte	-65
 1671 066a 00       		.byte	0
 1672 066b 00       		.byte	0
 1673 066c 80       		.byte	-128
 1674 066d 88       		.byte	-120
 1675 066e 00       		.byte	0
 1676 066f 00       		.byte	0
 1677 0670 40       		.byte	64
 1678 0671 00       		.byte	0
 1679 0672 00       		.byte	0
 1680 0673 00       		.byte	0
 1681 0674 FF       		.byte	-1
 1682 0675 22       		.byte	34
 1683 0676 00       		.byte	0
 1684 0677 51       		.byte	81
 1685 0678 00       		.byte	0
 1686 0679 E7       		.byte	-25
 1687 067a CB       		.byte	-53
 1688 067b 00       		.byte	0
 1689 067c CF       		.byte	-49
 1690 067d E7       		.byte	-25
 1691 067e 30       		.byte	48
 1692 067f 00       		.byte	0
 1693 0680 41       		.byte	65
 1694 0681 01       		.byte	1
 1695 0682 00       		.byte	0
 1696 0683 0E       		.byte	14
 1697 0684 C3       		.byte	-61
 1698 0685 00       		.byte	0
 1699 0686 00       		.byte	0
 1700 0687 00       		.byte	0
 1701 0688 82       		.byte	-126
 1702 0689 44       		.byte	68
 1703 068a 00       		.byte	0
 1704 068b 31       		.byte	49
 1705 068c F4       		.byte	-12
 1706 068d 00       		.byte	0
 1707 068e 0B       		.byte	11
 1708 068f 00       		.byte	0
 1709 0690 3C       		.byte	60
 1710 0691 80       		.byte	-128
ARM GAS  C:\Users\MODELA~1\AppData\Local\Temp\cc1CZZoE.s 			page 31


 1711 0692 C3       		.byte	-61
 1712 0693 00       		.byte	0
 1713 0694 20       		.byte	32
 1714 0695 00       		.byte	0
 1715 0696 00       		.byte	0
 1716 0697 00       		.byte	0
 1717 0698 10       		.byte	16
 1718 0699 00       		.byte	0
 1719 069a 00       		.byte	0
 1720 069b 00       		.byte	0
 1721 069c 30       		.byte	48
 1722 069d 00       		.byte	0
 1723 069e 00       		.byte	0
 1724 069f 00       		.byte	0
 1725 06a0 00       		.byte	0
 1726 06a1 00       		.byte	0
 1727 06a2 00       		.byte	0
 1728 06a3 00       		.byte	0
 1729 06a4 03       		.byte	3
 1730 06a5 07       		.byte	7
 1731 06a6 F0       		.byte	-16
 1732 06a7 60       		.byte	96
 1733 06a8 04       		.byte	4
 1734 06a9 80       		.byte	-128
 1735 06aa 38       		.byte	56
 1736 06ab 18       		.byte	24
 1737 06ac 00       		.byte	0
 1738 06ad 00       		.byte	0
 1739 06ae 08       		.byte	8
 1740 06af 00       		.byte	0
 1741 06b0 00       		.byte	0
 1742 06b1 00       		.byte	0
 1743 06b2 10       		.byte	16
 1744 06b3 40       		.byte	64
 1745 06b4 32       		.byte	50
 1746 06b5 05       		.byte	5
 1747 06b6 04       		.byte	4
 1748 06b7 00       		.byte	0
 1749 06b8 01       		.byte	1
 1750 06b9 00       		.byte	0
 1751 06ba EC       		.byte	-20
 1752 06bb 00       		.byte	0
 1753 06bc 0C       		.byte	12
 1754 06bd FF       		.byte	-1
 1755 06be FF       		.byte	-1
 1756 06bf FF       		.byte	-1
 1757 06c0 62       		.byte	98
 1758 06c1 A0       		.byte	-96
 1759 06c2 F0       		.byte	-16
 1760 06c3 41       		.byte	65
 1761 06c4 0C       		.byte	12
 1762 06c5 00       		.byte	0
 1763 06c6 00       		.byte	0
 1764 06c7 00       		.byte	0
 1765 06c8 00       		.byte	0
 1766 06c9 00       		.byte	0
 1767 06ca 02       		.byte	2
ARM GAS  C:\Users\MODELA~1\AppData\Local\Temp\cc1CZZoE.s 			page 32


 1768 06cb 11       		.byte	17
 1769 06cc 04       		.byte	4
 1770 06cd 04       		.byte	4
 1771 06ce 04       		.byte	4
 1772 06cf 04       		.byte	4
 1773 06d0 22       		.byte	34
 1774 06d1 22       		.byte	34
 1775 06d2 00       		.byte	0
 1776 06d3 01       		.byte	1
 1777 06d4 00       		.byte	0
 1778 06d5 00       		.byte	0
 1779 06d6 00       		.byte	0
 1780 06d7 00       		.byte	0
 1781 06d8 00       		.byte	0
 1782 06d9 00       		.byte	0
 1783 06da 40       		.byte	64
 1784 06db 02       		.byte	2
 1785 06dc 00       		.byte	0
 1786 06dd 10       		.byte	16
 1787 06de 30       		.byte	48
 1788 06df 10       		.byte	16
 1789 06e0 00       		.byte	0
 1790 06e1 10       		.byte	16
 1791 06e2 10       		.byte	16
 1792 06e3 12       		.byte	18
 1793 06e4 00       		.byte	0
 1794 06e5 00       		.byte	0
 1795 06e6 00       		.byte	0
 1796 06e7 00       		.byte	0
 1797 06e8 00       		.byte	0
 1798 06e9 00       		.byte	0
 1799 06ea 00       		.byte	0
 1800 06eb 00       		.byte	0
 1801 06ec 00       		.byte	0
 1802 06ed 00       		.byte	0
 1803 06ee 00       		.byte	0
 1804 06ef 00       		.byte	0
 1805 06f0 00       		.byte	0
 1806 06f1 00       		.byte	0
 1807 06f2 00       		.byte	0
 1808 06f3 00       		.byte	0
 1809 06f4 00       		.byte	0
 1810 06f5 02       		.byte	2
 1811 06f6 02       		.byte	2
 1812 06f7 00       		.byte	0
 1813 06f8 02       		.byte	2
 1814 06f9 00       		.byte	0
 1815 06fa 40       		.byte	64
 1816 06fb 00       		.byte	0
 1817 06fc 80       		.byte	-128
 1818 06fd 00       		.byte	0
 1819 06fe 40       		.byte	64
 1820 06ff 88       		.byte	-120
 1821 0700 88       		.byte	-120
 1822 0701 00       		.byte	0
 1823 0702 88       		.byte	-120
 1824 0703 00       		.byte	0
ARM GAS  C:\Users\MODELA~1\AppData\Local\Temp\cc1CZZoE.s 			page 33


 1825 0704 00       		.byte	0
 1826 0705 00       		.byte	0
 1827 0706 00       		.byte	0
 1828 0707 00       		.byte	0
 1829 0708 00       		.byte	0
 1830 0709 0B       		.byte	11
 1831 070a 0B       		.byte	11
 1832 070b 00       		.byte	0
 1833 070c 00       		.byte	0
 1834 070d 00       		.byte	0
 1835 070e 00       		.byte	0
 1836 070f 00       		.byte	0
 1837 0710 04       		.byte	4
 1838 0711 00       		.byte	0
 1839 0712 00       		.byte	0
 1840 0713 04       		.byte	4
 1841 0714 00       		.byte	0
 1842 0715 00       		.byte	0
 1843 0716 00       		.byte	0
 1844 0717 00       		.byte	0
 1845 0718 00       		.byte	0
 1846 0719 00       		.byte	0
 1847 071a 00       		.byte	0
 1848 071b 00       		.byte	0
 1849 071c 00       		.byte	0
 1850 071d 00       		.byte	0
 1851 071e 00       		.byte	0
 1852 071f 00       		.byte	0
 1853 0720 00       		.byte	0
 1854 0721 00       		.byte	0
 1855 0722 40       		.byte	64
 1856 0723 00       		.byte	0
 1857              		.section	.cywolatch,"a",%progbits
 1858              		.align	2
 1859              		.type	cy_meta_wonvl, %object
 1860              		.size	cy_meta_wonvl, 4
 1861              	cy_meta_wonvl:
 1862 0000 BC       		.byte	-68
 1863 0001 90       		.byte	-112
 1864 0002 AC       		.byte	-84
 1865 0003 AF       		.byte	-81
 1866              		.section	.cycustnvl,"a",%progbits
 1867              		.align	2
 1868              		.type	cy_meta_custnvl, %object
 1869              		.size	cy_meta_custnvl, 4
 1870              	cy_meta_custnvl:
 1871 0000 00       		.byte	0
 1872 0001 00       		.byte	0
 1873 0002 40       		.byte	64
 1874 0003 05       		.byte	5
 1875              		.section	.cymeta,"a",%progbits
 1876              		.align	2
 1877              		.type	cy_metadata, %object
 1878              		.size	cy_metadata, 12
 1879              	cy_metadata:
 1880 0000 00       		.byte	0
 1881 0001 01       		.byte	1
ARM GAS  C:\Users\MODELA~1\AppData\Local\Temp\cc1CZZoE.s 			page 34


 1882 0002 2E       		.byte	46
 1883 0003 16       		.byte	22
 1884 0004 10       		.byte	16
 1885 0005 69       		.byte	105
 1886 0006 00       		.byte	0
 1887 0007 01       		.byte	1
 1888 0008 00       		.byte	0
 1889 0009 00       		.byte	0
 1890 000a 00       		.byte	0
 1891 000b 00       		.byte	0
 1892              		.section	.cyflashprotect,"a",%progbits
 1893              		.align	2
 1894              		.type	cy_meta_flashprotect, %object
 1895              		.size	cy_meta_flashprotect, 256
 1896              	cy_meta_flashprotect:
 1897 0000 00000000 		.space	256
 1897      00000000 
 1897      00000000 
 1897      00000000 
 1897      00000000 
 1898              		.text
 1899              	.Letext0:
 1900              		.file 1 "c:\\program files (x86)\\cypress\\psoc creator\\4.4\\psoc creator\\import\\gnu\\arm\\5.4.
 1901              		.file 2 "c:\\program files (x86)\\cypress\\psoc creator\\4.4\\psoc creator\\import\\gnu\\arm\\5.4.
 1902              		.file 3 "Generated_Source\\PSoC5\\cymetadata.c"
 1903              		.section	.debug_info,"",%progbits
 1904              	.Ldebug_info0:
 1905 0000 35010000 		.4byte	0x135
 1906 0004 0400     		.2byte	0x4
 1907 0006 00000000 		.4byte	.Ldebug_abbrev0
 1908 000a 04       		.byte	0x4
 1909 000b 01       		.uleb128 0x1
 1910 000c 24000000 		.4byte	.LASF17
 1911 0010 0C       		.byte	0xc
 1912 0011 DD010000 		.4byte	.LASF18
 1913 0015 69010000 		.4byte	.LASF19
 1914 0019 00000000 		.4byte	.Ldebug_line0
 1915 001d 02       		.uleb128 0x2
 1916 001e 01       		.byte	0x1
 1917 001f 06       		.byte	0x6
 1918 0020 D1010000 		.4byte	.LASF0
 1919 0024 03       		.uleb128 0x3
 1920 0025 00000000 		.4byte	.LASF9
 1921 0029 01       		.byte	0x1
 1922 002a 1D       		.byte	0x1d
 1923 002b 2F000000 		.4byte	0x2f
 1924 002f 02       		.uleb128 0x2
 1925 0030 01       		.byte	0x1
 1926 0031 08       		.byte	0x8
 1927 0032 16000000 		.4byte	.LASF1
 1928 0036 02       		.uleb128 0x2
 1929 0037 02       		.byte	0x2
 1930 0038 05       		.byte	0x5
 1931 0039 5F010000 		.4byte	.LASF2
 1932 003d 02       		.uleb128 0x2
 1933 003e 02       		.byte	0x2
 1934 003f 07       		.byte	0x7
ARM GAS  C:\Users\MODELA~1\AppData\Local\Temp\cc1CZZoE.s 			page 35


 1935 0040 C4000000 		.4byte	.LASF3
 1936 0044 02       		.uleb128 0x2
 1937 0045 04       		.byte	0x4
 1938 0046 05       		.byte	0x5
 1939 0047 C8010000 		.4byte	.LASF4
 1940 004b 02       		.uleb128 0x2
 1941 004c 04       		.byte	0x4
 1942 004d 07       		.byte	0x7
 1943 004e B2000000 		.4byte	.LASF5
 1944 0052 02       		.uleb128 0x2
 1945 0053 08       		.byte	0x8
 1946 0054 05       		.byte	0x5
 1947 0055 51010000 		.4byte	.LASF6
 1948 0059 02       		.uleb128 0x2
 1949 005a 08       		.byte	0x8
 1950 005b 07       		.byte	0x7
 1951 005c 06010000 		.4byte	.LASF7
 1952 0060 04       		.uleb128 0x4
 1953 0061 04       		.byte	0x4
 1954 0062 05       		.byte	0x5
 1955 0063 696E7400 		.ascii	"int\000"
 1956 0067 02       		.uleb128 0x2
 1957 0068 04       		.byte	0x4
 1958 0069 07       		.byte	0x7
 1959 006a F9000000 		.4byte	.LASF8
 1960 006e 03       		.uleb128 0x3
 1961 006f 1D010000 		.4byte	.LASF10
 1962 0073 02       		.byte	0x2
 1963 0074 18       		.byte	0x18
 1964 0075 24000000 		.4byte	0x24
 1965 0079 05       		.uleb128 0x5
 1966 007a 91000000 		.4byte	0x91
 1967 007e 8A000000 		.4byte	0x8a
 1968 0082 06       		.uleb128 0x6
 1969 0083 8A000000 		.4byte	0x8a
 1970 0087 2307     		.2byte	0x723
 1971 0089 00       		.byte	0
 1972 008a 02       		.uleb128 0x2
 1973 008b 04       		.byte	0x4
 1974 008c 07       		.byte	0x7
 1975 008d 48010000 		.4byte	.LASF11
 1976 0091 07       		.uleb128 0x7
 1977 0092 6E000000 		.4byte	0x6e
 1978 0096 08       		.uleb128 0x8
 1979 0097 E7000000 		.4byte	.LASF12
 1980 009b 03       		.byte	0x3
 1981 009c 1F       		.byte	0x1f
 1982 009d A7000000 		.4byte	0xa7
 1983 00a1 05       		.uleb128 0x5
 1984 00a2 03       		.byte	0x3
 1985 00a3 00000000 		.4byte	cy_meta_configecc
 1986 00a7 07       		.uleb128 0x7
 1987 00a8 79000000 		.4byte	0x79
 1988 00ac 05       		.uleb128 0x5
 1989 00ad 91000000 		.4byte	0x91
 1990 00b1 BC000000 		.4byte	0xbc
 1991 00b5 09       		.uleb128 0x9
ARM GAS  C:\Users\MODELA~1\AppData\Local\Temp\cc1CZZoE.s 			page 36


 1992 00b6 8A000000 		.4byte	0x8a
 1993 00ba 03       		.byte	0x3
 1994 00bb 00       		.byte	0
 1995 00bc 0A       		.uleb128 0xa
 1996 00bd D7000000 		.4byte	.LASF13
 1997 00c1 03       		.byte	0x3
 1998 00c2 1101     		.2byte	0x111
 1999 00c4 CE000000 		.4byte	0xce
 2000 00c8 05       		.uleb128 0x5
 2001 00c9 03       		.byte	0x3
 2002 00ca 00000000 		.4byte	cy_meta_custnvl
 2003 00ce 07       		.uleb128 0x7
 2004 00cf AC000000 		.4byte	0xac
 2005 00d3 0A       		.uleb128 0xa
 2006 00d4 3A010000 		.4byte	.LASF14
 2007 00d8 03       		.byte	0x3
 2008 00d9 1F01     		.2byte	0x11f
 2009 00db E5000000 		.4byte	0xe5
 2010 00df 05       		.uleb128 0x5
 2011 00e0 03       		.byte	0x3
 2012 00e1 00000000 		.4byte	cy_meta_wonvl
 2013 00e5 07       		.uleb128 0x7
 2014 00e6 AC000000 		.4byte	0xac
 2015 00ea 05       		.uleb128 0x5
 2016 00eb 91000000 		.4byte	0x91
 2017 00ef FA000000 		.4byte	0xfa
 2018 00f3 09       		.uleb128 0x9
 2019 00f4 8A000000 		.4byte	0x8a
 2020 00f8 FF       		.byte	0xff
 2021 00f9 00       		.byte	0
 2022 00fa 0A       		.uleb128 0xa
 2023 00fb 25010000 		.4byte	.LASF15
 2024 00ff 03       		.byte	0x3
 2025 0100 2D01     		.2byte	0x12d
 2026 0102 0C010000 		.4byte	0x10c
 2027 0106 05       		.uleb128 0x5
 2028 0107 03       		.byte	0x3
 2029 0108 00000000 		.4byte	cy_meta_flashprotect
 2030 010c 07       		.uleb128 0x7
 2031 010d EA000000 		.4byte	0xea
 2032 0111 05       		.uleb128 0x5
 2033 0112 91000000 		.4byte	0x91
 2034 0116 21010000 		.4byte	0x121
 2035 011a 09       		.uleb128 0x9
 2036 011b 8A000000 		.4byte	0x8a
 2037 011f 0B       		.byte	0xb
 2038 0120 00       		.byte	0
 2039 0121 0A       		.uleb128 0xa
 2040 0122 0A000000 		.4byte	.LASF16
 2041 0126 03       		.byte	0x3
 2042 0127 5A01     		.2byte	0x15a
 2043 0129 33010000 		.4byte	0x133
 2044 012d 05       		.uleb128 0x5
 2045 012e 03       		.byte	0x3
 2046 012f 00000000 		.4byte	cy_metadata
 2047 0133 07       		.uleb128 0x7
 2048 0134 11010000 		.4byte	0x111
ARM GAS  C:\Users\MODELA~1\AppData\Local\Temp\cc1CZZoE.s 			page 37


 2049 0138 00       		.byte	0
 2050              		.section	.debug_abbrev,"",%progbits
 2051              	.Ldebug_abbrev0:
 2052 0000 01       		.uleb128 0x1
 2053 0001 11       		.uleb128 0x11
 2054 0002 01       		.byte	0x1
 2055 0003 25       		.uleb128 0x25
 2056 0004 0E       		.uleb128 0xe
 2057 0005 13       		.uleb128 0x13
 2058 0006 0B       		.uleb128 0xb
 2059 0007 03       		.uleb128 0x3
 2060 0008 0E       		.uleb128 0xe
 2061 0009 1B       		.uleb128 0x1b
 2062 000a 0E       		.uleb128 0xe
 2063 000b 10       		.uleb128 0x10
 2064 000c 17       		.uleb128 0x17
 2065 000d 00       		.byte	0
 2066 000e 00       		.byte	0
 2067 000f 02       		.uleb128 0x2
 2068 0010 24       		.uleb128 0x24
 2069 0011 00       		.byte	0
 2070 0012 0B       		.uleb128 0xb
 2071 0013 0B       		.uleb128 0xb
 2072 0014 3E       		.uleb128 0x3e
 2073 0015 0B       		.uleb128 0xb
 2074 0016 03       		.uleb128 0x3
 2075 0017 0E       		.uleb128 0xe
 2076 0018 00       		.byte	0
 2077 0019 00       		.byte	0
 2078 001a 03       		.uleb128 0x3
 2079 001b 16       		.uleb128 0x16
 2080 001c 00       		.byte	0
 2081 001d 03       		.uleb128 0x3
 2082 001e 0E       		.uleb128 0xe
 2083 001f 3A       		.uleb128 0x3a
 2084 0020 0B       		.uleb128 0xb
 2085 0021 3B       		.uleb128 0x3b
 2086 0022 0B       		.uleb128 0xb
 2087 0023 49       		.uleb128 0x49
 2088 0024 13       		.uleb128 0x13
 2089 0025 00       		.byte	0
 2090 0026 00       		.byte	0
 2091 0027 04       		.uleb128 0x4
 2092 0028 24       		.uleb128 0x24
 2093 0029 00       		.byte	0
 2094 002a 0B       		.uleb128 0xb
 2095 002b 0B       		.uleb128 0xb
 2096 002c 3E       		.uleb128 0x3e
 2097 002d 0B       		.uleb128 0xb
 2098 002e 03       		.uleb128 0x3
 2099 002f 08       		.uleb128 0x8
 2100 0030 00       		.byte	0
 2101 0031 00       		.byte	0
 2102 0032 05       		.uleb128 0x5
 2103 0033 01       		.uleb128 0x1
 2104 0034 01       		.byte	0x1
 2105 0035 49       		.uleb128 0x49
ARM GAS  C:\Users\MODELA~1\AppData\Local\Temp\cc1CZZoE.s 			page 38


 2106 0036 13       		.uleb128 0x13
 2107 0037 01       		.uleb128 0x1
 2108 0038 13       		.uleb128 0x13
 2109 0039 00       		.byte	0
 2110 003a 00       		.byte	0
 2111 003b 06       		.uleb128 0x6
 2112 003c 21       		.uleb128 0x21
 2113 003d 00       		.byte	0
 2114 003e 49       		.uleb128 0x49
 2115 003f 13       		.uleb128 0x13
 2116 0040 2F       		.uleb128 0x2f
 2117 0041 05       		.uleb128 0x5
 2118 0042 00       		.byte	0
 2119 0043 00       		.byte	0
 2120 0044 07       		.uleb128 0x7
 2121 0045 26       		.uleb128 0x26
 2122 0046 00       		.byte	0
 2123 0047 49       		.uleb128 0x49
 2124 0048 13       		.uleb128 0x13
 2125 0049 00       		.byte	0
 2126 004a 00       		.byte	0
 2127 004b 08       		.uleb128 0x8
 2128 004c 34       		.uleb128 0x34
 2129 004d 00       		.byte	0
 2130 004e 03       		.uleb128 0x3
 2131 004f 0E       		.uleb128 0xe
 2132 0050 3A       		.uleb128 0x3a
 2133 0051 0B       		.uleb128 0xb
 2134 0052 3B       		.uleb128 0x3b
 2135 0053 0B       		.uleb128 0xb
 2136 0054 49       		.uleb128 0x49
 2137 0055 13       		.uleb128 0x13
 2138 0056 3F       		.uleb128 0x3f
 2139 0057 19       		.uleb128 0x19
 2140 0058 02       		.uleb128 0x2
 2141 0059 18       		.uleb128 0x18
 2142 005a 00       		.byte	0
 2143 005b 00       		.byte	0
 2144 005c 09       		.uleb128 0x9
 2145 005d 21       		.uleb128 0x21
 2146 005e 00       		.byte	0
 2147 005f 49       		.uleb128 0x49
 2148 0060 13       		.uleb128 0x13
 2149 0061 2F       		.uleb128 0x2f
 2150 0062 0B       		.uleb128 0xb
 2151 0063 00       		.byte	0
 2152 0064 00       		.byte	0
 2153 0065 0A       		.uleb128 0xa
 2154 0066 34       		.uleb128 0x34
 2155 0067 00       		.byte	0
 2156 0068 03       		.uleb128 0x3
 2157 0069 0E       		.uleb128 0xe
 2158 006a 3A       		.uleb128 0x3a
 2159 006b 0B       		.uleb128 0xb
 2160 006c 3B       		.uleb128 0x3b
 2161 006d 05       		.uleb128 0x5
 2162 006e 49       		.uleb128 0x49
ARM GAS  C:\Users\MODELA~1\AppData\Local\Temp\cc1CZZoE.s 			page 39


 2163 006f 13       		.uleb128 0x13
 2164 0070 3F       		.uleb128 0x3f
 2165 0071 19       		.uleb128 0x19
 2166 0072 02       		.uleb128 0x2
 2167 0073 18       		.uleb128 0x18
 2168 0074 00       		.byte	0
 2169 0075 00       		.byte	0
 2170 0076 00       		.byte	0
 2171              		.section	.debug_aranges,"",%progbits
 2172 0000 14000000 		.4byte	0x14
 2173 0004 0200     		.2byte	0x2
 2174 0006 00000000 		.4byte	.Ldebug_info0
 2175 000a 04       		.byte	0x4
 2176 000b 00       		.byte	0
 2177 000c 0000     		.2byte	0
 2178 000e 0000     		.2byte	0
 2179 0010 00000000 		.4byte	0
 2180 0014 00000000 		.4byte	0
 2181              		.section	.debug_line,"",%progbits
 2182              	.Ldebug_line0:
 2183 0000 3D010000 		.section	.debug_str,"MS",%progbits,1
 2183      02003701 
 2183      00000201 
 2183      FB0E0D00 
 2183      01010101 
 2184              	.LASF9:
 2185 0000 5F5F7569 		.ascii	"__uint8_t\000"
 2185      6E74385F 
 2185      7400
 2186              	.LASF16:
 2187 000a 63795F6D 		.ascii	"cy_metadata\000"
 2187      65746164 
 2187      61746100 
 2188              	.LASF1:
 2189 0016 756E7369 		.ascii	"unsigned char\000"
 2189      676E6564 
 2189      20636861 
 2189      7200
 2190              	.LASF17:
 2191 0024 474E5520 		.ascii	"GNU C11 5.4.1 20160609 (release) [ARM/embedded-5-br"
 2191      43313120 
 2191      352E342E 
 2191      31203230 
 2191      31363036 
 2192 0057 616E6368 		.ascii	"anch revision 237715] -mcpu=cortex-m3 -mthumb -g -O"
 2192      20726576 
 2192      6973696F 
 2192      6E203233 
 2192      37373135 
 2193 008a 67202D66 		.ascii	"g -ffunction-sections -ffat-lto-objects\000"
 2193      66756E63 
 2193      74696F6E 
 2193      2D736563 
 2193      74696F6E 
 2194              	.LASF5:
 2195 00b2 6C6F6E67 		.ascii	"long unsigned int\000"
 2195      20756E73 
ARM GAS  C:\Users\MODELA~1\AppData\Local\Temp\cc1CZZoE.s 			page 40


 2195      69676E65 
 2195      6420696E 
 2195      7400
 2196              	.LASF3:
 2197 00c4 73686F72 		.ascii	"short unsigned int\000"
 2197      7420756E 
 2197      7369676E 
 2197      65642069 
 2197      6E7400
 2198              	.LASF13:
 2199 00d7 63795F6D 		.ascii	"cy_meta_custnvl\000"
 2199      6574615F 
 2199      63757374 
 2199      6E766C00 
 2200              	.LASF12:
 2201 00e7 63795F6D 		.ascii	"cy_meta_configecc\000"
 2201      6574615F 
 2201      636F6E66 
 2201      69676563 
 2201      6300
 2202              	.LASF8:
 2203 00f9 756E7369 		.ascii	"unsigned int\000"
 2203      676E6564 
 2203      20696E74 
 2203      00
 2204              	.LASF7:
 2205 0106 6C6F6E67 		.ascii	"long long unsigned int\000"
 2205      206C6F6E 
 2205      6720756E 
 2205      7369676E 
 2205      65642069 
 2206              	.LASF10:
 2207 011d 75696E74 		.ascii	"uint8_t\000"
 2207      385F7400 
 2208              	.LASF15:
 2209 0125 63795F6D 		.ascii	"cy_meta_flashprotect\000"
 2209      6574615F 
 2209      666C6173 
 2209      6870726F 
 2209      74656374 
 2210              	.LASF14:
 2211 013a 63795F6D 		.ascii	"cy_meta_wonvl\000"
 2211      6574615F 
 2211      776F6E76 
 2211      6C00
 2212              	.LASF11:
 2213 0148 73697A65 		.ascii	"sizetype\000"
 2213      74797065 
 2213      00
 2214              	.LASF6:
 2215 0151 6C6F6E67 		.ascii	"long long int\000"
 2215      206C6F6E 
 2215      6720696E 
 2215      7400
 2216              	.LASF2:
 2217 015f 73686F72 		.ascii	"short int\000"
 2217      7420696E 
ARM GAS  C:\Users\MODELA~1\AppData\Local\Temp\cc1CZZoE.s 			page 41


 2217      7400
 2218              	.LASF19:
 2219 0169 433A5C55 		.ascii	"C:\\Users\\ModeLabQBI\\LAB\\hardware\\SweepSourceTr"
 2219      73657273 
 2219      5C4D6F64 
 2219      654C6162 
 2219      5142495C 
 2220 0197 69676765 		.ascii	"igger\\Trigger\\Psoc_creator_project\\Trigger.cydsn"
 2220      725C5472 
 2220      69676765 
 2220      725C5073 
 2220      6F635F63 
 2221 01c7 00       		.ascii	"\000"
 2222              	.LASF4:
 2223 01c8 6C6F6E67 		.ascii	"long int\000"
 2223      20696E74 
 2223      00
 2224              	.LASF0:
 2225 01d1 7369676E 		.ascii	"signed char\000"
 2225      65642063 
 2225      68617200 
 2226              	.LASF18:
 2227 01dd 47656E65 		.ascii	"Generated_Source\\PSoC5\\cymetadata.c\000"
 2227      72617465 
 2227      645F536F 
 2227      75726365 
 2227      5C50536F 
 2228              		.ident	"GCC: (GNU Tools for ARM Embedded Processors) 5.4.1 20160609 (release) [ARM/embedded-5-bran
