Archive member included to satisfy reference by file (symbol)

.\CortexM3\ARM_GCC_541\Debug\Trigger.a(CyLib.o)
                              .\CortexM3\ARM_GCC_541\Debug\Cm3Start.o (CyHalt)
.\CortexM3\ARM_GCC_541\Debug\Trigger.a(cyPm.o)
                              .\CortexM3\ARM_GCC_541\Debug\Trigger.a(CyLib.o) (CyPmReadStatus)
.\CortexM3\ARM_GCC_541\Debug\Trigger.a(Comp.o)
                              .\CortexM3\ARM_GCC_541\Debug\main.o (Comp_Start)
.\CortexM3\ARM_GCC_541\Debug\Trigger.a(sw.o)
                              .\CortexM3\ARM_GCC_541\Debug\main.o (sw_Read)
.\CortexM3\ARM_GCC_541\Debug\Trigger.a(Counter.o)
                              .\CortexM3\ARM_GCC_541\Debug\main.o (Counter_WritePeriod)
.\CortexM3\ARM_GCC_541\Debug\Trigger.a(UART.o)
                              .\CortexM3\ARM_GCC_541\Debug\main.o (UART_Start)
.\CortexM3\ARM_GCC_541\Debug\Trigger.a(UART_IntClock.o)
                              .\CortexM3\ARM_GCC_541\Debug\Trigger.a(UART.o) (UART_IntClock_Start)
.\CortexM3\ARM_GCC_541\Debug\Trigger.a(isr_sw.o)
                              .\CortexM3\ARM_GCC_541\Debug\main.o (isr_sw_Start)
.\CortexM3\ARM_GCC_541\Debug\Trigger.a(Timer.o)
                              .\CortexM3\ARM_GCC_541\Debug\main.o (Timer_ReadPeriod)
.\CortexM3\ARM_GCC_541\Debug\Trigger.a(freqcounter.o)
                              .\CortexM3\ARM_GCC_541\Debug\main.o (freqcounter_WriteCounter)
.\CortexM3\ARM_GCC_541\Debug\Trigger.a(muxSel.o)
                              .\CortexM3\ARM_GCC_541\Debug\main.o (muxSel_Write)
.\CortexM3\ARM_GCC_541\Debug\Trigger.a(CyBootAsmGnu.o)
                              .\CortexM3\ARM_GCC_541\Debug\cyfitter_cfg.o (CyDelayCycles)
.\CortexM3\ARM_GCC_541\Debug\Trigger.a(CyFlash.o)
                              .\CortexM3\ARM_GCC_541\Debug\Trigger.a(cyPm.o) (CyFlash_SetWaitCycles)
.\CortexM3\ARM_GCC_541\Debug\Trigger.a(CySpc.o)
                              .\CortexM3\ARM_GCC_541\Debug\Trigger.a(CyFlash.o) (CySpcStart)
c:/program files (x86)/cypress/psoc creator/4.4/psoc creator/import/gnu/arm/5.4.1/bin/../lib/gcc/arm-none-eabi/5.4.1/armv7-m\libgcc.a(_arm_addsubdf3.o)
                              .\CortexM3\ARM_GCC_541\Debug\main.o (__aeabi_f2d)
c:/program files (x86)/cypress/psoc creator/4.4/psoc creator/import/gnu/arm/5.4.1/bin/../lib/gcc/arm-none-eabi/5.4.1/armv7-m\libgcc.a(_arm_addsubsf3.o)
                              .\CortexM3\ARM_GCC_541\Debug\main.o (__aeabi_ui2f)
c:/program files (x86)/cypress/psoc creator/4.4/psoc creator/import/gnu/arm/5.4.1/bin/../lib/gcc/arm-none-eabi/5.4.1/armv7-m\libgcc.a(_arm_muldivsf3.o)
                              .\CortexM3\ARM_GCC_541\Debug\main.o (__aeabi_fmul)
c:/program files (x86)/cypress/psoc creator/4.4/psoc creator/import/gnu/arm/5.4.1/bin/../lib/gcc/arm-none-eabi/5.4.1/../../../../arm-none-eabi/lib/armv7-m\libg_nano.a(lib_a-errno.o)
                              .\CortexM3\ARM_GCC_541\Debug\Cm3Start.o (__errno)
c:/program files (x86)/cypress/psoc creator/4.4/psoc creator/import/gnu/arm/5.4.1/bin/../lib/gcc/arm-none-eabi/5.4.1/../../../../arm-none-eabi/lib/armv7-m\libg_nano.a(lib_a-exit.o)
                              c:/program files (x86)/cypress/psoc creator/4.4/psoc creator/import/gnu/arm/5.4.1/bin/../lib/gcc/arm-none-eabi/5.4.1/../../../../arm-none-eabi/lib/armv7-m/crt0.o (exit)
c:/program files (x86)/cypress/psoc creator/4.4/psoc creator/import/gnu/arm/5.4.1/bin/../lib/gcc/arm-none-eabi/5.4.1/../../../../arm-none-eabi/lib/armv7-m\libg_nano.a(lib_a-impure.o)
                              c:/program files (x86)/cypress/psoc creator/4.4/psoc creator/import/gnu/arm/5.4.1/bin/../lib/gcc/arm-none-eabi/5.4.1/../../../../arm-none-eabi/lib/armv7-m\libg_nano.a(lib_a-exit.o) (_global_impure_ptr)
c:/program files (x86)/cypress/psoc creator/4.4/psoc creator/import/gnu/arm/5.4.1/bin/../lib/gcc/arm-none-eabi/5.4.1/../../../../arm-none-eabi/lib/armv7-m\libg_nano.a(lib_a-init.o)
                              c:/program files (x86)/cypress/psoc creator/4.4/psoc creator/import/gnu/arm/5.4.1/bin/../lib/gcc/arm-none-eabi/5.4.1/../../../../arm-none-eabi/lib/armv7-m/crt0.o (__libc_init_array)
c:/program files (x86)/cypress/psoc creator/4.4/psoc creator/import/gnu/arm/5.4.1/bin/../lib/gcc/arm-none-eabi/5.4.1/../../../../arm-none-eabi/lib/armv7-m\libg_nano.a(lib_a-memcpy-stub.o)
                              .\CortexM3\ARM_GCC_541\Debug\cyfitter_cfg.o (memcpy)
c:/program files (x86)/cypress/psoc creator/4.4/psoc creator/import/gnu/arm/5.4.1/bin/../lib/gcc/arm-none-eabi/5.4.1/../../../../arm-none-eabi/lib/armv7-m\libg_nano.a(lib_a-memset.o)
                              c:/program files (x86)/cypress/psoc creator/4.4/psoc creator/import/gnu/arm/5.4.1/bin/../lib/gcc/arm-none-eabi/5.4.1/../../../../arm-none-eabi/lib/armv7-m/crt0.o (memset)
c:/program files (x86)/cypress/psoc creator/4.4/psoc creator/import/gnu/arm/5.4.1/bin/../lib/gcc/arm-none-eabi/5.4.1/../../../../arm-none-eabi/lib/armv7-m\libg_nano.a(lib_a-nano-vfprintf_float.o)
[...]
Memory Configuration

Name             Origin             Length             Attributes
rom              0x00000000         0x00040000         xr
ram              0x1fff8000         0x00010000         xrw
*default*        0x00000000         0xffffffff

Linker script and memory map

LOAD c:/program files (x86)/cypress/psoc creator/4.4/psoc creator/import/gnu/arm/5.4.1/bin/../lib/gcc/arm-none-eabi/5.4.1/armv7-m/crti.o
LOAD c:/program files (x86)/cypress/psoc creator/4.4/psoc creator/import/gnu/arm/5.4.1/bin/../lib/gcc/arm-none-eabi/5.4.1/armv7-m/crtbegin.o
LOAD c:/program files (x86)/cypress/psoc creator/4.4/psoc creator/import/gnu/arm/5.4.1/bin/../lib/gcc/arm-none-eabi/5.4.1/../../../../arm-none-eabi/lib/armv7-m/crt0.o
START GROUP
LOAD .\CortexM3\ARM_GCC_541\Debug\main.o
LOAD .\CortexM3\ARM_GCC_541\Debug\cyfitter_cfg.o
LOAD .\CortexM3\ARM_GCC_541\Debug\cymetadata.o
LOAD .\CortexM3\ARM_GCC_541\Debug\Cm3Start.o
LOAD .\CortexM3\ARM_GCC_541\Debug\Trigger.a
LOAD C:\Program Files (x86)\Cypress\PSoC Creator\4.4\PSoC Creator\psoc\content\cycomponentlibrary\CyComponentLibrary.cylib\CortexM3\ARM_GCC_541\Debug\CyComponentLibrary.a
END GROUP
START GROUP
LOAD c:/program files (x86)/cypress/psoc creator/4.4/psoc creator/import/gnu/arm/5.4.1/bin/../lib/gcc/arm-none-eabi/5.4.1/armv7-m\libgcc.a
LOAD c:/program files (x86)/cypress/psoc creator/4.4/psoc creator/import/gnu/arm/5.4.1/bin/../lib/gcc/arm-none-eabi/5.4.1/../../../../arm-none-eabi/lib/armv7-m\libg_nano.a
LOAD c:/program files (x86)/cypress/psoc creator/4.4/psoc creator/import/gnu/arm/5.4.1/bin/../lib/gcc/arm-none-eabi/5.4.1/../../../../arm-none-eabi/lib/armv7-m\libc_nano.a
END GROUP
START GROUP
LOAD c:/program files (x86)/cypress/psoc creator/4.4/psoc creator/import/gnu/arm/5.4.1/bin/../lib/gcc/arm-none-eabi/5.4.1/armv7-m\libgcc.a
LOAD c:/program files (x86)/cypress/psoc creator/4.4/psoc creator/import/gnu/arm/5.4.1/bin/../lib/gcc/arm-none-eabi/5.4.1/../../../../arm-none-eabi/lib/armv7-m\libc_nano.a
END GROUP
LOAD c:/program files (x86)/cypress/psoc creator/4.4/psoc creator/import/gnu/arm/5.4.1/bin/../lib/gcc/arm-none-eabi/5.4.1/armv7-m/crtend.o
LOAD c:/program files (x86)/cypress/psoc creator/4.4/psoc creator/import/gnu/arm/5.4.1/bin/../lib/gcc/arm-none-eabi/5.4.1/armv7-m/crtn.o
START GROUP
LOAD c:/program files (x86)/cypress/psoc creator/4.4/psoc creator/import/gnu/arm/5.4.1/bin/../lib/gcc/arm-none-eabi/5.4.1/armv7-m\libgcc.a
LOAD c:/program files (x86)/cypress/psoc creator/4.4/psoc creator/import/gnu/arm/5.4.1/bin/../lib/gcc/arm-none-eabi/5.4.1/../../../../arm-none-eabi/lib/armv7-m\libc.a
LOAD c:/program files (x86)/cypress/psoc creator/4.4/psoc creator/import/gnu/arm/5.4.1/bin/../lib/gcc/arm-none-eabi/5.4.1/../../../../arm-none-eabi/lib/armv7-m\libnosys.a
END GROUP
                0x00000000                CY_APPL_ORIGIN = 0x0
                0x00000100                CY_FLASH_ROW_SIZE = 0x100
                0x00000020                CY_ECC_ROW_SIZE = 0x20
                0x00000000                CY_EE_IN_BTLDR = 0x0
                0x00000000                CY_APPL_LOADABLE = 0x0
                0x00000800                CY_EE_SIZE = 0x800
                0x00000001                CY_APPL_NUM = 0x1
                0x00000001                CY_APPL_MAX = 0x1
                0x00000040                CY_METADATA_SIZE = 0x40
                0x00000000                CY_APPL_LOADABLE = 0x0
                0x00000000                CY_CHECKSUM_EXCLUDE_SIZE = ALIGN (0x0, CY_FLASH_ROW_SIZE)
                [!provide]                PROVIDE (__cy_heap_start, _end)
                0x00000001                PROVIDE (__cy_region_num, ((__cy_regions_end - __cy_regions) / 0x10))
                0x20008000                PROVIDE (__cy_stack, (ORIGIN (ram) + LENGTH (ram)))
                [!provide]                PROVIDE (__cy_heap_end, (__cy_stack - 0x800))

.cybootloader   0x00000000        0x0
 *(.cybootloader)
                0x00000000                appl1_start = CY_APPL_ORIGIN?CY_APPL_ORIGIN:ALIGN (CY_FLASH_ROW_SIZE)
                0x0001ff00                appl2_start = (appl1_start + ALIGN ((((LENGTH (rom) - appl1_start) - (0x2 * CY_FLASH_ROW_SIZE)) / 0x2), CY_FLASH_ROW_SIZE))
                0x00000000                appl_start = (CY_APPL_NUM == 0x1)?appl1_start:appl2_start
                0x00000000                ecc_offset = ((appl_start / CY_FLASH_ROW_SIZE) * CY_ECC_ROW_SIZE)
                0x00000000                ee_offset = (CY_APPL_LOADABLE && ! (CY_EE_IN_BTLDR))?((CY_EE_SIZE / CY_APPL_MAX) * (CY_APPL_NUM - 0x1)):0x0
                0x00000800                ee_size = (CY_APPL_LOADABLE && ! (CY_EE_IN_BTLDR))?(CY_EE_SIZE / CY_APPL_MAX):CY_EE_SIZE
                [!provide]                PROVIDE (CY_ECC_OFFSET, ecc_offset)

.text           0x00000000     0x4608
 CREATE_OBJECT_SYMBOLS
                0x00000000                PROVIDE (__cy_interrupt_vector, RomVectors)
 *(.romvectors)
 .romvectors    0x00000000       0x10 .\CortexM3\ARM_GCC_541\Debug\Cm3Start.o
                0x00000000                RomVectors
                0x00000001                ASSERT ((. != __cy_interrupt_vector), No interrupt vector)
                0x00000001                ASSERT (CY_APPL_ORIGIN?(SIZEOF (.cybootloader) <= CY_APPL_ORIGIN):0x1, Wrong image location)
                0x00000010                PROVIDE (__cy_reset, Reset)
 *(.text.Reset)
 .text.Reset    0x00000010       0x18 .\CortexM3\ARM_GCC_541\Debug\Cm3Start.o
                0x00000010                Reset
                0x00000001                ASSERT ((. != __cy_reset), No reset code)
 *(.dma_init)
                0x00000001                ASSERT ((((appl_start + .) <= 0x10000) || 0x1), DMA Init must be within the first 64k of flash)
 *(.text .text.* .gnu.linkonce.t.*)
 .text          0x00000028       0x5c c:/program files (x86)/cypress/psoc creator/4.4/psoc creator/import/gnu/arm/5.4.1/bin/../lib/gcc/arm-none-eabi/5.4.1/armv7-m/crtbegin.o
 .text.str_toupper
                0x00000084       0x1c .\CortexM3\ARM_GCC_541\Debug\main.o
 .text.reply_ok
                0x000000a0       0x10 .\CortexM3\ARM_GCC_541\Debug\main.o
 .text.reply_err
                0x000000b0       0x20 .\CortexM3\ARM_GCC_541\Debug\main.o
 .text.cmd_laser_swe_time
                0x000000d0       0x28 .\CortexM3\ARM_GCC_541\Debug\main.o
 .text.cmd_sig_trig_events_freq
                0x000000f8       0x30 .\CortexM3\ARM_GCC_541\Debug\main.o
 .text.cmd_sig_trig_events_count
                0x00000128       0x28 .\CortexM3\ARM_GCC_541\Debug\main.o
 .text.cmd_idn  0x00000150       0x18 .\CortexM3\ARM_GCC_541\Debug\main.o
 .text.INT_SW   0x00000168       0xf0 .\CortexM3\ARM_GCC_541\Debug\main.o
                0x00000168                INT_SW
 .text.apply_divider
                0x00000258       0x28 .\CortexM3\ARM_GCC_541\Debug\main.o
 .text.dispatch_line
                0x00000280       0xc4 .\CortexM3\ARM_GCC_541\Debug\main.o
 .text.cmd_sys_trig_not
                0x00000344       0xf4 .\CortexM3\ARM_GCC_541\Debug\main.o
 .text.cmd_sig_trig_div
                0x00000438       0x68 .\CortexM3\ARM_GCC_541\Debug\main.o
 .text.main     0x000004a0       0xd4 .\CortexM3\ARM_GCC_541\Debug\main.o
                0x000004a0                main
 .text.CyClockStartupError
                0x00000574        0x4 .\CortexM3\ARM_GCC_541\Debug\cyfitter_cfg.o
 .text.cfg_write_bytes32
                0x00000578       0x34 .\CortexM3\ARM_GCC_541\Debug\cyfitter_cfg.o
 .text.AnalogSetDefault
                0x000005ac       0x48 .\CortexM3\ARM_GCC_541\Debug\cyfitter_cfg.o
 .text.CYMEMZERO
                0x000005f4        0xc .\CortexM3\ARM_GCC_541\Debug\cyfitter_cfg.o
 .text.ClockSetup
                0x00000600       0xd0 .\CortexM3\ARM_GCC_541\Debug\cyfitter_cfg.o
 .text.CYCONFIGCPY
                0x000006d0        0x8 .\CortexM3\ARM_GCC_541\Debug\cyfitter_cfg.o
 .text.cyfitter_cfg
                0x000006d8      0x14c .\CortexM3\ARM_GCC_541\Debug\cyfitter_cfg.o
                0x000006d8                cyfitter_cfg
 .text.IntDefaultHandler
                0x00000824       0x10 .\CortexM3\ARM_GCC_541\Debug\Cm3Start.o
                0x00000824                IntDefaultHandler
 .text._sbrk    0x00000834       0x30 .\CortexM3\ARM_GCC_541\Debug\Cm3Start.o
                0x00000834                _sbrk
 .text.Start_c  0x00000864       0x4c .\CortexM3\ARM_GCC_541\Debug\Cm3Start.o
                0x00000864                Start_c
 .text.initialize_psoc
                0x000008b0       0x68 .\CortexM3\ARM_GCC_541\Debug\Cm3Start.o
                0x000008b0                initialize_psoc
 .text.Comp_Enable
                0x00000918       0x1c .\CortexM3\ARM_GCC_541\Debug\Trigger.a(Comp.o)
                0x00000918                Comp_Enable
 .text.Comp_SetSpeed
                0x00000934       0x58 .\CortexM3\ARM_GCC_541\Debug\Trigger.a(Comp.o)
                0x00000934                Comp_SetSpeed
 .text.Comp_Init
                0x0000098c       0x3c .\CortexM3\ARM_GCC_541\Debug\Trigger.a(Comp.o)
                0x0000098c                Comp_Init
 .text.Comp_Start
                0x000009c8       0x1c .\CortexM3\ARM_GCC_541\Debug\Trigger.a(Comp.o)
                0x000009c8                Comp_Start
 .text.sw_Read  0x000009e4       0x10 .\CortexM3\ARM_GCC_541\Debug\Trigger.a(sw.o)
                0x000009e4                sw_Read
 .text.Counter_SetInterruptMode
                0x000009f4        0xc .\CortexM3\ARM_GCC_541\Debug\Trigger.a(Counter.o)
                0x000009f4                Counter_SetInterruptMode
 .text.Counter_ReadStatusRegister
                0x00000a00        0xc .\CortexM3\ARM_GCC_541\Debug\Trigger.a(Counter.o)
                0x00000a00                Counter_ReadStatusRegister
 .text.Counter_WriteCounter
                0x00000a0c        0xc .\CortexM3\ARM_GCC_541\Debug\Trigger.a(Counter.o)
                0x00000a0c                Counter_WriteCounter
 .text.Counter_ReadCapture
                0x00000a18        0xc .\CortexM3\ARM_GCC_541\Debug\Trigger.a(Counter.o)
                0x00000a18                Counter_ReadCapture
 .text.Counter_WritePeriod
                0x00000a24        0xc .\CortexM3\ARM_GCC_541\Debug\Trigger.a(Counter.o)
                0x00000a24                Counter_WritePeriod
 .text.Counter_WriteCompare
                0x00000a30        0xc .\CortexM3\ARM_GCC_541\Debug\Trigger.a(Counter.o)
                0x00000a30                Counter_WriteCompare
 .text.Counter_ClearFIFO
                0x00000a3c       0x14 .\CortexM3\ARM_GCC_541\Debug\Trigger.a(Counter.o)
                0x00000a3c                Counter_ClearFIFO
 .text.Counter_Init
                0x00000a50       0x3c .\CortexM3\ARM_GCC_541\Debug\Trigger.a(Counter.o)
                0x00000a50                Counter_Init
 .text.Counter_Start
                0x00000a8c       0x18 .\CortexM3\ARM_GCC_541\Debug\Trigger.a(Counter.o)
                0x00000a8c                Counter_Start
 .text.UART_Init
                0x00000aa4       0x24 .\CortexM3\ARM_GCC_541\Debug\Trigger.a(UART.o)
                0x00000aa4                UART_Init
 .text.UART_Enable
                0x00000ac8       0x38 .\CortexM3\ARM_GCC_541\Debug\Trigger.a(UART.o)
                0x00000ac8                UART_Enable
 .text.UART_Start
                0x00000b00       0x1c .\CortexM3\ARM_GCC_541\Debug\Trigger.a(UART.o)
                0x00000b00                UART_Start
 .text.UART_GetChar
                0x00000b1c       0x2c .\CortexM3\ARM_GCC_541\Debug\Trigger.a(UART.o)
                0x00000b1c                UART_GetChar
 .text.UART_GetRxBufferSize
                0x00000b48       0x18 .\CortexM3\ARM_GCC_541\Debug\Trigger.a(UART.o)
                0x00000b48                UART_GetRxBufferSize
 .text.UART_ClearRxBuffer
                0x00000b60       0x24 .\CortexM3\ARM_GCC_541\Debug\Trigger.a(UART.o)
                0x00000b60                UART_ClearRxBuffer
 .text.UART_PutChar
                0x00000b84       0x18 .\CortexM3\ARM_GCC_541\Debug\Trigger.a(UART.o)
                0x00000b84                UART_PutChar
 .text.UART_PutString
                0x00000b9c       0x24 .\CortexM3\ARM_GCC_541\Debug\Trigger.a(UART.o)
                0x00000b9c                UART_PutString
 .text.UART_IntClock_Start
                0x00000bc0       0x1c .\CortexM3\ARM_GCC_541\Debug\Trigger.a(UART_IntClock.o)
                0x00000bc0                UART_IntClock_Start
 .text.isr_sw_Interrupt
                0x00000bdc        0x4 .\CortexM3\ARM_GCC_541\Debug\Trigger.a(isr_sw.o)
                0x00000bdc                isr_sw_Interrupt
 .text.isr_sw_SetVector
                0x00000be0        0xc .\CortexM3\ARM_GCC_541\Debug\Trigger.a(isr_sw.o)
                0x00000be0                isr_sw_SetVector
 .text.isr_sw_SetPriority
                0x00000bec       0x10 .\CortexM3\ARM_GCC_541\Debug\Trigger.a(isr_sw.o)
                0x00000bec                isr_sw_SetPriority
 .text.isr_sw_Enable
                0x00000bfc        0xc .\CortexM3\ARM_GCC_541\Debug\Trigger.a(isr_sw.o)
                0x00000bfc                isr_sw_Enable
 .text.isr_sw_Disable
                0x00000c08        0xc .\CortexM3\ARM_GCC_541\Debug\Trigger.a(isr_sw.o)
                0x00000c08                isr_sw_Disable
 .text.isr_sw_Start
                0x00000c14       0x1c .\CortexM3\ARM_GCC_541\Debug\Trigger.a(isr_sw.o)
                0x00000c14                isr_sw_Start
 .text.isr_sw_StartEx
                0x00000c30       0x1c .\CortexM3\ARM_GCC_541\Debug\Trigger.a(isr_sw.o)
                0x00000c30                isr_sw_StartEx
 .text.Timer_Enable
                0x00000c4c       0x10 .\CortexM3\ARM_GCC_541\Debug\Trigger.a(Timer.o)
                0x00000c4c                Timer_Enable
 .text.Timer_SetInterruptMode
                0x00000c5c        0xc .\CortexM3\ARM_GCC_541\Debug\Trigger.a(Timer.o)
                0x00000c5c                Timer_SetInterruptMode
 .text.Timer_ReadStatusRegister
                0x00000c68        0xc .\CortexM3\ARM_GCC_541\Debug\Trigger.a(Timer.o)
                0x00000c68                Timer_ReadStatusRegister
 .text.Timer_ReadPeriod
                0x00000c74        0xc .\CortexM3\ARM_GCC_541\Debug\Trigger.a(Timer.o)
                0x00000c74                Timer_ReadPeriod
 .text.Timer_WritePeriod
                0x00000c80        0xc .\CortexM3\ARM_GCC_541\Debug\Trigger.a(Timer.o)
                0x00000c80                Timer_WritePeriod
 .text.Timer_ReadCapture
                0x00000c8c        0xc .\CortexM3\ARM_GCC_541\Debug\Trigger.a(Timer.o)
                0x00000c8c                Timer_ReadCapture
 .text.Timer_WriteCounter
                0x00000c98        0xc .\CortexM3\ARM_GCC_541\Debug\Trigger.a(Timer.o)
                0x00000c98                Timer_WriteCounter
 .text.Timer_ReadCounter
                0x00000ca4       0x14 .\CortexM3\ARM_GCC_541\Debug\Trigger.a(Timer.o)
                0x00000ca4                Timer_ReadCounter
 .text.Timer_ClearFIFO
                0x00000cb8       0x14 .\CortexM3\ARM_GCC_541\Debug\Trigger.a(Timer.o)
                0x00000cb8                Timer_ClearFIFO
 .text.Timer_Init
                0x00000ccc       0x34 .\CortexM3\ARM_GCC_541\Debug\Trigger.a(Timer.o)
                0x00000ccc                Timer_Init
 .text.Timer_Start
                0x00000d00       0x1c .\CortexM3\ARM_GCC_541\Debug\Trigger.a(Timer.o)
                0x00000d00                Timer_Start
 .text.freqcounter_SetInterruptMode
                0x00000d1c        0xc .\CortexM3\ARM_GCC_541\Debug\Trigger.a(freqcounter.o)
                0x00000d1c                freqcounter_SetInterruptMode
 .text.freqcounter_ReadStatusRegister
                0x00000d28        0xc .\CortexM3\ARM_GCC_541\Debug\Trigger.a(freqcounter.o)
                0x00000d28                freqcounter_ReadStatusRegister
 .text.freqcounter_WriteCounter
                0x00000d34        0xc .\CortexM3\ARM_GCC_541\Debug\Trigger.a(freqcounter.o)
                0x00000d34                freqcounter_WriteCounter
 .text.freqcounter_ReadCounter
                0x00000d40       0x14 .\CortexM3\ARM_GCC_541\Debug\Trigger.a(freqcounter.o)
                0x00000d40                freqcounter_ReadCounter
 .text.freqcounter_ReadCapture
                0x00000d54        0xc .\CortexM3\ARM_GCC_541\Debug\Trigger.a(freqcounter.o)
                0x00000d54                freqcounter_ReadCapture
 .text.freqcounter_WritePeriod
                0x00000d60        0xc .\CortexM3\ARM_GCC_541\Debug\Trigger.a(freqcounter.o)
                0x00000d60                freqcounter_WritePeriod
 .text.freqcounter_WriteCompare
                0x00000d6c        0xc .\CortexM3\ARM_GCC_541\Debug\Trigger.a(freqcounter.o)
                0x00000d6c                freqcounter_WriteCompare
 .text.freqcounter_ClearFIFO
                0x00000d78       0x14 .\CortexM3\ARM_GCC_541\Debug\Trigger.a(freqcounter.o)
                0x00000d78                freqcounter_ClearFIFO
 .text.freqcounter_Init
                0x00000d8c       0x40 .\CortexM3\ARM_GCC_541\Debug\Trigger.a(freqcounter.o)
                0x00000d8c                freqcounter_Init
 .text.freqcounter_Start
                0x00000dcc       0x18 .\CortexM3\ARM_GCC_541\Debug\Trigger.a(freqcounter.o)
                0x00000dcc                freqcounter_Start
 .text.muxSel_Write
                0x00000de4        0xc .\CortexM3\ARM_GCC_541\Debug\Trigger.a(muxSel.o)
                0x00000de4                muxSel_Write
 .text          0x00000df0       0x20 .\CortexM3\ARM_GCC_541\Debug\Trigger.a(CyBootAsmGnu.o)
                0x00000df0                CyDelayCycles
                0x00000e00                CyEnterCriticalSection
                0x00000e08                CyExitCriticalSection
 .text          0x00000e10      0x370 c:/program files (x86)/cypress/psoc creator/4.4/psoc creator/import/gnu/arm/5.4.1/bin/../lib/gcc/arm-none-eabi/5.4.1/armv7-m\libgcc.a(_arm_addsubdf3.o)
                0x00000e10                __aeabi_drsub
                0x00000e18                __aeabi_dsub
                0x00000e18                __subdf3
                0x00000e1c                __aeabi_dadd
                0x00000e1c                __adddf3
                0x00001094                __floatunsidf
                0x00001094                __aeabi_ui2d
                0x000010b4                __floatsidf
                0x000010b4                __aeabi_i2d
                0x000010d8                __aeabi_f2d
                0x000010d8                __extendsfdf2
                0x00001114                __floatundidf
                0x00001114                __aeabi_ul2d
                0x00001124                __floatdidf
                0x00001124                __aeabi_l2d
 .text          0x00001180      0x21c c:/program files (x86)/cypress/psoc creator/4.4/psoc creator/import/gnu/arm/5.4.1/bin/../lib/gcc/arm-none-eabi/5.4.1/armv7-m\libgcc.a(_arm_addsubsf3.o)
                0x00001180                __aeabi_frsub
                0x00001188                __subsf3
                0x00001188                __aeabi_fsub
                0x0000118c                __aeabi_fadd
                0x0000118c                __addsf3
                0x000012ec                __aeabi_ui2f
                0x000012ec                __floatunsisf
                0x000012f4                __aeabi_i2f
                0x000012f4                __floatsisf
                0x00001310                __aeabi_ul2f
                0x00001310                __floatundisf
                0x00001320                __aeabi_l2f
                0x00001320                __floatdisf
 .text          0x0000139c      0x2a0 c:/program files (x86)/cypress/psoc creator/4.4/psoc creator/import/gnu/arm/5.4.1/bin/../lib/gcc/arm-none-eabi/5.4.1/armv7-m\libgcc.a(_arm_muldivsf3.o)
                0x0000139c                __mulsf3
                0x0000139c                __aeabi_fmul
                0x00001504                __aeabi_fdiv
                0x00001504                __divsf3
 .text.__errno  0x0000163c        0xc c:/program files (x86)/cypress/psoc creator/4.4/psoc creator/import/gnu/arm/5.4.1/bin/../lib/gcc/arm-none-eabi/5.4.1/../../../../arm-none-eabi/lib/armv7-m\libg_nano.a(lib_a-errno.o)
                0x0000163c                __errno
 .text.__libc_init_array
                0x00001648       0x4c c:/program files (x86)/cypress/psoc creator/4.4/psoc creator/import/gnu/arm/5.4.1/bin/../lib/gcc/arm-none-eabi/5.4.1/../../../../arm-none-eabi/lib/armv7-m\libg_nano.a(lib_a-init.o)
                0x00001648                __libc_init_array
 .text.memcpy   0x00001694       0x16 c:/program files (x86)/cypress/psoc creator/4.4/psoc creator/import/gnu/arm/5.4.1/bin/../lib/gcc/arm-none-eabi/5.4.1/../../../../arm-none-eabi/lib/armv7-m\libg_nano.a(lib_a-memcpy-stub.o)
                0x00001694                memcpy
 .text.memset   0x000016aa       0x10 c:/program files (x86)/cypress/psoc creator/4.4/psoc creator/import/gnu/arm/5.4.1/bin/../lib/gcc/arm-none-eabi/5.4.1/../../../../arm-none-eabi/lib/armv7-m\libg_nano.a(lib_a-memset.o)
                0x000016aa                memset
 .text.__cvt    0x000016ba       0xc0 c:/program files (x86)/cypress/psoc creator/4.4/psoc creator/import/gnu/arm/5.4.1/bin/../lib/gcc/arm-none-eabi/5.4.1/../../../../arm-none-eabi/lib/armv7-m\libg_nano.a(lib_a-nano-vfprintf_float.o)
                0x000016ba                __cvt
 .text.__exponent
                0x0000177a       0x62 c:/program files (x86)/cypress/psoc creator/4.4/psoc creator/import/gnu/arm/5.4.1/bin/../lib/gcc/arm-none-eabi/5.4.1/../../../../arm-none-eabi/lib/armv7-m\libg_nano.a(lib_a-nano-vfprintf_float.o)
                0x0000177a                __exponent
 .text._printf_float
                0x000017dc      0x488 c:/program files (x86)/cypress/psoc creator/4.4/psoc creator/import/gnu/arm/5.4.1/bin/../lib/gcc/arm-none-eabi/5.4.1/../../../../arm-none-eabi/lib/armv7-m\libg_nano.a(lib_a-nano-vfprintf_float.o)
                0x000017dc                _printf_float
 .text._printf_common
                0x00001c64       0xec c:/program files (x86)/cypress/psoc creator/4.4/psoc creator/import/gnu/arm/5.4.1/bin/../lib/gcc/arm-none-eabi/5.4.1/../../../../arm-none-eabi/lib/armv7-m\libg_nano.a(lib_a-nano-vfprintf_i.o)
                0x00001c64                _printf_common
 .text._printf_i
                0x00001d50      0x24c c:/program files (x86)/cypress/psoc creator/4.4/psoc creator/import/gnu/arm/5.4.1/bin/../lib/gcc/arm-none-eabi/5.4.1/../../../../arm-none-eabi/lib/armv7-m\libg_nano.a(lib_a-nano-vfprintf_i.o)
                0x00001d50                _printf_i
 .text.sprintf  0x00001f9c       0x48 c:/program files (x86)/cypress/psoc creator/4.4/psoc creator/import/gnu/arm/5.4.1/bin/../lib/gcc/arm-none-eabi/5.4.1/../../../../arm-none-eabi/lib/armv7-m\libg_nano.a(lib_a-sprintf.o)
                0x00001f9c                siprintf
                0x00001f9c                sprintf
 .text.sscanf   0x00001fe4       0x54 c:/program files (x86)/cypress/psoc creator/4.4/psoc creator/import/gnu/arm/5.4.1/bin/../lib/gcc/arm-none-eabi/5.4.1/../../../../arm-none-eabi/lib/armv7-m\libg_nano.a(lib_a-sscanf.o)
                0x00001fe4                siscanf
                0x00001fe4                sscanf
 .text.__seofread
                0x00002038        0x4 c:/program files (x86)/cypress/psoc creator/4.4/psoc creator/import/gnu/arm/5.4.1/bin/../lib/gcc/arm-none-eabi/5.4.1/../../../../arm-none-eabi/lib/armv7-m\libg_nano.a(lib_a-stdio.o)
                0x00002038                __seofread
 .text.strchr   0x0000203c       0x1c c:/program files (x86)/cypress/psoc creator/4.4/psoc creator/import/gnu/arm/5.4.1/bin/../lib/gcc/arm-none-eabi/5.4.1/../../../../arm-none-eabi/lib/armv7-m\libg_nano.a(lib_a-strchr.o)
                0x0000203c                strchr
 .text          0x00002058       0x14 c:/program files (x86)/cypress/psoc creator/4.4/psoc creator/import/gnu/arm/5.4.1/bin/../lib/gcc/arm-none-eabi/5.4.1/../../../../arm-none-eabi/lib/armv7-m\libg_nano.a(lib_a-strcmp.o)
                0x00002058                strcmp
 .text          0x0000206c       0x10 c:/program files (x86)/cypress/psoc creator/4.4/psoc creator/import/gnu/arm/5.4.1/bin/../lib/gcc/arm-none-eabi/5.4.1/../../../../arm-none-eabi/lib/armv7-m\libg_nano.a(lib_a-strlen.o)
                0x0000206c                strlen
 .text.quorem   0x0000207c      0x116 c:/program files (x86)/cypress/psoc creator/4.4/psoc creator/import/gnu/arm/5.4.1/bin/../lib/gcc/arm-none-eabi/5.4.1/../../../../arm-none-eabi/lib/armv7-m\libg_nano.a(lib_a-dtoa.o)
 *fill*         0x00002192        0x6 
 .text._dtoa_r  0x00002198      0xb30 c:/program files (x86)/cypress/psoc creator/4.4/psoc creator/import/gnu/arm/5.4.1/bin/../lib/gcc/arm-none-eabi/5.4.1/../../../../arm-none-eabi/lib/armv7-m\libg_nano.a(lib_a-dtoa.o)
                0x00002198                _dtoa_r
 .text._localeconv_r
                0x00002cc8        0x8 c:/program files (x86)/cypress/psoc creator/4.4/psoc creator/import/gnu/arm/5.4.1/bin/../lib/gcc/arm-none-eabi/5.4.1/../../../../arm-none-eabi/lib/armv7-m\libg_nano.a(lib_a-locale.o)
                0x00002cc8                _localeconv_r
 .text.malloc   0x00002cd0       0x10 c:/program files (x86)/cypress/psoc creator/4.4/psoc creator/import/gnu/arm/5.4.1/bin/../lib/gcc/arm-none-eabi/5.4.1/../../../../arm-none-eabi/lib/armv7-m\libg_nano.a(lib_a-malloc.o)
                0x00002cd0                malloc
 .text.memchr   0x00002ce0       0x1c c:/program files (x86)/cypress/psoc creator/4.4/psoc creator/import/gnu/arm/5.4.1/bin/../lib/gcc/arm-none-eabi/5.4.1/../../../../arm-none-eabi/lib/armv7-m\libg_nano.a(lib_a-memchr-stub.o)
                0x00002ce0                memchr
 .text._Balloc  0x00002cfc       0x6a c:/program files (x86)/cypress/psoc creator/4.4/psoc creator/import/gnu/arm/5.4.1/bin/../lib/gcc/arm-none-eabi/5.4.1/../../../../arm-none-eabi/lib/armv7-m\libg_nano.a(lib_a-mprec.o)
                0x00002cfc                _Balloc
 .text._Bfree   0x00002d66       0x2e c:/program files (x86)/cypress/psoc creator/4.4/psoc creator/import/gnu/arm/5.4.1/bin/../lib/gcc/arm-none-eabi/5.4.1/../../../../arm-none-eabi/lib/armv7-m\libg_nano.a(lib_a-mprec.o)
                0x00002d66                _Bfree
 .text.__multadd
                0x00002d94       0x76 c:/program files (x86)/cypress/psoc creator/4.4/psoc creator/import/gnu/arm/5.4.1/bin/../lib/gcc/arm-none-eabi/5.4.1/../../../../arm-none-eabi/lib/armv7-m\libg_nano.a(lib_a-mprec.o)
                0x00002d94                __multadd
 .text.__hi0bits
                0x00002e0a       0x40 c:/program files (x86)/cypress/psoc creator/4.4/psoc creator/import/gnu/arm/5.4.1/bin/../lib/gcc/arm-none-eabi/5.4.1/../../../../arm-none-eabi/lib/armv7-m\libg_nano.a(lib_a-mprec.o)
                0x00002e0a                __hi0bits
 .text.__lo0bits
                0x00002e4a       0x5a c:/program files (x86)/cypress/psoc creator/4.4/psoc creator/import/gnu/arm/5.4.1/bin/../lib/gcc/arm-none-eabi/5.4.1/../../../../arm-none-eabi/lib/armv7-m\libg_nano.a(lib_a-mprec.o)
                0x00002e4a                __lo0bits
 .text.__i2b    0x00002ea4       0x12 c:/program files (x86)/cypress/psoc creator/4.4/psoc creator/import/gnu/arm/5.4.1/bin/../lib/gcc/arm-none-eabi/5.4.1/../../../../arm-none-eabi/lib/armv7-m\libg_nano.a(lib_a-mprec.o)
                0x00002ea4                __i2b
 .text.__multiply
                0x00002eb6      0x120 c:/program files (x86)/cypress/psoc creator/4.4/psoc creator/import/gnu/arm/5.4.1/bin/../lib/gcc/arm-none-eabi/5.4.1/../../../../arm-none-eabi/lib/armv7-m\libg_nano.a(lib_a-mprec.o)
                0x00002eb6                __multiply
 *fill*         0x00002fd6        0x2 
 .text.__pow5mult
                0x00002fd8       0x9c c:/program files (x86)/cypress/psoc creator/4.4/psoc creator/import/gnu/arm/5.4.1/bin/../lib/gcc/arm-none-eabi/5.4.1/../../../../arm-none-eabi/lib/armv7-m\libg_nano.a(lib_a-mprec.o)
                0x00002fd8                __pow5mult
 .text.__lshift
                0x00003074       0xa2 c:/program files (x86)/cypress/psoc creator/4.4/psoc creator/import/gnu/arm/5.4.1/bin/../lib/gcc/arm-none-eabi/5.4.1/../../../../arm-none-eabi/lib/armv7-m\libg_nano.a(lib_a-mprec.o)
                0x00003074                __lshift
 .text.__mcmp   0x00003116       0x38 c:/program files (x86)/cypress/psoc creator/4.4/psoc creator/import/gnu/arm/5.4.1/bin/../lib/gcc/arm-none-eabi/5.4.1/../../../../arm-none-eabi/lib/armv7-m\libg_nano.a(lib_a-mprec.o)
                0x00003116                __mcmp
 .text.__mdiff  0x0000314e       0xbe c:/program files (x86)/cypress/psoc creator/4.4/psoc creator/import/gnu/arm/5.4.1/bin/../lib/gcc/arm-none-eabi/5.4.1/../../../../arm-none-eabi/lib/armv7-m\libg_nano.a(lib_a-mprec.o)
                0x0000314e                __mdiff
 .text.__d2b    0x0000320c       0x9c c:/program files (x86)/cypress/psoc creator/4.4/psoc creator/import/gnu/arm/5.4.1/bin/../lib/gcc/arm-none-eabi/5.4.1/../../../../arm-none-eabi/lib/armv7-m\libg_nano.a(lib_a-mprec.o)
                0x0000320c                __d2b
 .text._calloc_r
                0x000032a8       0x1c c:/program files (x86)/cypress/psoc creator/4.4/psoc creator/import/gnu/arm/5.4.1/bin/../lib/gcc/arm-none-eabi/5.4.1/../../../../arm-none-eabi/lib/armv7-m\libg_nano.a(lib_a-nano-callocr.o)
                0x000032a8                _calloc_r
 .text._free_r  0x000032c4       0x98 c:/program files (x86)/cypress/psoc creator/4.4/psoc creator/import/gnu/arm/5.4.1/bin/../lib/gcc/arm-none-eabi/5.4.1/../../../../arm-none-eabi/lib/armv7-m\libg_nano.a(lib_a-nano-freer.o)
                0x000032c4                _free_r
 .text._malloc_r
                0x0000335c       0xbc c:/program files (x86)/cypress/psoc creator/4.4/psoc creator/import/gnu/arm/5.4.1/bin/../lib/gcc/arm-none-eabi/5.4.1/../../../../arm-none-eabi/lib/armv7-m\libg_nano.a(lib_a-nano-mallocr.o)
                0x0000335c                _malloc_r
 .text.__ssputs_r
                0x00003418       0xb2 c:/program files (x86)/cypress/psoc creator/4.4/psoc creator/import/gnu/arm/5.4.1/bin/../lib/gcc/arm-none-eabi/5.4.1/../../../../arm-none-eabi/lib/armv7-m\libg_nano.a(lib_a-nano-svfprintf.o)
                0x00003418                __ssputs_r
 *fill*         0x000034ca        0x2 
 .text._svfprintf_r
                0x000034cc      0x1e8 c:/program files (x86)/cypress/psoc creator/4.4/psoc creator/import/gnu/arm/5.4.1/bin/../lib/gcc/arm-none-eabi/5.4.1/../../../../arm-none-eabi/lib/armv7-m\libg_nano.a(lib_a-nano-svfprintf.o)
                0x000034cc                _svfiprintf_r
                0x000034cc                _svfprintf_r
 .text._sungetc_r
                0x000036b4       0x7c c:/program files (x86)/cypress/psoc creator/4.4/psoc creator/import/gnu/arm/5.4.1/bin/../lib/gcc/arm-none-eabi/5.4.1/../../../../arm-none-eabi/lib/armv7-m\libg_nano.a(lib_a-nano-svfscanf.o)
                0x000036b4                _sungetc_r
 .text.__ssrefill_r
                0x00003730       0x3a c:/program files (x86)/cypress/psoc creator/4.4/psoc creator/import/gnu/arm/5.4.1/bin/../lib/gcc/arm-none-eabi/5.4.1/../../../../arm-none-eabi/lib/armv7-m\libg_nano.a(lib_a-nano-svfscanf.o)
                0x00003730                __ssrefill_r
 *fill*         0x0000376a        0x2 
 .text.__ssvfscanf_r
                0x0000376c      0x2a8 c:/program files (x86)/cypress/psoc creator/4.4/psoc creator/import/gnu/arm/5.4.1/bin/../lib/gcc/arm-none-eabi/5.4.1/../../../../arm-none-eabi/lib/armv7-m\libg_nano.a(lib_a-nano-svfscanf.o)
                0x0000376c                __ssvfiscanf_r
                0x0000376c                __ssvfscanf_r
 .text._scanf_chars
                0x00003a14       0xcc c:/program files (x86)/cypress/psoc creator/4.4/psoc creator/import/gnu/arm/5.4.1/bin/../lib/gcc/arm-none-eabi/5.4.1/../../../../arm-none-eabi/lib/armv7-m\libg_nano.a(lib_a-nano-vfscanf_i.o)
                0x00003a14                _scanf_chars
 .text._scanf_i
                0x00003ae0      0x1e4 c:/program files (x86)/cypress/psoc creator/4.4/psoc creator/import/gnu/arm/5.4.1/bin/../lib/gcc/arm-none-eabi/5.4.1/../../../../arm-none-eabi/lib/armv7-m\libg_nano.a(lib_a-nano-vfscanf_i.o)
                0x00003ae0                _scanf_i
 .text._sbrk_r  0x00003cc4       0x20 c:/program files (x86)/cypress/psoc creator/4.4/psoc creator/import/gnu/arm/5.4.1/bin/../lib/gcc/arm-none-eabi/5.4.1/../../../../arm-none-eabi/lib/armv7-m\libg_nano.a(lib_a-sbrkr.o)
                0x00003cc4                _sbrk_r
 .text.__sccl   0x00003ce4       0x60 c:/program files (x86)/cypress/psoc creator/4.4/psoc creator/import/gnu/arm/5.4.1/bin/../lib/gcc/arm-none-eabi/5.4.1/../../../../arm-none-eabi/lib/armv7-m\libg_nano.a(lib_a-sccl.o)
                0x00003ce4                __sccl
 .text._strtol_r
                0x00003d44      0x10c c:/program files (x86)/cypress/psoc creator/4.4/psoc creator/import/gnu/arm/5.4.1/bin/../lib/gcc/arm-none-eabi/5.4.1/../../../../arm-none-eabi/lib/armv7-m\libg_nano.a(lib_a-strtol.o)
                0x00003d44                _strtol_r
 .text._strtoul_r
                0x00003e50       0xfc c:/program files (x86)/cypress/psoc creator/4.4/psoc creator/import/gnu/arm/5.4.1/bin/../lib/gcc/arm-none-eabi/5.4.1/../../../../arm-none-eabi/lib/armv7-m\libg_nano.a(lib_a-strtoul.o)
                0x00003e50                _strtoul_r
 .text.__submore
                0x00003f4c       0x72 c:/program files (x86)/cypress/psoc creator/4.4/psoc creator/import/gnu/arm/5.4.1/bin/../lib/gcc/arm-none-eabi/5.4.1/../../../../arm-none-eabi/lib/armv7-m\libg_nano.a(lib_a-ungetc.o)
                0x00003f4c                __submore
 .text.memmove  0x00003fbe       0x36 c:/program files (x86)/cypress/psoc creator/4.4/psoc creator/import/gnu/arm/5.4.1/bin/../lib/gcc/arm-none-eabi/5.4.1/../../../../arm-none-eabi/lib/armv7-m\libg_nano.a(lib_a-memmove.o)
                0x00003fbe                memmove
 .text.__malloc_lock
                0x00003ff4        0x2 c:/program files (x86)/cypress/psoc creator/4.4/psoc creator/import/gnu/arm/5.4.1/bin/../lib/gcc/arm-none-eabi/5.4.1/../../../../arm-none-eabi/lib/armv7-m\libg_nano.a(lib_a-mlock.o)
                0x00003ff4                __malloc_lock
 .text.__malloc_unlock
                0x00003ff6        0x2 c:/program files (x86)/cypress/psoc creator/4.4/psoc creator/import/gnu/arm/5.4.1/bin/../lib/gcc/arm-none-eabi/5.4.1/../../../../arm-none-eabi/lib/armv7-m\libg_nano.a(lib_a-mlock.o)
                0x00003ff6                __malloc_unlock
 .text._realloc_r
                0x00003ff8       0x4c c:/program files (x86)/cypress/psoc creator/4.4/psoc creator/import/gnu/arm/5.4.1/bin/../lib/gcc/arm-none-eabi/5.4.1/../../../../arm-none-eabi/lib/armv7-m\libg_nano.a(lib_a-nano-reallocr.o)
                0x00003ff8                _realloc_r
 .text._malloc_usable_size_r
                0x00004044       0x14 c:/program files (x86)/cypress/psoc creator/4.4/psoc creator/import/gnu/arm/5.4.1/bin/../lib/gcc/arm-none-eabi/5.4.1/../../../../arm-none-eabi/lib/armv7-m\libg_nano.a(lib_a-nano-msizer.o)
                0x00004044                _malloc_usable_size_r
 .text          0x00004058      0x424 c:/program files (x86)/cypress/psoc creator/4.4/psoc creator/import/gnu/arm/5.4.1/bin/../lib/gcc/arm-none-eabi/5.4.1/armv7-m\libgcc.a(_arm_muldivdf3.o)
                0x00004058                __aeabi_dmul
                0x00004058                __muldf3
                0x000042ac                __divdf3
                0x000042ac                __aeabi_ddiv
 .text          0x0000447c      0x110 c:/program files (x86)/cypress/psoc creator/4.4/psoc creator/import/gnu/arm/5.4.1/bin/../lib/gcc/arm-none-eabi/5.4.1/armv7-m\libgcc.a(_arm_cmpdf2.o)
                0x0000447c                __gtdf2
                0x0000447c                __gedf2
                0x00004484                __ltdf2
                0x00004484                __ledf2
                0x0000448c                __nedf2
                0x0000448c                __eqdf2
                0x0000448c                __cmpdf2
                0x00004508                __aeabi_cdrcmple
                0x00004518                __aeabi_cdcmpeq
                0x00004518                __aeabi_cdcmple
                0x00004528                __aeabi_dcmpeq
                0x0000453c                __aeabi_dcmplt
                0x00004550                __aeabi_dcmple
                0x00004564                __aeabi_dcmpge
                0x00004578                __aeabi_dcmpgt
 .text          0x0000458c       0x2c c:/program files (x86)/cypress/psoc creator/4.4/psoc creator/import/gnu/arm/5.4.1/bin/../lib/gcc/arm-none-eabi/5.4.1/armv7-m\libgcc.a(_arm_unorddf2.o)
                0x0000458c                __unorddf2
                0x0000458c                __aeabi_dcmpun
 .text          0x000045b8       0x50 c:/program files (x86)/cypress/psoc creator/4.4/psoc creator/import/gnu/arm/5.4.1/bin/../lib/gcc/arm-none-eabi/5.4.1/armv7-m\libgcc.a(_arm_fixdfsi.o)
                0x000045b8                __aeabi_d2iz
                0x000045b8                __fixdfsi
 *(.plt)
 *(.gnu.warning)
 *(.glue_7t)
 .glue_7t       0x00004608        0x0 linker stubs
 *(.glue_7)
 .glue_7        0x00004608        0x0 linker stubs
 *(.vfp11_veneer)
 .vfp11_veneer  0x00004608        0x0 linker stubs
 *(.bootloader)
 *(.ARM.extab* .gnu.linkonce.armextab.*)
 *(.gcc_except_table)

.v4_bx          0x00004608        0x0
 .v4_bx         0x00004608        0x0 linker stubs

.iplt           0x00004608        0x0
 .iplt          0x00004608        0x0 c:/program files (x86)/cypress/psoc creator/4.4/psoc creator/import/gnu/arm/5.4.1/bin/../lib/gcc/arm-none-eabi/5.4.1/armv7-m/crtbegin.o

.eh_frame_hdr
 *(.eh_frame_hdr)

.eh_frame       0x00004608        0x4
 *(.eh_frame)
 .eh_frame      0x00004608        0x0 c:/program files (x86)/cypress/psoc creator/4.4/psoc creator/import/gnu/arm/5.4.1/bin/../lib/gcc/arm-none-eabi/5.4.1/armv7-m/crtbegin.o
 .eh_frame      0x00004608        0x4 c:/program files (x86)/cypress/psoc creator/4.4/psoc creator/import/gnu/arm/5.4.1/bin/../lib/gcc/arm-none-eabi/5.4.1/armv7-m/crtend.o
                [!provide]                PROVIDE (__exidx_start, .)

.ARM.exidx
 *(.ARM.exidx* .gnu.linkonce.armexidx.*)
                0x0000460c                __exidx_end = .

.rodata         0x00004610      0x4d8
 *(.rodata .rodata.* .gnu.linkonce.r.*)
 .rodata        0x00004610       0x60 .\CortexM3\ARM_GCC_541\Debug\main.o
 .rodata.str1.4
                0x00004670      0x114 .\CortexM3\ARM_GCC_541\Debug\main.o
                                0x125 (size before relaxing)
 .rodata        0x00004784       0x44 .\CortexM3\ARM_GCC_541\Debug\cyfitter_cfg.o
 .rodata.str1.1
                0x000047c8        0x2 c:/program files (x86)/cypress/psoc creator/4.4/psoc creator/import/gnu/arm/5.4.1/bin/../lib/gcc/arm-none-eabi/5.4.1/../../../../arm-none-eabi/lib/armv7-m\libg_nano.a(lib_a-impure.o)
 .rodata.str1.1
                0x000047ca       0x10 c:/program files (x86)/cypress/psoc creator/4.4/psoc creator/import/gnu/arm/5.4.1/bin/../lib/gcc/arm-none-eabi/5.4.1/../../../../arm-none-eabi/lib/armv7-m\libg_nano.a(lib_a-nano-vfprintf_float.o)
                                 0x12 (size before relaxing)
 .rodata.str1.1
                0x000047da       0x22 c:/program files (x86)/cypress/psoc creator/4.4/psoc creator/import/gnu/arm/5.4.1/bin/../lib/gcc/arm-none-eabi/5.4.1/../../../../arm-none-eabi/lib/armv7-m\libg_nano.a(lib_a-nano-vfprintf_i.o)
 .rodata.str1.1
                0x000047fc        0xd c:/program files (x86)/cypress/psoc creator/4.4/psoc creator/import/gnu/arm/5.4.1/bin/../lib/gcc/arm-none-eabi/5.4.1/../../../../arm-none-eabi/lib/armv7-m\libg_nano.a(lib_a-dtoa.o)
                                  0xf (size before relaxing)
 .rodata.str1.1
                0x00004809        0x8 c:/program files (x86)/cypress/psoc creator/4.4/psoc creator/import/gnu/arm/5.4.1/bin/../lib/gcc/arm-none-eabi/5.4.1/../../../../arm-none-eabi/lib/armv7-m\libg_nano.a(lib_a-locale.o)
                                  0xb (size before relaxing)
 *fill*         0x00004811        0x7 
 .rodata.__mprec_tens
                0x00004818       0xc8 c:/program files (x86)/cypress/psoc creator/4.4/psoc creator/import/gnu/arm/5.4.1/bin/../lib/gcc/arm-none-eabi/5.4.1/../../../../arm-none-eabi/lib/armv7-m\libg_nano.a(lib_a-mprec.o)
                0x00004818                __mprec_tens
 .rodata.p05.5408
                0x000048e0        0xc c:/program files (x86)/cypress/psoc creator/4.4/psoc creator/import/gnu/arm/5.4.1/bin/../lib/gcc/arm-none-eabi/5.4.1/../../../../arm-none-eabi/lib/armv7-m\libg_nano.a(lib_a-mprec.o)
 *fill*         0x000048ec        0x4 
 .rodata.__mprec_bigtens
                0x000048f0       0x28 c:/program files (x86)/cypress/psoc creator/4.4/psoc creator/import/gnu/arm/5.4.1/bin/../lib/gcc/arm-none-eabi/5.4.1/../../../../arm-none-eabi/lib/armv7-m\libg_nano.a(lib_a-mprec.o)
                0x000048f0                __mprec_bigtens
 .rodata.str1.1
                0x00004918       0x11 c:/program files (x86)/cypress/psoc creator/4.4/psoc creator/import/gnu/arm/5.4.1/bin/../lib/gcc/arm-none-eabi/5.4.1/../../../../arm-none-eabi/lib/armv7-m\libg_nano.a(lib_a-nano-svfprintf.o)
 .rodata.str1.1
                0x00004929        0x4 c:/program files (x86)/cypress/psoc creator/4.4/psoc creator/import/gnu/arm/5.4.1/bin/../lib/gcc/arm-none-eabi/5.4.1/../../../../arm-none-eabi/lib/armv7-m\libg_nano.a(lib_a-nano-svfscanf.o)
 *fill*         0x00004929        0x3 
 .rodata        0x0000492c        0xc c:/program files (x86)/cypress/psoc creator/4.4/psoc creator/import/gnu/arm/5.4.1/bin/../lib/gcc/arm-none-eabi/5.4.1/../../../../arm-none-eabi/lib/armv7-m\libg_nano.a(lib_a-nano-vfscanf_i.o)
 .rodata.str1.1
                0x00004938       0x1b c:/program files (x86)/cypress/psoc creator/4.4/psoc creator/import/gnu/arm/5.4.1/bin/../lib/gcc/arm-none-eabi/5.4.1/../../../../arm-none-eabi/lib/armv7-m\libg_nano.a(lib_a-nano-vfscanf_i.o)
 .rodata._ctype_
                0x00004953      0x101 c:/program files (x86)/cypress/psoc creator/4.4/psoc creator/import/gnu/arm/5.4.1/bin/../lib/gcc/arm-none-eabi/5.4.1/../../../../arm-none-eabi/lib/armv7-m\libg_nano.a(lib_a-ctype_.o)
                0x00004953                _ctype_
 .rodata.__sf_fake_stdin
                0x00004a54       0x20 c:/program files (x86)/cypress/psoc creator/4.4/psoc creator/import/gnu/arm/5.4.1/bin/../lib/gcc/arm-none-eabi/5.4.1/../../../../arm-none-eabi/lib/armv7-m\libg_nano.a(lib_a-findfp.o)
                0x00004a54                __sf_fake_stdin
 .rodata.__sf_fake_stdout
                0x00004a74       0x20 c:/program files (x86)/cypress/psoc creator/4.4/psoc creator/import/gnu/arm/5.4.1/bin/../lib/gcc/arm-none-eabi/5.4.1/../../../../arm-none-eabi/lib/armv7-m\libg_nano.a(lib_a-findfp.o)
                0x00004a74                __sf_fake_stdout
 .rodata.__sf_fake_stderr
                0x00004a94       0x20 c:/program files (x86)/cypress/psoc creator/4.4/psoc creator/import/gnu/arm/5.4.1/bin/../lib/gcc/arm-none-eabi/5.4.1/../../../../arm-none-eabi/lib/armv7-m\libg_nano.a(lib_a-findfp.o)
                0x00004a94                __sf_fake_stderr
                0x00004ab4                . = ALIGN (0x4)
 *(.init)
 .init          0x00004ab4        0x4 c:/program files (x86)/cypress/psoc creator/4.4/psoc creator/import/gnu/arm/5.4.1/bin/../lib/gcc/arm-none-eabi/5.4.1/armv7-m/crti.o
                0x00004ab4                _init
 .init          0x00004ab8        0x8 c:/program files (x86)/cypress/psoc creator/4.4/psoc creator/import/gnu/arm/5.4.1/bin/../lib/gcc/arm-none-eabi/5.4.1/armv7-m/crtn.o
                0x00004ac0                . = ALIGN (0x4)
                0x00004ac0                __preinit_array_start = .
 *(.preinit_array)
                0x00004ac0                __preinit_array_end = .
                0x00004ac0                . = ALIGN (0x4)
                0x00004ac0                __init_array_start = .
 *(SORT(.init_array.*))
 *(.init_array)
 .init_array    0x00004ac0        0x4 c:/program files (x86)/cypress/psoc creator/4.4/psoc creator/import/gnu/arm/5.4.1/bin/../lib/gcc/arm-none-eabi/5.4.1/armv7-m/crtbegin.o
 .init_array    0x00004ac4        0x4 .\CortexM3\ARM_GCC_541\Debug\Cm3Start.o
                0x00004ac8                __init_array_end = .
                0x00004ac8                . = ALIGN (0x4)
 *(.fini)
 .fini          0x00004ac8        0x4 c:/program files (x86)/cypress/psoc creator/4.4/psoc creator/import/gnu/arm/5.4.1/bin/../lib/gcc/arm-none-eabi/5.4.1/armv7-m/crti.o
                0x00004ac8                _fini
 .fini          0x00004acc        0x8 c:/program files (x86)/cypress/psoc creator/4.4/psoc creator/import/gnu/arm/5.4.1/bin/../lib/gcc/arm-none-eabi/5.4.1/armv7-m/crtn.o
                0x00004ad4                . = ALIGN (0x4)
                0x00004ad4                __fini_array_start = .
 *(.fini_array)
 .fini_array    0x00004ad4        0x4 c:/program files (x86)/cypress/psoc creator/4.4/psoc creator/import/gnu/arm/5.4.1/bin/../lib/gcc/arm-none-eabi/5.4.1/armv7-m/crtbegin.o
 *(SORT(.fini_array.*))
                0x00004ad8                __fini_array_end = .
                0x00004ad8                . = ALIGN (0x4)
 *crtbegin.o(.ctors)
 *(EXCLUDE_FILE(*crtend.o) .ctors)
 *(SORT(.ctors.*))
 *crtend.o(.ctors)
                0x00004ad8                . = ALIGN (0x4)
 *crtbegin.o(.dtors)
 *(EXCLUDE_FILE(*crtend.o) .dtors)
 *(SORT(.dtors.*))
 *crtend.o(.dtors)
                0x00004ad8                . = ALIGN (0x4)
                0x00004ad8                __cy_regions = .
                0x00004ad8        0x4 LONG 0x4ae8 __cy_region_init_ram
                0x00004adc        0x4 LONG 0x1fff80c8 __cy_region_start_data
                0x00004ae0        0x4 LONG 0xb0 __cy_region_init_size_ram
                0x00004ae4        0x4 LONG 0xd8 __cy_region_zero_size_ram
                0x00004ae8                __cy_regions_end = .
                0x00004ae8                . = ALIGN (0x8)
                0x00004ae8                _etext = .

.cy_checksum_exclude
                0x00004ae8        0x0
 *(.cy_checksum_exclude)

.ramvectors     0x1fff8000       0xc0
                0x1fff8000                __cy_region_start_ram = .
 *(.ramvectors)
 .ramvectors    0x1fff8000       0xc0 .\CortexM3\ARM_GCC_541\Debug\Cm3Start.o
                0x1fff8000                CyRamVectors

.noinit         0x1fff80c0        0x1
 *(.noinit)
 .noinit        0x1fff80c0        0x1 .\CortexM3\ARM_GCC_541\Debug\Trigger.a(CyLib.o)
                0x1fff80c0                CyResetStatus

.data           0x1fff80c8       0xb0 load address 0x00004ae8
                0x1fff80c8                __cy_region_start_data = .
 *(.jcr)
 .jcr           0x1fff80c8        0x0 c:/program files (x86)/cypress/psoc creator/4.4/psoc creator/import/gnu/arm/5.4.1/bin/../lib/gcc/arm-none-eabi/5.4.1/armv7-m/crtbegin.o
 .jcr           0x1fff80c8        0x4 c:/program files (x86)/cypress/psoc creator/4.4/psoc creator/import/gnu/arm/5.4.1/bin/../lib/gcc/arm-none-eabi/5.4.1/armv7-m/crtend.o
 *(.got.plt)
 *(.got)
 *(.shdata)
 *(.data .data.* .gnu.linkonce.d.*)
 .data          0x1fff80cc        0x4 .\CortexM3\ARM_GCC_541\Debug\main.o
 .data          0x1fff80d0        0x4 .\CortexM3\ARM_GCC_541\Debug\Cm3Start.o
 .data.impure_data
                0x1fff80d4       0x60 c:/program files (x86)/cypress/psoc creator/4.4/psoc creator/import/gnu/arm/5.4.1/bin/../lib/gcc/arm-none-eabi/5.4.1/../../../../arm-none-eabi/lib/armv7-m\libg_nano.a(lib_a-impure.o)
 .data._impure_ptr
                0x1fff8134        0x4 c:/program files (x86)/cypress/psoc creator/4.4/psoc creator/import/gnu/arm/5.4.1/bin/../lib/gcc/arm-none-eabi/5.4.1/../../../../arm-none-eabi/lib/armv7-m\libg_nano.a(lib_a-impure.o)
                0x1fff8134                _impure_ptr
 .data.lconv    0x1fff8138       0x38 c:/program files (x86)/cypress/psoc creator/4.4/psoc creator/import/gnu/arm/5.4.1/bin/../lib/gcc/arm-none-eabi/5.4.1/../../../../arm-none-eabi/lib/armv7-m\libg_nano.a(lib_a-locale.o)
 .data.__ctype_ptr__
                0x1fff8170        0x4 c:/program files (x86)/cypress/psoc creator/4.4/psoc creator/import/gnu/arm/5.4.1/bin/../lib/gcc/arm-none-eabi/5.4.1/../../../../arm-none-eabi/lib/armv7-m\libg_nano.a(lib_a-ctype_.o)
                0x1fff8170                __ctype_ptr__
                0x1fff8178                . = ALIGN (0x8)
 *fill*         0x1fff8174        0x4 
 *(.ram)
                0x1fff8178                _edata = .

.igot.plt       0x1fff8178        0x0 load address 0x00004b98
 .igot.plt      0x1fff8178        0x0 c:/program files (x86)/cypress/psoc creator/4.4/psoc creator/import/gnu/arm/5.4.1/bin/../lib/gcc/arm-none-eabi/5.4.1/armv7-m/crtbegin.o

.bss            0x1fff8178       0xd8 load address 0x00004b98
                0x1fff8178                PROVIDE (__bss_start__, .)
 *(.shbss)
 *(.bss .bss.* .gnu.linkonce.b.*)
 .bss           0x1fff8178       0x1c c:/program files (x86)/cypress/psoc creator/4.4/psoc creator/import/gnu/arm/5.4.1/bin/../lib/gcc/arm-none-eabi/5.4.1/armv7-m/crtbegin.o
 .bss           0x1fff8194       0xa4 .\CortexM3\ARM_GCC_541\Debug\main.o
 .bss           0x1fff8238        0x1 .\CortexM3\ARM_GCC_541\Debug\Trigger.a(Comp.o)
                0x1fff8238                Comp_initVar
 .bss           0x1fff8239        0x1 .\CortexM3\ARM_GCC_541\Debug\Trigger.a(Counter.o)
                0x1fff8239                Counter_initVar
 .bss           0x1fff823a        0x2 .\CortexM3\ARM_GCC_541\Debug\Trigger.a(UART.o)
                0x1fff823a                UART_initVar
 .bss           0x1fff823c        0x1 .\CortexM3\ARM_GCC_541\Debug\Trigger.a(Timer.o)
                0x1fff823c                Timer_initVar
 .bss           0x1fff823d        0x1 .\CortexM3\ARM_GCC_541\Debug\Trigger.a(freqcounter.o)
                0x1fff823d                freqcounter_initVar
 *fill*         0x1fff823e        0x2 
 .bss.__malloc_sbrk_start
                0x1fff8240        0x4 c:/program files (x86)/cypress/psoc creator/4.4/psoc creator/import/gnu/arm/5.4.1/bin/../lib/gcc/arm-none-eabi/5.4.1/../../../../arm-none-eabi/lib/armv7-m\libg_nano.a(lib_a-nano-mallocr.o)
                0x1fff8240                __malloc_sbrk_start
 .bss.__malloc_free_list
                0x1fff8244        0x4 c:/program files (x86)/cypress/psoc creator/4.4/psoc creator/import/gnu/arm/5.4.1/bin/../lib/gcc/arm-none-eabi/5.4.1/../../../../arm-none-eabi/lib/armv7-m\libg_nano.a(lib_a-nano-mallocr.o)
                0x1fff8244                __malloc_free_list
 *(COMMON)
 COMMON         0x1fff8248        0x4 c:/program files (x86)/cypress/psoc creator/4.4/psoc creator/import/gnu/arm/5.4.1/bin/../lib/gcc/arm-none-eabi/5.4.1/../../../../arm-none-eabi/lib/armv7-m\libg_nano.a(lib_a-reent.o)
                0x1fff8248                errno
                0x1fff8250                . = ALIGN (0x8)
 *fill*         0x1fff824c        0x4 
 *(.ram.b)
                0x1fff8250                _end = .
                0x1fff8250                __end = .
                0x1fff8250                PROVIDE (end, .)
                0x1fff8250                PROVIDE (__bss_end__, .)
                0x00004ae8                __cy_region_init_ram = LOADADDR (.data)
                0x000000b0                __cy_region_init_size_ram = (_edata - ADDR (.data))
                0x000000d8                __cy_region_zero_size_ram = (_end - _edata)

.heap           0x1fff8250      0x200 load address 0x00004b98
                0x1fff8250                . = _end
                0x1fff8450                . = (. + 0x200)
 *fill*         0x1fff8250      0x200 
                0x1fff8450                __cy_heap_limit = .

.stack          0x20007800      0x800
                0x20007800                __cy_stack_limit = .
                0x20008000                . = (. + 0x800)
 *fill*         0x20007800      0x800 
                0x00000001                ASSERT ((__cy_stack_limit >= __cy_heap_limit), region RAM overflowed with stack)
                0x00000000                cy_checksum_exclude_size = (CY_APPL_LOADABLE == 0x1)?SIZEOF (.cy_checksum_exclude):0x0
                0x00000001                ASSERT ((cy_checksum_exclude_size <= CY_CHECKSUM_EXCLUDE_SIZE), CY_BOOT: Section .cy_checksum_exclude size exceedes specified limit.)

.cyloadermeta
 *(.cyloadermeta)

.cyloadablemeta
 *(.cyloadablemeta)

.cyconfigecc    0x80000000      0x820
 *(.cyconfigecc)
 .cyconfigecc   0x80000000      0x820 .\CortexM3\ARM_GCC_541\Debug\cymetadata.o
                0x80000000                cy_meta_configecc

.cycustnvl      0x90000000        0x4
 *(.cycustnvl)
 .cycustnvl     0x90000000        0x4 .\CortexM3\ARM_GCC_541\Debug\cymetadata.o
                0x90000000                cy_meta_custnvl

.cywolatch      0x90100000        0x4
 *(.cywolatch)
 .cywolatch     0x90100000        0x4 .\CortexM3\ARM_GCC_541\Debug\cymetadata.o
                0x90100000                cy_meta_wonvl

.cyeeprom       0x90200000        0x0
 *(.cyeeprom)
                0x00000001                ASSERT ((. <= ((0x90200000 + ee_offset) + ee_size)), .cyeeprom data will not fit in EEPROM)

.cyflashprotect
                0x90400000      0x100
 *(.cyflashprotect)
 .cyflashprotect
                0x90400000      0x100 .\CortexM3\ARM_GCC_541\Debug\cymetadata.o
                0x90400000                cy_meta_flashprotect

.cymeta         0x90500000        0xc
 *(.cymeta)
 .cymeta        0x90500000        0xc .\CortexM3\ARM_GCC_541\Debug\cymetadata.o
                0x90500000                cy_metadata

.rel.dyn        0x00004b98        0x0 load address 0x9050000c
 .rel.iplt      0x00004b98        0x0 c:/program files (x86)/cypress/psoc creator/4.4/psoc creator/import/gnu/arm/5.4.1/bin/../lib/gcc/arm-none-eabi/5.4.1/armv7-m/crtbegin.o

.stab           0x00000000       0x6c
 *(.stab)
 .stab          0x00000000       0x24 c:/program files (x86)/cypress/psoc creator/4.4/psoc creator/import/gnu/arm/5.4.1/bin/../lib/gcc/arm-none-eabi/5.4.1/../../../../arm-none-eabi/lib/armv7-m\libnosys.a(close.o)
 .stab          0x00000024       0x18 c:/program files (x86)/cypress/psoc creator/4.4/psoc creator/import/gnu/arm/5.4.1/bin/../lib/gcc/arm-none-eabi/5.4.1/../../../../arm-none-eabi/lib/armv7-m\libnosys.a(lseek.o)
                                 0x24 (size before relaxing)
 .stab          0x0000003c       0x18 c:/program files (x86)/cypress/psoc creator/4.4/psoc creator/import/gnu/arm/5.4.1/bin/../lib/gcc/arm-none-eabi/5.4.1/../../../../arm-none-eabi/lib/armv7-m\libnosys.a(read.o)
                                 0x24 (size before relaxing)
 .stab          0x00000054       0x18 c:/program files (x86)/cypress/psoc creator/4.4/psoc creator/import/gnu/arm/5.4.1/bin/../lib/gcc/arm-none-eabi/5.4.1/../../../../arm-none-eabi/lib/armv7-m\libnosys.a(write.o)
                                 0x24 (size before relaxing)

.stabstr        0x00000000       0xdf
 *(.stabstr)
 .stabstr       0x00000000       0xdf c:/program files (x86)/cypress/psoc creator/4.4/psoc creator/import/gnu/arm/5.4.1/bin/../lib/gcc/arm-none-eabi/5.4.1/../../../../arm-none-eabi/lib/armv7-m\libnosys.a(close.o)

.debug
 *(.debug)

.line
 *(.line)

.debug_srcinfo
 *(.debug_srcinfo)

.debug_sfnames
 *(.debug_sfnames)

.debug_aranges  0x00000000      0x9e8
 *(.debug_aranges)
 .debug_aranges
                0x00000000       0x80 .\CortexM3\ARM_GCC_541\Debug\main.o
 .debug_aranges
                0x00000080       0x58 .\CortexM3\ARM_GCC_541\Debug\cyfitter_cfg.o
 .debug_aranges
                0x000000d8       0x18 .\CortexM3\ARM_GCC_541\Debug\cymetadata.o
 .debug_aranges
                0x000000f0       0x48 .\CortexM3\ARM_GCC_541\Debug\Cm3Start.o
 .debug_aranges
                0x00000138      0x2a0 .\CortexM3\ARM_GCC_541\Debug\Trigger.a(CyLib.o)
 .debug_aranges
                0x000003d8       0x98 .\CortexM3\ARM_GCC_541\Debug\Trigger.a(cyPm.o)
 .debug_aranges
                0x00000470       0x70 .\CortexM3\ARM_GCC_541\Debug\Trigger.a(Comp.o)
 .debug_aranges
                0x000004e0       0x38 .\CortexM3\ARM_GCC_541\Debug\Trigger.a(sw.o)
 .debug_aranges
                0x00000518       0x88 .\CortexM3\ARM_GCC_541\Debug\Trigger.a(Counter.o)
 .debug_aranges
                0x000005a0       0xf0 .\CortexM3\ARM_GCC_541\Debug\Trigger.a(UART.o)
 .debug_aranges
                0x00000690       0x70 .\CortexM3\ARM_GCC_541\Debug\Trigger.a(UART_IntClock.o)
 .debug_aranges
                0x00000700       0x80 .\CortexM3\ARM_GCC_541\Debug\Trigger.a(isr_sw.o)
 .debug_aranges
                0x00000780       0x90 .\CortexM3\ARM_GCC_541\Debug\Trigger.a(Timer.o)
 .debug_aranges
                0x00000810       0x88 .\CortexM3\ARM_GCC_541\Debug\Trigger.a(freqcounter.o)
 .debug_aranges
                0x00000898       0x28 .\CortexM3\ARM_GCC_541\Debug\Trigger.a(muxSel.o)
 .debug_aranges
                0x000008c0       0x20 .\CortexM3\ARM_GCC_541\Debug\Trigger.a(CyBootAsmGnu.o)
 .debug_aranges
                0x000008e0       0x88 .\CortexM3\ARM_GCC_541\Debug\Trigger.a(CyFlash.o)
 .debug_aranges
                0x00000968       0x80 .\CortexM3\ARM_GCC_541\Debug\Trigger.a(CySpc.o)

.debug_pubnames
 *(.debug_pubnames)

.debug_info     0x00000000     0x59d7
 *(.debug_info .gnu.linkonce.wi.*)
 .debug_info    0x00000000      0xbef .\CortexM3\ARM_GCC_541\Debug\main.o
 .debug_info    0x00000bef      0x603 .\CortexM3\ARM_GCC_541\Debug\cyfitter_cfg.o
 .debug_info    0x000011f2      0x139 .\CortexM3\ARM_GCC_541\Debug\cymetadata.o
 .debug_info    0x0000132b      0x3bb .\CortexM3\ARM_GCC_541\Debug\Cm3Start.o
 .debug_info    0x000016e6     0x1374 .\CortexM3\ARM_GCC_541\Debug\Trigger.a(CyLib.o)
 .debug_info    0x00002a5a      0xa2a .\CortexM3\ARM_GCC_541\Debug\Trigger.a(cyPm.o)
 .debug_info    0x00003484      0x2c8 .\CortexM3\ARM_GCC_541\Debug\Trigger.a(Comp.o)
 .debug_info    0x0000374c      0x11f .\CortexM3\ARM_GCC_541\Debug\Trigger.a(sw.o)
 .debug_info    0x0000386b      0x2ef .\CortexM3\ARM_GCC_541\Debug\Trigger.a(Counter.o)
 .debug_info    0x00003b5a      0x60c .\CortexM3\ARM_GCC_541\Debug\Trigger.a(UART.o)
 .debug_info    0x00004166      0x283 .\CortexM3\ARM_GCC_541\Debug\Trigger.a(UART_IntClock.o)
 .debug_info    0x000043e9      0x2d2 .\CortexM3\ARM_GCC_541\Debug\Trigger.a(isr_sw.o)
 .debug_info    0x000046bb      0x2ee .\CortexM3\ARM_GCC_541\Debug\Trigger.a(Timer.o)
 .debug_info    0x000049a9      0x2f1 .\CortexM3\ARM_GCC_541\Debug\Trigger.a(freqcounter.o)
 .debug_info    0x00004c9a       0xd6 .\CortexM3\ARM_GCC_541\Debug\Trigger.a(muxSel.o)
 .debug_info    0x00004d70       0xca .\CortexM3\ARM_GCC_541\Debug\Trigger.a(CyBootAsmGnu.o)
 .debug_info    0x00004e3a      0x64d .\CortexM3\ARM_GCC_541\Debug\Trigger.a(CyFlash.o)
 .debug_info    0x00005487      0x550 .\CortexM3\ARM_GCC_541\Debug\Trigger.a(CySpc.o)

.debug_abbrev   0x00000000     0x178c
 *(.debug_abbrev)
 .debug_abbrev  0x00000000      0x1d9 .\CortexM3\ARM_GCC_541\Debug\main.o
 .debug_abbrev  0x000001d9      0x20d .\CortexM3\ARM_GCC_541\Debug\cyfitter_cfg.o
 .debug_abbrev  0x000003e6       0x77 .\CortexM3\ARM_GCC_541\Debug\cymetadata.o
 .debug_abbrev  0x0000045d      0x1e8 .\CortexM3\ARM_GCC_541\Debug\Cm3Start.o
 .debug_abbrev  0x00000645      0x254 .\CortexM3\ARM_GCC_541\Debug\Trigger.a(CyLib.o)
 .debug_abbrev  0x00000899      0x1ab .\CortexM3\ARM_GCC_541\Debug\Trigger.a(cyPm.o)
 .debug_abbrev  0x00000a44      0x16e .\CortexM3\ARM_GCC_541\Debug\Trigger.a(Comp.o)
 .debug_abbrev  0x00000bb2       0x90 .\CortexM3\ARM_GCC_541\Debug\Trigger.a(sw.o)
 .debug_abbrev  0x00000c42      0x117 .\CortexM3\ARM_GCC_541\Debug\Trigger.a(Counter.o)
 .debug_abbrev  0x00000d59      0x175 .\CortexM3\ARM_GCC_541\Debug\Trigger.a(UART.o)
 .debug_abbrev  0x00000ece      0x139 .\CortexM3\ARM_GCC_541\Debug\Trigger.a(UART_IntClock.o)
 .debug_abbrev  0x00001007      0x173 .\CortexM3\ARM_GCC_541\Debug\Trigger.a(isr_sw.o)
 .debug_abbrev  0x0000117a      0x12b .\CortexM3\ARM_GCC_541\Debug\Trigger.a(Timer.o)
 .debug_abbrev  0x000012a5      0x117 .\CortexM3\ARM_GCC_541\Debug\Trigger.a(freqcounter.o)
 .debug_abbrev  0x000013bc       0x81 .\CortexM3\ARM_GCC_541\Debug\Trigger.a(muxSel.o)
 .debug_abbrev  0x0000143d       0x14 .\CortexM3\ARM_GCC_541\Debug\Trigger.a(CyBootAsmGnu.o)
 .debug_abbrev  0x00001451      0x1a7 .\CortexM3\ARM_GCC_541\Debug\Trigger.a(CyFlash.o)
 .debug_abbrev  0x000015f8      0x194 .\CortexM3\ARM_GCC_541\Debug\Trigger.a(CySpc.o)

.debug_line     0x00000000     0x25d4
 *(.debug_line)
 .debug_line    0x00000000      0x40b .\CortexM3\ARM_GCC_541\Debug\main.o
 .debug_line    0x0000040b      0x202 .\CortexM3\ARM_GCC_541\Debug\cyfitter_cfg.o
 .debug_line    0x0000060d      0x141 .\CortexM3\ARM_GCC_541\Debug\cymetadata.o
 .debug_line    0x0000074e      0x234 .\CortexM3\ARM_GCC_541\Debug\Cm3Start.o
 .debug_line    0x00000982      0x816 .\CortexM3\ARM_GCC_541\Debug\Trigger.a(CyLib.o)
 .debug_line    0x00001198      0x367 .\CortexM3\ARM_GCC_541\Debug\Trigger.a(cyPm.o)
 .debug_line    0x000014ff      0x163 .\CortexM3\ARM_GCC_541\Debug\Trigger.a(Comp.o)
 .debug_line    0x00001662       0x8f .\CortexM3\ARM_GCC_541\Debug\Trigger.a(sw.o)
 .debug_line    0x000016f1      0x15b .\CortexM3\ARM_GCC_541\Debug\Trigger.a(Counter.o)
 .debug_line    0x0000184c      0x2bc .\CortexM3\ARM_GCC_541\Debug\Trigger.a(UART.o)
 .debug_line    0x00001b08      0x17c .\CortexM3\ARM_GCC_541\Debug\Trigger.a(UART_IntClock.o)
 .debug_line    0x00001c84      0x133 .\CortexM3\ARM_GCC_541\Debug\Trigger.a(isr_sw.o)
 .debug_line    0x00001db7      0x170 .\CortexM3\ARM_GCC_541\Debug\Trigger.a(Timer.o)
 .debug_line    0x00001f27      0x15f .\CortexM3\ARM_GCC_541\Debug\Trigger.a(freqcounter.o)
 .debug_line    0x00002086       0x6e .\CortexM3\ARM_GCC_541\Debug\Trigger.a(muxSel.o)
 .debug_line    0x000020f4       0x66 .\CortexM3\ARM_GCC_541\Debug\Trigger.a(CyBootAsmGnu.o)
 .debug_line    0x0000215a      0x21a .\CortexM3\ARM_GCC_541\Debug\Trigger.a(CyFlash.o)
 .debug_line    0x00002374      0x260 .\CortexM3\ARM_GCC_541\Debug\Trigger.a(CySpc.o)

.debug_frame    0x00000000     0x26b4
 *(.debug_frame)
 .debug_frame   0x00000000      0x190 .\CortexM3\ARM_GCC_541\Debug\main.o
 .debug_frame   0x00000190       0xe4 .\CortexM3\ARM_GCC_541\Debug\cyfitter_cfg.o
 .debug_frame   0x00000274       0xb8 .\CortexM3\ARM_GCC_541\Debug\Cm3Start.o
 .debug_frame   0x0000032c      0x738 .\CortexM3\ARM_GCC_541\Debug\Trigger.a(CyLib.o)
 .debug_frame   0x00000a64      0x1f8 .\CortexM3\ARM_GCC_541\Debug\Trigger.a(cyPm.o)
 .debug_frame   0x00000c5c      0x108 .\CortexM3\ARM_GCC_541\Debug\Trigger.a(Comp.o)
 .debug_frame   0x00000d64       0x50 .\CortexM3\ARM_GCC_541\Debug\Trigger.a(sw.o)
 .debug_frame   0x00000db4      0x114 .\CortexM3\ARM_GCC_541\Debug\Trigger.a(Counter.o)
 .debug_frame   0x00000ec8      0x250 .\CortexM3\ARM_GCC_541\Debug\Trigger.a(UART.o)
 .debug_frame   0x00001118       0xe0 .\CortexM3\ARM_GCC_541\Debug\Trigger.a(UART_IntClock.o)
 .debug_frame   0x000011f8      0x104 .\CortexM3\ARM_GCC_541\Debug\Trigger.a(isr_sw.o)
 .debug_frame   0x000012fc      0x124 .\CortexM3\ARM_GCC_541\Debug\Trigger.a(Timer.o)
 .debug_frame   0x00001420      0x114 .\CortexM3\ARM_GCC_541\Debug\Trigger.a(freqcounter.o)
 .debug_frame   0x00001534       0x30 .\CortexM3\ARM_GCC_541\Debug\Trigger.a(muxSel.o)
 .debug_frame   0x00001564      0x194 .\CortexM3\ARM_GCC_541\Debug\Trigger.a(CyFlash.o)
 .debug_frame   0x000016f8      0x180 .\CortexM3\ARM_GCC_541\Debug\Trigger.a(CySpc.o)
 .debug_frame   0x00001878       0x20 c:/program files (x86)/cypress/psoc creator/4.4/psoc creator/import/gnu/arm/5.4.1/bin/../lib/gcc/arm-none-eabi/5.4.1/../../../../arm-none-eabi/lib/armv7-m\libg_nano.a(lib_a-errno.o)
 .debug_frame   0x00001898       0x28 c:/program files (x86)/cypress/psoc creator/4.4/psoc creator/import/gnu/arm/5.4.1/bin/../lib/gcc/arm-none-eabi/5.4.1/../../../../arm-none-eabi/lib/armv7-m\libg_nano.a(lib_a-exit.o)
 .debug_frame   0x000018c0       0x2c c:/program files (x86)/cypress/psoc creator/4.4/psoc creator/import/gnu/arm/5.4.1/bin/../lib/gcc/arm-none-eabi/5.4.1/../../../../arm-none-eabi/lib/armv7-m\libg_nano.a(lib_a-init.o)
 .debug_frame   0x000018ec       0x28 c:/program files (x86)/cypress/psoc creator/4.4/psoc creator/import/gnu/arm/5.4.1/bin/../lib/gcc/arm-none-eabi/5.4.1/../../../../arm-none-eabi/lib/armv7-m\libg_nano.a(lib_a-memcpy-stub.o)
 .debug_frame   0x00001914       0x20 c:/program files (x86)/cypress/psoc creator/4.4/psoc creator/import/gnu/arm/5.4.1/bin/../lib/gcc/arm-none-eabi/5.4.1/../../../../arm-none-eabi/lib/armv7-m\libg_nano.a(lib_a-memset.o)
 .debug_frame   0x00001934       0x8c c:/program files (x86)/cypress/psoc creator/4.4/psoc creator/import/gnu/arm/5.4.1/bin/../lib/gcc/arm-none-eabi/5.4.1/../../../../arm-none-eabi/lib/armv7-m\libg_nano.a(lib_a-nano-vfprintf_float.o)
 .debug_frame   0x000019c0       0x60 c:/program files (x86)/cypress/psoc creator/4.4/psoc creator/import/gnu/arm/5.4.1/bin/../lib/gcc/arm-none-eabi/5.4.1/../../../../arm-none-eabi/lib/armv7-m\libg_nano.a(lib_a-nano-vfprintf_i.o)
 .debug_frame   0x00001a20       0x70 c:/program files (x86)/cypress/psoc creator/4.4/psoc creator/import/gnu/arm/5.4.1/bin/../lib/gcc/arm-none-eabi/5.4.1/../../../../arm-none-eabi/lib/armv7-m\libg_nano.a(lib_a-sprintf.o)
 .debug_frame   0x00001a90       0x80 c:/program files (x86)/cypress/psoc creator/4.4/psoc creator/import/gnu/arm/5.4.1/bin/../lib/gcc/arm-none-eabi/5.4.1/../../../../arm-none-eabi/lib/armv7-m\libg_nano.a(lib_a-sscanf.o)
 .debug_frame   0x00001b10       0x88 c:/program files (x86)/cypress/psoc creator/4.4/psoc creator/import/gnu/arm/5.4.1/bin/../lib/gcc/arm-none-eabi/5.4.1/../../../../arm-none-eabi/lib/armv7-m\libg_nano.a(lib_a-stdio.o)
 .debug_frame   0x00001b98       0x20 c:/program files (x86)/cypress/psoc creator/4.4/psoc creator/import/gnu/arm/5.4.1/bin/../lib/gcc/arm-none-eabi/5.4.1/../../../../arm-none-eabi/lib/armv7-m\libg_nano.a(lib_a-strchr.o)
 .debug_frame   0x00001bb8       0x20 c:/program files (x86)/cypress/psoc creator/4.4/psoc creator/import/gnu/arm/5.4.1/bin/../lib/gcc/arm-none-eabi/5.4.1/../../../../arm-none-eabi/lib/armv7-m\libg_nano.a(lib_a-strcmp.o)
 .debug_frame   0x00001bd8       0x2c c:/program files (x86)/cypress/psoc creator/4.4/psoc creator/import/gnu/arm/5.4.1/bin/../lib/gcc/arm-none-eabi/5.4.1/../../../../arm-none-eabi/lib/armv7-m\libg_nano.a(lib_a-writer.o)
 .debug_frame   0x00001c04       0x2c c:/program files (x86)/cypress/psoc creator/4.4/psoc creator/import/gnu/arm/5.4.1/bin/../lib/gcc/arm-none-eabi/5.4.1/../../../../arm-none-eabi/lib/armv7-m\libg_nano.a(lib_a-closer.o)
 .debug_frame   0x00001c30       0x6c c:/program files (x86)/cypress/psoc creator/4.4/psoc creator/import/gnu/arm/5.4.1/bin/../lib/gcc/arm-none-eabi/5.4.1/../../../../arm-none-eabi/lib/armv7-m\libg_nano.a(lib_a-dtoa.o)
 .debug_frame   0x00001c9c       0x98 c:/program files (x86)/cypress/psoc creator/4.4/psoc creator/import/gnu/arm/5.4.1/bin/../lib/gcc/arm-none-eabi/5.4.1/../../../../arm-none-eabi/lib/armv7-m\libg_nano.a(lib_a-locale.o)
 .debug_frame   0x00001d34       0x2c c:/program files (x86)/cypress/psoc creator/4.4/psoc creator/import/gnu/arm/5.4.1/bin/../lib/gcc/arm-none-eabi/5.4.1/../../../../arm-none-eabi/lib/armv7-m\libg_nano.a(lib_a-lseekr.o)
 .debug_frame   0x00001d60       0x30 c:/program files (x86)/cypress/psoc creator/4.4/psoc creator/import/gnu/arm/5.4.1/bin/../lib/gcc/arm-none-eabi/5.4.1/../../../../arm-none-eabi/lib/armv7-m\libg_nano.a(lib_a-malloc.o)
 .debug_frame   0x00001d90       0x28 c:/program files (x86)/cypress/psoc creator/4.4/psoc creator/import/gnu/arm/5.4.1/bin/../lib/gcc/arm-none-eabi/5.4.1/../../../../arm-none-eabi/lib/armv7-m\libg_nano.a(lib_a-memchr-stub.o)
 .debug_frame   0x00001db8      0x234 c:/program files (x86)/cypress/psoc creator/4.4/psoc creator/import/gnu/arm/5.4.1/bin/../lib/gcc/arm-none-eabi/5.4.1/../../../../arm-none-eabi/lib/armv7-m\libg_nano.a(lib_a-mprec.o)
 .debug_frame   0x00001fec       0x2c c:/program files (x86)/cypress/psoc creator/4.4/psoc creator/import/gnu/arm/5.4.1/bin/../lib/gcc/arm-none-eabi/5.4.1/../../../../arm-none-eabi/lib/armv7-m\libg_nano.a(lib_a-nano-callocr.o)
 .debug_frame   0x00002018       0x38 c:/program files (x86)/cypress/psoc creator/4.4/psoc creator/import/gnu/arm/5.4.1/bin/../lib/gcc/arm-none-eabi/5.4.1/../../../../arm-none-eabi/lib/armv7-m\libg_nano.a(lib_a-nano-freer.o)
 .debug_frame   0x00002050       0x2c c:/program files (x86)/cypress/psoc creator/4.4/psoc creator/import/gnu/arm/5.4.1/bin/../lib/gcc/arm-none-eabi/5.4.1/../../../../arm-none-eabi/lib/armv7-m\libg_nano.a(lib_a-nano-mallocr.o)
 .debug_frame   0x0000207c       0x90 c:/program files (x86)/cypress/psoc creator/4.4/psoc creator/import/gnu/arm/5.4.1/bin/../lib/gcc/arm-none-eabi/5.4.1/../../../../arm-none-eabi/lib/armv7-m\libg_nano.a(lib_a-nano-svfprintf.o)
 .debug_frame   0x0000210c       0x74 c:/program files (x86)/cypress/psoc creator/4.4/psoc creator/import/gnu/arm/5.4.1/bin/../lib/gcc/arm-none-eabi/5.4.1/../../../../arm-none-eabi/lib/armv7-m\libg_nano.a(lib_a-nano-svfscanf.o)
 .debug_frame   0x00002180       0x60 c:/program files (x86)/cypress/psoc creator/4.4/psoc creator/import/gnu/arm/5.4.1/bin/../lib/gcc/arm-none-eabi/5.4.1/../../../../arm-none-eabi/lib/armv7-m\libg_nano.a(lib_a-nano-vfscanf_i.o)
 .debug_frame   0x000021e0       0x2c c:/program files (x86)/cypress/psoc creator/4.4/psoc creator/import/gnu/arm/5.4.1/bin/../lib/gcc/arm-none-eabi/5.4.1/../../../../arm-none-eabi/lib/armv7-m\libg_nano.a(lib_a-readr.o)
 .debug_frame   0x0000220c       0x5c c:/program files (x86)/cypress/psoc creator/4.4/psoc creator/import/gnu/arm/5.4.1/bin/../lib/gcc/arm-none-eabi/5.4.1/../../../../arm-none-eabi/lib/armv7-m\libg_nano.a(lib_a-reent.o)
 .debug_frame   0x00002268       0x2c c:/program files (x86)/cypress/psoc creator/4.4/psoc creator/import/gnu/arm/5.4.1/bin/../lib/gcc/arm-none-eabi/5.4.1/../../../../arm-none-eabi/lib/armv7-m\libg_nano.a(lib_a-sbrkr.o)
 .debug_frame   0x00002294       0x2c c:/program files (x86)/cypress/psoc creator/4.4/psoc creator/import/gnu/arm/5.4.1/bin/../lib/gcc/arm-none-eabi/5.4.1/../../../../arm-none-eabi/lib/armv7-m\libg_nano.a(lib_a-sccl.o)
 .debug_frame   0x000022c0       0x44 c:/program files (x86)/cypress/psoc creator/4.4/psoc creator/import/gnu/arm/5.4.1/bin/../lib/gcc/arm-none-eabi/5.4.1/../../../../arm-none-eabi/lib/armv7-m\libg_nano.a(lib_a-strtol.o)
 .debug_frame   0x00002304       0x44 c:/program files (x86)/cypress/psoc creator/4.4/psoc creator/import/gnu/arm/5.4.1/bin/../lib/gcc/arm-none-eabi/5.4.1/../../../../arm-none-eabi/lib/armv7-m\libg_nano.a(lib_a-strtoul.o)
 .debug_frame   0x00002348       0x60 c:/program files (x86)/cypress/psoc creator/4.4/psoc creator/import/gnu/arm/5.4.1/bin/../lib/gcc/arm-none-eabi/5.4.1/../../../../arm-none-eabi/lib/armv7-m\libg_nano.a(lib_a-ungetc.o)
 .debug_frame   0x000023a8       0x68 c:/program files (x86)/cypress/psoc creator/4.4/psoc creator/import/gnu/arm/5.4.1/bin/../lib/gcc/arm-none-eabi/5.4.1/../../../../arm-none-eabi/lib/armv7-m\libg_nano.a(lib_a-fflush.o)
 .debug_frame   0x00002410      0x11c c:/program files (x86)/cypress/psoc creator/4.4/psoc creator/import/gnu/arm/5.4.1/bin/../lib/gcc/arm-none-eabi/5.4.1/../../../../arm-none-eabi/lib/armv7-m\libg_nano.a(lib_a-findfp.o)
 .debug_frame   0x0000252c       0x54 c:/program files (x86)/cypress/psoc creator/4.4/psoc creator/import/gnu/arm/5.4.1/bin/../lib/gcc/arm-none-eabi/5.4.1/../../../../arm-none-eabi/lib/armv7-m\libg_nano.a(lib_a-fwalk.o)
 .debug_frame   0x00002580       0x28 c:/program files (x86)/cypress/psoc creator/4.4/psoc creator/import/gnu/arm/5.4.1/bin/../lib/gcc/arm-none-eabi/5.4.1/../../../../arm-none-eabi/lib/armv7-m\libg_nano.a(lib_a-memmove.o)
 .debug_frame   0x000025a8       0x30 c:/program files (x86)/cypress/psoc creator/4.4/psoc creator/import/gnu/arm/5.4.1/bin/../lib/gcc/arm-none-eabi/5.4.1/../../../../arm-none-eabi/lib/armv7-m\libg_nano.a(lib_a-mlock.o)
 .debug_frame   0x000025d8       0x3c c:/program files (x86)/cypress/psoc creator/4.4/psoc creator/import/gnu/arm/5.4.1/bin/../lib/gcc/arm-none-eabi/5.4.1/../../../../arm-none-eabi/lib/armv7-m\libg_nano.a(lib_a-nano-reallocr.o)
 .debug_frame   0x00002614       0x20 c:/program files (x86)/cypress/psoc creator/4.4/psoc creator/import/gnu/arm/5.4.1/bin/../lib/gcc/arm-none-eabi/5.4.1/../../../../arm-none-eabi/lib/armv7-m\libg_nano.a(lib_a-nano-msizer.o)
 .debug_frame   0x00002634       0x20 c:/program files (x86)/cypress/psoc creator/4.4/psoc creator/import/gnu/arm/5.4.1/bin/../lib/gcc/arm-none-eabi/5.4.1/../../../../arm-none-eabi/lib/armv7-m\libnosys.a(close.o)
 .debug_frame   0x00002654       0x20 c:/program files (x86)/cypress/psoc creator/4.4/psoc creator/import/gnu/arm/5.4.1/bin/../lib/gcc/arm-none-eabi/5.4.1/../../../../arm-none-eabi/lib/armv7-m\libnosys.a(lseek.o)
 .debug_frame   0x00002674       0x20 c:/program files (x86)/cypress/psoc creator/4.4/psoc creator/import/gnu/arm/5.4.1/bin/../lib/gcc/arm-none-eabi/5.4.1/../../../../arm-none-eabi/lib/armv7-m\libnosys.a(read.o)
 .debug_frame   0x00002694       0x20 c:/program files (x86)/cypress/psoc creator/4.4/psoc creator/import/gnu/arm/5.4.1/bin/../lib/gcc/arm-none-eabi/5.4.1/../../../../arm-none-eabi/lib/armv7-m\libnosys.a(write.o)

.debug_str      0x00000000     0x1fcc
 *(.debug_str)
 .debug_str     0x00000000      0x475 .\CortexM3\ARM_GCC_541\Debug\main.o
                                0x4cb (size before relaxing)
 .debug_str     0x00000475      0x1a8 .\CortexM3\ARM_GCC_541\Debug\cyfitter_cfg.o
                                0x384 (size before relaxing)
 .debug_str     0x0000061d       0x7f .\CortexM3\ARM_GCC_541\Debug\cymetadata.o
                                0x21e (size before relaxing)
 .debug_str     0x0000069c      0x13e .\CortexM3\ARM_GCC_541\Debug\Cm3Start.o
                                0x344 (size before relaxing)
 .debug_str     0x000007da      0x82d .\CortexM3\ARM_GCC_541\Debug\Trigger.a(CyLib.o)
                                0xa81 (size before relaxing)
 .debug_str     0x00001007      0x365 .\CortexM3\ARM_GCC_541\Debug\Trigger.a(cyPm.o)
                                0x76d (size before relaxing)
 .debug_str     0x0000136c      0x115 .\CortexM3\ARM_GCC_541\Debug\Trigger.a(Comp.o)
                                0x2f8 (size before relaxing)
 .debug_str     0x00001481       0x4f .\CortexM3\ARM_GCC_541\Debug\Trigger.a(sw.o)
                                0x20d (size before relaxing)
 .debug_str     0x000014d0      0x141 .\CortexM3\ARM_GCC_541\Debug\Trigger.a(Counter.o)
                                0x372 (size before relaxing)
 .debug_str     0x00001611      0x258 .\CortexM3\ARM_GCC_541\Debug\Trigger.a(UART.o)
                                0x4af (size before relaxing)
 .debug_str     0x00001869      0x183 .\CortexM3\ARM_GCC_541\Debug\Trigger.a(UART_IntClock.o)
                                0x370 (size before relaxing)
 .debug_str     0x000019ec       0xd8 .\CortexM3\ARM_GCC_541\Debug\Trigger.a(isr_sw.o)
                                0x2ee (size before relaxing)
 .debug_str     0x00001ac4      0x122 .\CortexM3\ARM_GCC_541\Debug\Trigger.a(Timer.o)
                                0x375 (size before relaxing)
 .debug_str     0x00001be6      0x153 .\CortexM3\ARM_GCC_541\Debug\Trigger.a(freqcounter.o)
                                0x3b6 (size before relaxing)
 .debug_str     0x00001d39       0x2c .\CortexM3\ARM_GCC_541\Debug\Trigger.a(muxSel.o)
                                0x1ec (size before relaxing)
 .debug_str     0x00001d65      0x1bb .\CortexM3\ARM_GCC_541\Debug\Trigger.a(CyFlash.o)
                                0x3fa (size before relaxing)
 .debug_str     0x00001f20       0xac .\CortexM3\ARM_GCC_541\Debug\Trigger.a(CySpc.o)
                                0x372 (size before relaxing)

.debug_loc      0x00000000     0x2445
 *(.debug_loc)
 .debug_loc     0x00000000      0x48f .\CortexM3\ARM_GCC_541\Debug\main.o
 .debug_loc     0x0000048f      0x288 .\CortexM3\ARM_GCC_541\Debug\cyfitter_cfg.o
 .debug_loc     0x00000717      0x144 .\CortexM3\ARM_GCC_541\Debug\Cm3Start.o
 .debug_loc     0x0000085b      0xa11 .\CortexM3\ARM_GCC_541\Debug\Trigger.a(CyLib.o)
 .debug_loc     0x0000126c      0x1e4 .\CortexM3\ARM_GCC_541\Debug\Trigger.a(cyPm.o)
 .debug_loc     0x00001450       0xed .\CortexM3\ARM_GCC_541\Debug\Trigger.a(Comp.o)
 .debug_loc     0x0000153d       0x42 .\CortexM3\ARM_GCC_541\Debug\Trigger.a(sw.o)
 .debug_loc     0x0000157f       0x13 .\CortexM3\ARM_GCC_541\Debug\Trigger.a(Counter.o)
 .debug_loc     0x00001592      0x258 .\CortexM3\ARM_GCC_541\Debug\Trigger.a(UART.o)
 .debug_loc     0x000017ea      0x128 .\CortexM3\ARM_GCC_541\Debug\Trigger.a(UART_IntClock.o)
 .debug_loc     0x00001912       0x56 .\CortexM3\ARM_GCC_541\Debug\Trigger.a(isr_sw.o)
 .debug_loc     0x00001968       0x13 .\CortexM3\ARM_GCC_541\Debug\Trigger.a(Timer.o)
 .debug_loc     0x0000197b       0x13 .\CortexM3\ARM_GCC_541\Debug\Trigger.a(freqcounter.o)
 .debug_loc     0x0000198e      0x3b2 .\CortexM3\ARM_GCC_541\Debug\Trigger.a(CyFlash.o)
 .debug_loc     0x00001d40      0x705 .\CortexM3\ARM_GCC_541\Debug\Trigger.a(CySpc.o)

.debug_macinfo
 *(.debug_macinfo)

.debug_ranges   0x00000000      0x8b0
 *(.debug_ranges)
 .debug_ranges  0x00000000       0x70 .\CortexM3\ARM_GCC_541\Debug\main.o
 .debug_ranges  0x00000070       0x48 .\CortexM3\ARM_GCC_541\Debug\cyfitter_cfg.o
 .debug_ranges  0x000000b8       0x38 .\CortexM3\ARM_GCC_541\Debug\Cm3Start.o
 .debug_ranges  0x000000f0      0x290 .\CortexM3\ARM_GCC_541\Debug\Trigger.a(CyLib.o)
 .debug_ranges  0x00000380       0x88 .\CortexM3\ARM_GCC_541\Debug\Trigger.a(cyPm.o)
 .debug_ranges  0x00000408       0x60 .\CortexM3\ARM_GCC_541\Debug\Trigger.a(Comp.o)
 .debug_ranges  0x00000468       0x28 .\CortexM3\ARM_GCC_541\Debug\Trigger.a(sw.o)
 .debug_ranges  0x00000490       0x78 .\CortexM3\ARM_GCC_541\Debug\Trigger.a(Counter.o)
 .debug_ranges  0x00000508       0xe0 .\CortexM3\ARM_GCC_541\Debug\Trigger.a(UART.o)
 .debug_ranges  0x000005e8       0x60 .\CortexM3\ARM_GCC_541\Debug\Trigger.a(UART_IntClock.o)
 .debug_ranges  0x00000648       0x70 .\CortexM3\ARM_GCC_541\Debug\Trigger.a(isr_sw.o)
 .debug_ranges  0x000006b8       0x80 .\CortexM3\ARM_GCC_541\Debug\Trigger.a(Timer.o)
 .debug_ranges  0x00000738       0x78 .\CortexM3\ARM_GCC_541\Debug\Trigger.a(freqcounter.o)
 .debug_ranges  0x000007b0       0x18 .\CortexM3\ARM_GCC_541\Debug\Trigger.a(muxSel.o)
 .debug_ranges  0x000007c8       0x78 .\CortexM3\ARM_GCC_541\Debug\Trigger.a(CyFlash.o)
 .debug_ranges  0x00000840       0x70 .\CortexM3\ARM_GCC_541\Debug\Trigger.a(CySpc.o)

.comment        0x00000000       0x6e
 .comment       0x00000000       0x6e .\CortexM3\ARM_GCC_541\Debug\main.o
                                 0x6f (size before relaxing)
 .comment       0x0000006e       0x6f .\CortexM3\ARM_GCC_541\Debug\cyfitter_cfg.o
 .comment       0x0000006e       0x6f .\CortexM3\ARM_GCC_541\Debug\cymetadata.o
 .comment       0x0000006e       0x6f .\CortexM3\ARM_GCC_541\Debug\Cm3Start.o
 .comment       0x0000006e       0x6f .\CortexM3\ARM_GCC_541\Debug\Trigger.a(CyLib.o)
 .comment       0x0000006e       0x6f .\CortexM3\ARM_GCC_541\Debug\Trigger.a(cyPm.o)
 .comment       0x0000006e       0x6f .\CortexM3\ARM_GCC_541\Debug\Trigger.a(Comp.o)
 .comment       0x0000006e       0x6f .\CortexM3\ARM_GCC_541\Debug\Trigger.a(sw.o)
 .comment       0x0000006e       0x6f .\CortexM3\ARM_GCC_541\Debug\Trigger.a(Counter.o)
 .comment       0x0000006e       0x6f .\CortexM3\ARM_GCC_541\Debug\Trigger.a(UART.o)
 .comment       0x0000006e       0x6f .\CortexM3\ARM_GCC_541\Debug\Trigger.a(UART_IntClock.o)
 .comment       0x0000006e       0x6f .\CortexM3\ARM_GCC_541\Debug\Trigger.a(isr_sw.o)
 .comment       0x0000006e       0x6f .\CortexM3\ARM_GCC_541\Debug\Trigger.a(Timer.o)
 .comment       0x0000006e       0x6f .\CortexM3\ARM_GCC_541\Debug\Trigger.a(freqcounter.o)
 .comment       0x0000006e       0x6f .\CortexM3\ARM_GCC_541\Debug\Trigger.a(muxSel.o)
 .comment       0x0000006e       0x6f .\CortexM3\ARM_GCC_541\Debug\Trigger.a(CyFlash.o)
 .comment       0x0000006e       0x6f .\CortexM3\ARM_GCC_541\Debug\Trigger.a(CySpc.o)

.debug_weaknames
 *(.debug_weaknames)

.debug_funcnames
 *(.debug_funcnames)

.debug_typenames
 *(.debug_typenames)

.debug_varnames
 *(.debug_varnames)

.note.gnu.arm.ident
 *(.note.gnu.arm.ident)

.ARM.attributes
                0x00000000       0x29
 *(.ARM.attributes)
 .ARM.attributes
                0x00000000       0x1d c:/program files (x86)/cypress/psoc creator/4.4/psoc creator/import/gnu/arm/5.4.1/bin/../lib/gcc/arm-none-eabi/5.4.1/armv7-m/crti.o
 .ARM.attributes
                0x0000001d       0x2d c:/program files (x86)/cypress/psoc creator/4.4/psoc creator/import/gnu/arm/5.4.1/bin/../lib/gcc/arm-none-eabi/5.4.1/armv7-m/crtbegin.o
 .ARM.attributes
                0x0000004a       0x1b c:/program files (x86)/cypress/psoc creator/4.4/psoc creator/import/gnu/arm/5.4.1/bin/../lib/gcc/arm-none-eabi/5.4.1/../../../../arm-none-eabi/lib/armv7-m/crt0.o
 .ARM.attributes
                0x00000065       0x33 .\CortexM3\ARM_GCC_541\Debug\main.o
 .ARM.attributes
                0x00000098       0x33 .\CortexM3\ARM_GCC_541\Debug\cyfitter_cfg.o
 .ARM.attributes
                0x000000cb       0x33 .\CortexM3\ARM_GCC_541\Debug\cymetadata.o
 .ARM.attributes
                0x000000fe       0x33 .\CortexM3\ARM_GCC_541\Debug\Cm3Start.o
 .ARM.attributes
                0x00000131       0x33 .\CortexM3\ARM_GCC_541\Debug\Trigger.a(CyLib.o)
 .ARM.attributes
                0x00000164       0x33 .\CortexM3\ARM_GCC_541\Debug\Trigger.a(cyPm.o)
 .ARM.attributes
                0x00000197       0x33 .\CortexM3\ARM_GCC_541\Debug\Trigger.a(Comp.o)
 .ARM.attributes
                0x000001ca       0x33 .\CortexM3\ARM_GCC_541\Debug\Trigger.a(sw.o)
 .ARM.attributes
                0x000001fd       0x33 .\CortexM3\ARM_GCC_541\Debug\Trigger.a(Counter.o)
 .ARM.attributes
                0x00000230       0x33 .\CortexM3\ARM_GCC_541\Debug\Trigger.a(UART.o)
 .ARM.attributes
                0x00000263       0x33 .\CortexM3\ARM_GCC_541\Debug\Trigger.a(UART_IntClock.o)
 .ARM.attributes
                0x00000296       0x33 .\CortexM3\ARM_GCC_541\Debug\Trigger.a(isr_sw.o)
 .ARM.attributes
                0x000002c9       0x33 .\CortexM3\ARM_GCC_541\Debug\Trigger.a(Timer.o)
 .ARM.attributes
                0x000002fc       0x33 .\CortexM3\ARM_GCC_541\Debug\Trigger.a(freqcounter.o)
 .ARM.attributes
                0x0000032f       0x33 .\CortexM3\ARM_GCC_541\Debug\Trigger.a(muxSel.o)
 .ARM.attributes
                0x00000362       0x21 .\CortexM3\ARM_GCC_541\Debug\Trigger.a(CyBootAsmGnu.o)
 .ARM.attributes
                0x00000383       0x33 .\CortexM3\ARM_GCC_541\Debug\Trigger.a(CyFlash.o)
 .ARM.attributes
                0x000003b6       0x33 .\CortexM3\ARM_GCC_541\Debug\Trigger.a(CySpc.o)
 .ARM.attributes
                0x000003e9       0x1d c:/program files (x86)/cypress/psoc creator/4.4/psoc creator/import/gnu/arm/5.4.1/bin/../lib/gcc/arm-none-eabi/5.4.1/armv7-m\libgcc.a(_arm_addsubdf3.o)
 .ARM.attributes
                0x00000406       0x1d c:/program files (x86)/cypress/psoc creator/4.4/psoc creator/import/gnu/arm/5.4.1/bin/../lib/gcc/arm-none-eabi/5.4.1/armv7-m\libgcc.a(_arm_addsubsf3.o)
 .ARM.attributes
                0x00000423       0x1d c:/program files (x86)/cypress/psoc creator/4.4/psoc creator/import/gnu/arm/5.4.1/bin/../lib/gcc/arm-none-eabi/5.4.1/armv7-m\libgcc.a(_arm_muldivsf3.o)
 .ARM.attributes
                0x00000440       0x2d c:/program files (x86)/cypress/psoc creator/4.4/psoc creator/import/gnu/arm/5.4.1/bin/../lib/gcc/arm-none-eabi/5.4.1/../../../../arm-none-eabi/lib/armv7-m\libg_nano.a(lib_a-errno.o)
 .ARM.attributes
                0x0000046d       0x2d c:/program files (x86)/cypress/psoc creator/4.4/psoc creator/import/gnu/arm/5.4.1/bin/../lib/gcc/arm-none-eabi/5.4.1/../../../../arm-none-eabi/lib/armv7-m\libg_nano.a(lib_a-exit.o)
 .ARM.attributes
                0x0000049a       0x2d c:/program files (x86)/cypress/psoc creator/4.4/psoc creator/import/gnu/arm/5.4.1/bin/../lib/gcc/arm-none-eabi/5.4.1/../../../../arm-none-eabi/lib/armv7-m\libg_nano.a(lib_a-impure.o)
 .ARM.attributes
                0x000004c7       0x2d c:/program files (x86)/cypress/psoc creator/4.4/psoc creator/import/gnu/arm/5.4.1/bin/../lib/gcc/arm-none-eabi/5.4.1/../../../../arm-none-eabi/lib/armv7-m\libg_nano.a(lib_a-init.o)
 .ARM.attributes
                0x000004f4       0x2d c:/program files (x86)/cypress/psoc creator/4.4/psoc creator/import/gnu/arm/5.4.1/bin/../lib/gcc/arm-none-eabi/5.4.1/../../../../arm-none-eabi/lib/armv7-m\libg_nano.a(lib_a-memcpy-stub.o)
 .ARM.attributes
                0x00000521       0x2d c:/program files (x86)/cypress/psoc creator/4.4/psoc creator/import/gnu/arm/5.4.1/bin/../lib/gcc/arm-none-eabi/5.4.1/../../../../arm-none-eabi/lib/armv7-m\libg_nano.a(lib_a-memset.o)
 .ARM.attributes
                0x0000054e       0x2d c:/program files (x86)/cypress/psoc creator/4.4/psoc creator/import/gnu/arm/5.4.1/bin/../lib/gcc/arm-none-eabi/5.4.1/../../../../arm-none-eabi/lib/armv7-m\libg_nano.a(lib_a-nano-vfprintf_float.o)
 .ARM.attributes
                0x0000057b       0x2d c:/program files (x86)/cypress/psoc creator/4.4/psoc creator/import/gnu/arm/5.4.1/bin/../lib/gcc/arm-none-eabi/5.4.1/../../../../arm-none-eabi/lib/armv7-m\libg_nano.a(lib_a-nano-vfprintf_i.o)
 .ARM.attributes
                0x000005a8       0x2d c:/program files (x86)/cypress/psoc creator/4.4/psoc creator/import/gnu/arm/5.4.1/bin/../lib/gcc/arm-none-eabi/5.4.1/../../../../arm-none-eabi/lib/armv7-m\libg_nano.a(lib_a-sprintf.o)
 .ARM.attributes
                0x000005d5       0x2d c:/program files (x86)/cypress/psoc creator/4.4/psoc creator/import/gnu/arm/5.4.1/bin/../lib/gcc/arm-none-eabi/5.4.1/../../../../arm-none-eabi/lib/armv7-m\libg_nano.a(lib_a-sscanf.o)
 .ARM.attributes
                0x00000602       0x2d c:/program files (x86)/cypress/psoc creator/4.4/psoc creator/import/gnu/arm/5.4.1/bin/../lib/gcc/arm-none-eabi/5.4.1/../../../../arm-none-eabi/lib/armv7-m\libg_nano.a(lib_a-stdio.o)
 .ARM.attributes
                0x0000062f       0x2d c:/program files (x86)/cypress/psoc creator/4.4/psoc creator/import/gnu/arm/5.4.1/bin/../lib/gcc/arm-none-eabi/5.4.1/../../../../arm-none-eabi/lib/armv7-m\libg_nano.a(lib_a-strchr.o)
 .ARM.attributes
                0x0000065c       0x1b c:/program files (x86)/cypress/psoc creator/4.4/psoc creator/import/gnu/arm/5.4.1/bin/../lib/gcc/arm-none-eabi/5.4.1/../../../../arm-none-eabi/lib/armv7-m\libg_nano.a(lib_a-strcmp.o)
 .ARM.attributes
                0x00000677       0x17 c:/program files (x86)/cypress/psoc creator/4.4/psoc creator/import/gnu/arm/5.4.1/bin/../lib/gcc/arm-none-eabi/5.4.1/../../../../arm-none-eabi/lib/armv7-m\libg_nano.a(lib_a-strlen.o)
 .ARM.attributes
                0x0000068e       0x2d c:/program files (x86)/cypress/psoc creator/4.4/psoc creator/import/gnu/arm/5.4.1/bin/../lib/gcc/arm-none-eabi/5.4.1/../../../../arm-none-eabi/lib/armv7-m\libg_nano.a(lib_a-writer.o)
 .ARM.attributes
                0x000006bb       0x2d c:/program files (x86)/cypress/psoc creator/4.4/psoc creator/import/gnu/arm/5.4.1/bin/../lib/gcc/arm-none-eabi/5.4.1/../../../../arm-none-eabi/lib/armv7-m\libg_nano.a(lib_a-closer.o)
 .ARM.attributes
                0x000006e8       0x2d c:/program files (x86)/cypress/psoc creator/4.4/psoc creator/import/gnu/arm/5.4.1/bin/../lib/gcc/arm-none-eabi/5.4.1/../../../../arm-none-eabi/lib/armv7-m\libg_nano.a(lib_a-dtoa.o)
 .ARM.attributes
                0x00000715       0x2d c:/program files (x86)/cypress/psoc creator/4.4/psoc creator/import/gnu/arm/5.4.1/bin/../lib/gcc/arm-none-eabi/5.4.1/../../../../arm-none-eabi/lib/armv7-m\libg_nano.a(lib_a-locale.o)
 .ARM.attributes
                0x00000742       0x2d c:/program files (x86)/cypress/psoc creator/4.4/psoc creator/import/gnu/arm/5.4.1/bin/../lib/gcc/arm-none-eabi/5.4.1/../../../../arm-none-eabi/lib/armv7-m\libg_nano.a(lib_a-lseekr.o)
 .ARM.attributes
                0x0000076f       0x2d c:/program files (x86)/cypress/psoc creator/4.4/psoc creator/import/gnu/arm/5.4.1/bin/../lib/gcc/arm-none-eabi/5.4.1/../../../../arm-none-eabi/lib/armv7-m\libg_nano.a(lib_a-malloc.o)
 .ARM.attributes
                0x0000079c       0x2d c:/program files (x86)/cypress/psoc creator/4.4/psoc creator/import/gnu/arm/5.4.1/bin/../lib/gcc/arm-none-eabi/5.4.1/../../../../arm-none-eabi/lib/armv7-m\libg_nano.a(lib_a-memchr-stub.o)
 .ARM.attributes
                0x000007c9       0x2d c:/program files (x86)/cypress/psoc creator/4.4/psoc creator/import/gnu/arm/5.4.1/bin/../lib/gcc/arm-none-eabi/5.4.1/../../../../arm-none-eabi/lib/armv7-m\libg_nano.a(lib_a-mprec.o)
 .ARM.attributes
                0x000007f6       0x2d c:/program files (x86)/cypress/psoc creator/4.4/psoc creator/import/gnu/arm/5.4.1/bin/../lib/gcc/arm-none-eabi/5.4.1/../../../../arm-none-eabi/lib/armv7-m\libg_nano.a(lib_a-nano-callocr.o)
 .ARM.attributes
                0x00000823       0x2d c:/program files (x86)/cypress/psoc creator/4.4/psoc creator/import/gnu/arm/5.4.1/bin/../lib/gcc/arm-none-eabi/5.4.1/../../../../arm-none-eabi/lib/armv7-m\libg_nano.a(lib_a-nano-freer.o)
 .ARM.attributes
                0x00000850       0x2d c:/program files (x86)/cypress/psoc creator/4.4/psoc creator/import/gnu/arm/5.4.1/bin/../lib/gcc/arm-none-eabi/5.4.1/../../../../arm-none-eabi/lib/armv7-m\libg_nano.a(lib_a-nano-mallocr.o)
 .ARM.attributes
                0x0000087d       0x2d c:/program files (x86)/cypress/psoc creator/4.4/psoc creator/import/gnu/arm/5.4.1/bin/../lib/gcc/arm-none-eabi/5.4.1/../../../../arm-none-eabi/lib/armv7-m\libg_nano.a(lib_a-nano-svfprintf.o)
 .ARM.attributes
                0x000008aa       0x2d c:/program files (x86)/cypress/psoc creator/4.4/psoc creator/import/gnu/arm/5.4.1/bin/../lib/gcc/arm-none-eabi/5.4.1/../../../../arm-none-eabi/lib/armv7-m\libg_nano.a(lib_a-nano-svfscanf.o)
 .ARM.attributes
                0x000008d7       0x2d c:/program files (x86)/cypress/psoc creator/4.4/psoc creator/import/gnu/arm/5.4.1/bin/../lib/gcc/arm-none-eabi/5.4.1/../../../../arm-none-eabi/lib/armv7-m\libg_nano.a(lib_a-nano-vfscanf_i.o)
 .ARM.attributes
                0x00000904       0x2d c:/program files (x86)/cypress/psoc creator/4.4/psoc creator/import/gnu/arm/5.4.1/bin/../lib/gcc/arm-none-eabi/5.4.1/../../../../arm-none-eabi/lib/armv7-m\libg_nano.a(lib_a-readr.o)
 .ARM.attributes
                0x00000931       0x2d c:/program files (x86)/cypress/psoc creator/4.4/psoc creator/import/gnu/arm/5.4.1/bin/../lib/gcc/arm-none-eabi/5.4.1/../../../../arm-none-eabi/lib/armv7-m\libg_nano.a(lib_a-reent.o)
 .ARM.attributes
                0x0000095e       0x2d c:/program files (x86)/cypress/psoc creator/4.4/psoc creator/import/gnu/arm/5.4.1/bin/../lib/gcc/arm-none-eabi/5.4.1/../../../../arm-none-eabi/lib/armv7-m\libg_nano.a(lib_a-sbrkr.o)
 .ARM.attributes
                0x0000098b       0x2d c:/program files (x86)/cypress/psoc creator/4.4/psoc creator/import/gnu/arm/5.4.1/bin/../lib/gcc/arm-none-eabi/5.4.1/../../../../arm-none-eabi/lib/armv7-m\libg_nano.a(lib_a-sccl.o)
 .ARM.attributes
                0x000009b8       0x2d c:/program files (x86)/cypress/psoc creator/4.4/psoc creator/import/gnu/arm/5.4.1/bin/../lib/gcc/arm-none-eabi/5.4.1/../../../../arm-none-eabi/lib/armv7-m\libg_nano.a(lib_a-strtol.o)
 .ARM.attributes
                0x000009e5       0x2d c:/program files (x86)/cypress/psoc creator/4.4/psoc creator/import/gnu/arm/5.4.1/bin/../lib/gcc/arm-none-eabi/5.4.1/../../../../arm-none-eabi/lib/armv7-m\libg_nano.a(lib_a-strtoul.o)
 .ARM.attributes
                0x00000a12       0x2d c:/program files (x86)/cypress/psoc creator/4.4/psoc creator/import/gnu/arm/5.4.1/bin/../lib/gcc/arm-none-eabi/5.4.1/../../../../arm-none-eabi/lib/armv7-m\libg_nano.a(lib_a-ungetc.o)
 .ARM.attributes
                0x00000a3f       0x2d c:/program files (x86)/cypress/psoc creator/4.4/psoc creator/import/gnu/arm/5.4.1/bin/../lib/gcc/arm-none-eabi/5.4.1/../../../../arm-none-eabi/lib/armv7-m\libg_nano.a(lib_a-ctype_.o)
 .ARM.attributes
                0x00000a6c       0x2d c:/program files (x86)/cypress/psoc creator/4.4/psoc creator/import/gnu/arm/5.4.1/bin/../lib/gcc/arm-none-eabi/5.4.1/../../../../arm-none-eabi/lib/armv7-m\libg_nano.a(lib_a-fflush.o)
 .ARM.attributes
                0x00000a99       0x2d c:/program files (x86)/cypress/psoc creator/4.4/psoc creator/import/gnu/arm/5.4.1/bin/../lib/gcc/arm-none-eabi/5.4.1/../../../../arm-none-eabi/lib/armv7-m\libg_nano.a(lib_a-findfp.o)
 .ARM.attributes
                0x00000ac6       0x2d c:/program files (x86)/cypress/psoc creator/4.4/psoc creator/import/gnu/arm/5.4.1/bin/../lib/gcc/arm-none-eabi/5.4.1/../../../../arm-none-eabi/lib/armv7-m\libg_nano.a(lib_a-fwalk.o)
 .ARM.attributes
                0x00000af3       0x2d c:/program files (x86)/cypress/psoc creator/4.4/psoc creator/import/gnu/arm/5.4.1/bin/../lib/gcc/arm-none-eabi/5.4.1/../../../../arm-none-eabi/lib/armv7-m\libg_nano.a(lib_a-memmove.o)
 .ARM.attributes
                0x00000b20       0x2d c:/program files (x86)/cypress/psoc creator/4.4/psoc creator/import/gnu/arm/5.4.1/bin/../lib/gcc/arm-none-eabi/5.4.1/../../../../arm-none-eabi/lib/armv7-m\libg_nano.a(lib_a-mlock.o)
 .ARM.attributes
                0x00000b4d       0x2d c:/program files (x86)/cypress/psoc creator/4.4/psoc creator/import/gnu/arm/5.4.1/bin/../lib/gcc/arm-none-eabi/5.4.1/../../../../arm-none-eabi/lib/armv7-m\libg_nano.a(lib_a-nano-reallocr.o)
 .ARM.attributes
                0x00000b7a       0x2d c:/program files (x86)/cypress/psoc creator/4.4/psoc creator/import/gnu/arm/5.4.1/bin/../lib/gcc/arm-none-eabi/5.4.1/../../../../arm-none-eabi/lib/armv7-m\libg_nano.a(lib_a-nano-msizer.o)
 .ARM.attributes
                0x00000ba7       0x1d c:/program files (x86)/cypress/psoc creator/4.4/psoc creator/import/gnu/arm/5.4.1/bin/../lib/gcc/arm-none-eabi/5.4.1/armv7-m\libgcc.a(_arm_muldivdf3.o)
 .ARM.attributes
                0x00000bc4       0x1d c:/program files (x86)/cypress/psoc creator/4.4/psoc creator/import/gnu/arm/5.4.1/bin/../lib/gcc/arm-none-eabi/5.4.1/armv7-m\libgcc.a(_arm_cmpdf2.o)
 .ARM.attributes
                0x00000be1       0x1d c:/program files (x86)/cypress/psoc creator/4.4/psoc creator/import/gnu/arm/5.4.1/bin/../lib/gcc/arm-none-eabi/5.4.1/armv7-m\libgcc.a(_arm_unorddf2.o)
 .ARM.attributes
                0x00000bfe       0x1d c:/program files (x86)/cypress/psoc creator/4.4/psoc creator/import/gnu/arm/5.4.1/bin/../lib/gcc/arm-none-eabi/5.4.1/armv7-m\libgcc.a(_arm_fixdfsi.o)
 .ARM.attributes
                0x00000c1b       0x2d c:/program files (x86)/cypress/psoc creator/4.4/psoc creator/import/gnu/arm/5.4.1/bin/../lib/gcc/arm-none-eabi/5.4.1/armv7-m/crtend.o
 .ARM.attributes