Archive member included to satisfy reference by file (symbol)

.\CortexM3\ARM_GCC_541\Debug\Trigger.a(CyLib.o)
                              .\CortexM3\ARM_GCC_541\Debug\Cm3Start.o (CyHalt)
.\CortexM3\ARM_GCC_541\Debug\Trigger.a(cyPm.o)
                              .\CortexM3\ARM_GCC_541\Debug\Trigger.a(CyLib.o) (CyPmReadStatus)
.\CortexM3\ARM_GCC_541\Debug\Trigger.a(Comp.o)
                              .\CortexM3\ARM_GCC_541\Debug\main.o (Comp_Start)
.\CortexM3\ARM_GCC_541\Debug\Trigger.a(sw.o)
                              .\CortexM3\ARM_GCC_541\Debug\main.o (sw_Read)
.\CortexM3\ARM_GCC_541\Debug\Trigger.a(Counter.o)
                              .\CortexM3\ARM_GCC_541\Debug\main.o (Counter_WritePeriod)
.\CortexM3\ARM_GCC_541\Debug\Trigger.a(UART.o)
                              .\CortexM3\ARM_GCC_541\Debug\main.o (UART_Start)
.\CortexM3\ARM_GCC_541\Debug\Trigger.a(UART_IntClock.o)
                              .\CortexM3\ARM_GCC_541\Debug\Trigger.a(UART.o) (UART_IntClock_Start)
.\CortexM3\ARM_GCC_541\Debug\Trigger.a(isr_sw.o)
                              .\CortexM3\ARM_GCC_541\Debug\main.o (isr_sw_Start)
.\CortexM3\ARM_GCC_541\Debug\Trigger.a(Timer.o)
                              .\CortexM3\ARM_GCC_541\Debug\main.o (Timer_Start)
.\CortexM3\ARM_GCC_541\Debug\Trigger.a(isr_timer.o)
                              .\CortexM3\ARM_GCC_541\Debug\main.o (isr_timer_Start)
.\CortexM3\ARM_GCC_541\Debug\Trigger.a(freqcounter.o)
                              .\CortexM3\ARM_GCC_541\Debug\main.o (freqcounter_WriteCounter)
.\CortexM3\ARM_GCC_541\Debug\Trigger.a(muxSel.o)
                              .\CortexM3\ARM_GCC_541\Debug\main.o (muxSel_Write)
.\CortexM3\ARM_GCC_541\Debug\Trigger.a(CyBootAsmGnu.o)
                              .\CortexM3\ARM_GCC_541\Debug\cyfitter_cfg.o (CyDelayCycles)
.\CortexM3\ARM_GCC_541\Debug\Trigger.a(CyFlash.o)
                              .\CortexM3\ARM_GCC_541\Debug\Trigger.a(cyPm.o) (CyFlash_SetWaitCycles)
.\CortexM3\ARM_GCC_541\Debug\Trigger.a(CySpc.o)
                              .\CortexM3\ARM_GCC_541\Debug\Trigger.a(CyFlash.o) (CySpcStart)
c:/program files (x86)/cypress/psoc creator/4.4/psoc creator/import/gnu/arm/5.4.1/bin/../lib/gcc/arm-none-eabi/5.4.1/armv7-m\libgcc.a(_arm_addsubdf3.o)
                              .\CortexM3\ARM_GCC_541\Debug\main.o (__aeabi_f2d)
c:/program files (x86)/cypress/psoc creator/4.4/psoc creator/import/gnu/arm/5.4.1/bin/../lib/gcc/arm-none-eabi/5.4.1/armv7-m\libgcc.a(_arm_addsubsf3.o)
                              .\CortexM3\ARM_GCC_541\Debug\main.o (__aeabi_ui2f)
c:/program files (x86)/cypress/psoc creator/4.4/psoc creator/import/gnu/arm/5.4.1/bin/../lib/gcc/arm-none-eabi/5.4.1/armv7-m\libgcc.a(_arm_muldivsf3.o)
                              .\CortexM3\ARM_GCC_541\Debug\main.o (__aeabi_fmul)
c:/program files (x86)/cypress/psoc creator/4.4/psoc creator/import/gnu/arm/5.4.1/bin/../lib/gcc/arm-none-eabi/5.4.1/../../../../arm-none-eabi/lib/armv7-m\libg_nano.a(lib_a-errno.o)
                              .\CortexM3\ARM_GCC_541\Debug\Cm3Start.o (__errno)
c:/program files (x86)/cypress/psoc creator/4.4/psoc creator/import/gnu/arm/5.4.1/bin/../lib/gcc/arm-none-eabi/5.4.1/../../../../arm-none-eabi/lib/armv7-m\libg_nano.a(lib_a-exit.o)
                              c:/program files (x86)/cypress/psoc creator/4.4/psoc creator/import/gnu/arm/5.4.1/bin/../lib/gcc/arm-none-eabi/5.4.1/../../../../arm-none-eabi/lib/armv7-m/crt0.o (exit)
c:/program files (x86)/cypress/psoc creator/4.4/psoc creator/import/gnu/arm/5.4.1/bin/../lib/gcc/arm-none-eabi/5.4.1/../../../../arm-none-eabi/lib/armv7-m\libg_nano.a(lib_a-impure.o)
                              c:/program files (x86)/cypress/psoc creator/4.4/psoc creator/import/gnu/arm/5.4.1/bin/../lib/gcc/arm-none-eabi/5.4.1/../../../../arm-none-eabi/lib/armv7-m\libg_nano.a(lib_a-exit.o) (_global_impure_ptr)
c:/program files (x86)/cypress/psoc creator/4.4/psoc creator/import/gnu/arm/5.4.1/bin/../lib/gcc/arm-none-eabi/5.4.1/../../../../arm-none-eabi/lib/armv7-m\libg_nano.a(lib_a-init.o)
                              c:/program files (x86)/cypress/psoc creator/4.4/psoc creator/import/gnu/arm/5.4.1/bin/../lib/gcc/arm-none-eabi/5.4.1/../../../../arm-none-eabi/lib/armv7-m/crt0.o (__libc_init_array)
c:/program files (x86)/cypress/psoc creator/4.4/psoc creator/import/gnu/arm/5.4.1/bin/../lib/gcc/arm-none-eabi/5.4.1/../../../../arm-none-eabi/lib/armv7-m\libg_nano.a(lib_a-memcpy-stub.o)
                              .\CortexM3\ARM_GCC_541\Debug\cyfitter_cfg.o (memcpy)
c:/program files (x86)/cypress/psoc creator/4.4/psoc creator/import/gnu/arm/5.4.1/bin/../lib/gcc/arm-none-eabi/5.4.1/../../../../arm-none-eabi/lib/armv7-m\libg_nano.a(lib_a-memset.o)
                              c:/program files (x86)/cypress/psoc creator/4.4/psoc creator/import/gnu/arm/5.4.1/bin/../lib/gcc/arm-none-eabi/5.4.1/../../../../arm-none-eabi/lib/armv7-m/crt0.o (memset)
[...]
Memory Configuration

Name             Origin             Length             Attributes
rom              0x00000000         0x00040000         xr
ram              0x1fff8000         0x00010000         xrw
*default*        0x00000000         0xffffffff

Linker script and memory map

LOAD c:/program files (x86)/cypress/psoc creator/4.4/psoc creator/import/gnu/arm/5.4.1/bin/../lib/gcc/arm-none-eabi/5.4.1/armv7-m/crti.o
LOAD c:/program files (x86)/cypress/psoc creator/4.4/psoc creator/import/gnu/arm/5.4.1/bin/../lib/gcc/arm-none-eabi/5.4.1/armv7-m/crtbegin.o
LOAD c:/program files (x86)/cypress/psoc creator/4.4/psoc creator/import/gnu/arm/5.4.1/bin/../lib/gcc/arm-none-eabi/5.4.1/../../../../arm-none-eabi/lib/armv7-m/crt0.o
START GROUP
LOAD .\CortexM3\ARM_GCC_541\Debug\main.o
LOAD .\CortexM3\ARM_GCC_541\Debug\cyfitter_cfg.o
LOAD .\CortexM3\ARM_GCC_541\Debug\cymetadata.o
LOAD .\CortexM3\ARM_GCC_541\Debug\Cm3Start.o
LOAD .\CortexM3\ARM_GCC_541\Debug\Trigger.a
LOAD C:\Program Files (x86)\Cypress\PSoC Creator\4.4\PSoC Creator\psoc\content\cycomponentlibrary\CyComponentLibrary.cylib\CortexM3\ARM_GCC_541\Debug\CyComponentLibrary.a
END GROUP
START GROUP
LOAD c:/program files (x86)/cypress/psoc creator/4.4/psoc creator/import/gnu/arm/5.4.1/bin/../lib/gcc/arm-none-eabi/5.4.1/armv7-m\libgcc.a
LOAD c:/program files (x86)/cypress/psoc creator/4.4/psoc creator/import/gnu/arm/5.4.1/bin/../lib/gcc/arm-none-eabi/5.4.1/../../../../arm-none-eabi/lib/armv7-m\libg_nano.a
LOAD c:/program files (x86)/cypress/psoc creator/4.4/psoc creator/import/gnu/arm/5.4.1/bin/../lib/gcc/arm-none-eabi/5.4.1/../../../../arm-none-eabi/lib/armv7-m\libc_nano.a
END GROUP
START GROUP
LOAD c:/program files (x86)/cypress/psoc creator/4.4/psoc creator/import/gnu/arm/5.4.1/bin/../lib/gcc/arm-none-eabi/5.4.1/armv7-m\libgcc.a
LOAD c:/program files (x86)/cypress/psoc creator/4.4/psoc creator/import/gnu/arm/5.4.1/bin/../lib/gcc/arm-none-eabi/5.4.1/../../../../arm-none-eabi/lib/armv7-m\libc_nano.a
END GROUP
LOAD c:/program files (x86)/cypress/psoc creator/4.4/psoc creator/import/gnu/arm/5.4.1/bin/../lib/gcc/arm-none-eabi/5.4.1/armv7-m/crtend.o
LOAD c:/program files (x86)/cypress/psoc creator/4.4/psoc creator/import/gnu/arm/5.4.1/bin/../lib/gcc/arm-none-eabi/5.4.1/armv7-m/crtn.o
START GROUP
LOAD c:/program files (x86)/cypress/psoc creator/4.4/psoc creator/import/gnu/arm/5.4.1/bin/../lib/gcc/arm-none-eabi/5.4.1/armv7-m\libgcc.a
LOAD c:/program files (x86)/cypress/psoc creator/4.4/psoc creator/import/gnu/arm/5.4.1/bin/../lib/gcc/arm-none-eabi/5.4.1/../../../../arm-none-eabi/lib/armv7-m\libc.a
LOAD c:/program files (x86)/cypress/psoc creator/4.4/psoc creator/import/gnu/arm/5.4.1/bin/../lib/gcc/arm-none-eabi/5.4.1/../../../../arm-none-eabi/lib/armv7-m\libnosys.a
END GROUP
                0x00000000                CY_APPL_ORIGIN = 0x0
                0x00000100                CY_FLASH_ROW_SIZE = 0x100
                0x00000020                CY_ECC_ROW_SIZE = 0x20
                0x00000000                CY_EE_IN_BTLDR = 0x0
                0x00000000                CY_APPL_LOADABLE = 0x0
                0x00000800                CY_EE_SIZE = 0x800
                0x00000001                CY_APPL_NUM = 0x1
                0x00000001                CY_APPL_MAX = 0x1
                0x00000040                CY_METADATA_SIZE = 0x40
                0x00000000                CY_APPL_LOADABLE = 0x0
                0x00000000                CY_CHECKSUM_EXCLUDE_SIZE = ALIGN (0x0, CY_FLASH_ROW_SIZE)
                [!provide]                PROVIDE (__cy_heap_start, _end)
                0x00000001                PROVIDE (__cy_region_num, ((__cy_regions_end - __cy_regions) / 0x10))
                0x20008000                PROVIDE (__cy_stack, (ORIGIN (ram) + LENGTH (ram)))
                [!provide]                PROVIDE (__cy_heap_end, (__cy_stack - 0x800))

.cybootloader   0x00000000        0x0
 *(.cybootloader)
                0x00000000                appl1_start = CY_APPL_ORIGIN?CY_APPL_ORIGIN:ALIGN (CY_FLASH_ROW_SIZE)
                0x0001ff00                appl2_start = (appl1_start + ALIGN ((((LENGTH (rom) - appl1_start) - (0x2 * CY_FLASH_ROW_SIZE)) / 0x2), CY_FLASH_ROW_SIZE))
                0x00000000                appl_start = (CY_APPL_NUM == 0x1)?appl1_start:appl2_start
                0x00000000                ecc_offset = ((appl_start / CY_FLASH_ROW_SIZE) * CY_ECC_ROW_SIZE)
                0x00000000                ee_offset = (CY_APPL_LOADABLE && ! (CY_EE_IN_BTLDR))?((CY_EE_SIZE / CY_APPL_MAX) * (CY_APPL_NUM - 0x1)):0x0
                0x00000800                ee_size = (CY_APPL_LOADABLE && ! (CY_EE_IN_BTLDR))?(CY_EE_SIZE / CY_APPL_MAX):CY_EE_SIZE
                [!provide]                PROVIDE (CY_ECC_OFFSET, ecc_offset)

.text           0x00000000     0x46d0
 CREATE_OBJECT_SYMBOLS
                0x00000000                PROVIDE (__cy_interrupt_vector, RomVectors)
 *(.romvectors)
 .romvectors    0x00000000       0x10 .\CortexM3\ARM_GCC_541\Debug\Cm3Start.o
                0x00000000                RomVectors
                0x00000001                ASSERT ((. != __cy_interrupt_vector), No interrupt vector)
                0x00000001                ASSERT (CY_APPL_ORIGIN?(SIZEOF (.cybootloader) <= CY_APPL_ORIGIN):0x1, Wrong image location)
                0x00000010                PROVIDE (__cy_reset, Reset)
 *(.text.Reset)
 .text.Reset    0x00000010       0x18 .\CortexM3\ARM_GCC_541\Debug\Cm3Start.o
                0x00000010                Reset
                0x00000001                ASSERT ((. != __cy_reset), No reset code)
 *(.dma_init)
                0x00000001                ASSERT ((((appl_start + .) <= 0x10000) || 0x1), DMA Init must be within the first 64k of flash)
 *(.text .text.* .gnu.linkonce.t.*)
 .text          0x00000028       0x5c c:/program files (x86)/cypress/psoc creator/4.4/psoc creator/import/gnu/arm/5.4.1/bin/../lib/gcc/arm-none-eabi/5.4.1/armv7-m/crtbegin.o
 .text.str_toupper
                0x00000084       0x1c .\CortexM3\ARM_GCC_541\Debug\main.o
 .text.INT_TIMER
                0x000000a0       0x10 .\CortexM3\ARM_GCC_541\Debug\main.o
                0x000000a0                INT_TIMER
 .text.reply_ok
                0x000000b0       0x10 .\CortexM3\ARM_GCC_541\Debug\main.o
 .text.reply_err
                0x000000c0       0x20 .\CortexM3\ARM_GCC_541\Debug\main.o
 .text.cmd_laser_swe_time
                0x000000e0       0x28 .\CortexM3\ARM_GCC_541\Debug\main.o
 .text.cmd_sig_trig_events_freq
                0x00000108       0x30 .\CortexM3\ARM_GCC_541\Debug\main.o
 .text.cmd_sig_trig_events_count
                0x00000138       0x28 .\CortexM3\ARM_GCC_541\Debug\main.o
 .text.cmd_idn  0x00000160       0x18 .\CortexM3\ARM_GCC_541\Debug\main.o
 .text.INT_SW   0x00000178       0xf0 .\CortexM3\ARM_GCC_541\Debug\main.o
                0x00000178                INT_SW
 .text.apply_divider
                0x00000268       0x30 .\CortexM3\ARM_GCC_541\Debug\main.o
 .text.dispatch_line
                0x00000298       0xc4 .\CortexM3\ARM_GCC_541\Debug\main.o
 .text.cmd_sys_trig_not
                0x0000035c       0xf4 .\CortexM3\ARM_GCC_541\Debug\main.o
 .text.cmd_sig_trig_div
                0x00000450       0x64 .\CortexM3\ARM_GCC_541\Debug\main.o
 .text.main     0x000004b4       0xe4 .\CortexM3\ARM_GCC_541\Debug\main.o
                0x000004b4                main
 .text.CyClockStartupError
                0x00000598        0x4 .\CortexM3\ARM_GCC_541\Debug\cyfitter_cfg.o
 .text.cfg_write_bytes32
                0x0000059c       0x34 .\CortexM3\ARM_GCC_541\Debug\cyfitter_cfg.o
 .text.AnalogSetDefault
                0x000005d0       0x48 .\CortexM3\ARM_GCC_541\Debug\cyfitter_cfg.o
 .text.CYMEMZERO
                0x00000618        0xc .\CortexM3\ARM_GCC_541\Debug\cyfitter_cfg.o
 .text.ClockSetup
                0x00000624       0xd0 .\CortexM3\ARM_GCC_541\Debug\cyfitter_cfg.o
 .text.CYCONFIGCPY
                0x000006f4        0x8 .\CortexM3\ARM_GCC_541\Debug\cyfitter_cfg.o
 .text.cyfitter_cfg
                0x000006fc      0x144 .\CortexM3\ARM_GCC_541\Debug\cyfitter_cfg.o
                0x000006fc                cyfitter_cfg
 .text.IntDefaultHandler
                0x00000840       0x10 .\CortexM3\ARM_GCC_541\Debug\Cm3Start.o
                0x00000840                IntDefaultHandler
 .text._sbrk    0x00000850       0x30 .\CortexM3\ARM_GCC_541\Debug\Cm3Start.o
                0x00000850                _sbrk
 .text.Start_c  0x00000880       0x4c .\CortexM3\ARM_GCC_541\Debug\Cm3Start.o
                0x00000880                Start_c
 .text.initialize_psoc
                0x000008cc       0x68 .\CortexM3\ARM_GCC_541\Debug\Cm3Start.o
                0x000008cc                initialize_psoc
 .text.Comp_Enable
                0x00000934       0x1c .\CortexM3\ARM_GCC_541\Debug\Trigger.a(Comp.o)
                0x00000934                Comp_Enable
 .text.Comp_SetSpeed
                0x00000950       0x58 .\CortexM3\ARM_GCC_541\Debug\Trigger.a(Comp.o)
                0x00000950                Comp_SetSpeed
 .text.Comp_Init
                0x000009a8       0x3c .\CortexM3\ARM_GCC_541\Debug\Trigger.a(Comp.o)
                0x000009a8                Comp_Init
 .text.Comp_Start
                0x000009e4       0x1c .\CortexM3\ARM_GCC_541\Debug\Trigger.a(Comp.o)
                0x000009e4                Comp_Start
 .text.sw_Read  0x00000a00       0x10 .\CortexM3\ARM_GCC_541\Debug\Trigger.a(sw.o)
                0x00000a00                sw_Read
 .text.Counter_SetInterruptMode
                0x00000a10        0xc .\CortexM3\ARM_GCC_541\Debug\Trigger.a(Counter.o)
                0x00000a10                Counter_SetInterruptMode
 .text.Counter_ReadStatusRegister
                0x00000a1c        0xc .\CortexM3\ARM_GCC_541\Debug\Trigger.a(Counter.o)
                0x00000a1c                Counter_ReadStatusRegister
 .text.Counter_WriteCounter
                0x00000a28        0xc .\CortexM3\ARM_GCC_541\Debug\Trigger.a(Counter.o)
                0x00000a28                Counter_WriteCounter
 .text.Counter_ReadCapture
                0x00000a34        0xc .\CortexM3\ARM_GCC_541\Debug\Trigger.a(Counter.o)
                0x00000a34                Counter_ReadCapture
 .text.Counter_WritePeriod
                0x00000a40        0xc .\CortexM3\ARM_GCC_541\Debug\Trigger.a(Counter.o)
                0x00000a40                Counter_WritePeriod
 .text.Counter_WriteCompare
                0x00000a4c        0xc .\CortexM3\ARM_GCC_541\Debug\Trigger.a(Counter.o)
                0x00000a4c                Counter_WriteCompare
 .text.Counter_ClearFIFO
                0x00000a58       0x14 .\CortexM3\ARM_GCC_541\Debug\Trigger.a(Counter.o)
                0x00000a58                Counter_ClearFIFO
 .text.Counter_Init
                0x00000a6c       0x3c .\CortexM3\ARM_GCC_541\Debug\Trigger.a(Counter.o)
                0x00000a6c                Counter_Init
 .text.Counter_Start
                0x00000aa8       0x18 .\CortexM3\ARM_GCC_541\Debug\Trigger.a(Counter.o)
                0x00000aa8                Counter_Start
 .text.UART_Init
                0x00000ac0       0x2c .\CortexM3\ARM_GCC_541\Debug\Trigger.a(UART.o)
                0x00000ac0                UART_Init
 .text.UART_Enable
                0x00000aec       0x38 .\CortexM3\ARM_GCC_541\Debug\Trigger.a(UART.o)
                0x00000aec                UART_Enable
 .text.UART_Start
                0x00000b24       0x1c .\CortexM3\ARM_GCC_541\Debug\Trigger.a(UART.o)
                0x00000b24                UART_Start
 .text.UART_GetChar
                0x00000b40       0x2c .\CortexM3\ARM_GCC_541\Debug\Trigger.a(UART.o)
                0x00000b40                UART_GetChar
 .text.UART_GetRxBufferSize
                0x00000b6c       0x18 .\CortexM3\ARM_GCC_541\Debug\Trigger.a(UART.o)
                0x00000b6c                UART_GetRxBufferSize
 .text.UART_ClearRxBuffer
                0x00000b84       0x24 .\CortexM3\ARM_GCC_541\Debug\Trigger.a(UART.o)
                0x00000b84                UART_ClearRxBuffer
 .text.UART_PutChar
                0x00000ba8       0x18 .\CortexM3\ARM_GCC_541\Debug\Trigger.a(UART.o)
                0x00000ba8                UART_PutChar
 .text.UART_PutString
                0x00000bc0       0x24 .\CortexM3\ARM_GCC_541\Debug\Trigger.a(UART.o)
                0x00000bc0                UART_PutString
 .text.UART_IntClock_Start
                0x00000be4       0x1c .\CortexM3\ARM_GCC_541\Debug\Trigger.a(UART_IntClock.o)
                0x00000be4                UART_IntClock_Start
 .text.isr_sw_Interrupt
                0x00000c00        0x4 .\CortexM3\ARM_GCC_541\Debug\Trigger.a(isr_sw.o)
                0x00000c00                isr_sw_Interrupt
 .text.isr_sw_SetVector
                0x00000c04        0xc .\CortexM3\ARM_GCC_541\Debug\Trigger.a(isr_sw.o)
                0x00000c04                isr_sw_SetVector
 .text.isr_sw_SetPriority
                0x00000c10       0x10 .\CortexM3\ARM_GCC_541\Debug\Trigger.a(isr_sw.o)
                0x00000c10                isr_sw_SetPriority
 .text.isr_sw_Enable
                0x00000c20        0xc .\CortexM3\ARM_GCC_541\Debug\Trigger.a(isr_sw.o)
                0x00000c20                isr_sw_Enable
 .text.isr_sw_Disable
                0x00000c2c        0xc .\CortexM3\ARM_GCC_541\Debug\Trigger.a(isr_sw.o)
                0x00000c2c                isr_sw_Disable
 .text.isr_sw_Start
                0x00000c38       0x1c .\CortexM3\ARM_GCC_541\Debug\Trigger.a(isr_sw.o)
                0x00000c38                isr_sw_Start
 .text.isr_sw_StartEx
                0x00000c54       0x1c .\CortexM3\ARM_GCC_541\Debug\Trigger.a(isr_sw.o)
                0x00000c54                isr_sw_StartEx
 .text.Timer_Enable
                0x00000c70       0x28 .\CortexM3\ARM_GCC_541\Debug\Trigger.a(Timer.o)
                0x00000c70                Timer_Enable
 .text.Timer_SetInterruptMode
                0x00000c98        0xc .\CortexM3\ARM_GCC_541\Debug\Trigger.a(Timer.o)
                0x00000c98                Timer_SetInterruptMode
 .text.Timer_WritePeriod
                0x00000ca4        0xc .\CortexM3\ARM_GCC_541\Debug\Trigger.a(Timer.o)
                0x00000ca4                Timer_WritePeriod
 .text.Timer_WriteCounter
                0x00000cb0        0xc .\CortexM3\ARM_GCC_541\Debug\Trigger.a(Timer.o)
                0x00000cb0                Timer_WriteCounter
 .text.Timer_Init
                0x00000cbc       0x88 .\CortexM3\ARM_GCC_541\Debug\Trigger.a(Timer.o)
                0x00000cbc                Timer_Init
 .text.Timer_Start
                0x00000d44       0x1c .\CortexM3\ARM_GCC_541\Debug\Trigger.a(Timer.o)
                0x00000d44                Timer_Start
 .text.Timer_ReadCounter
                0x00000d60       0x14 .\CortexM3\ARM_GCC_541\Debug\Trigger.a(Timer.o)
                0x00000d60                Timer_ReadCounter
 .text.isr_timer_Interrupt
                0x00000d74        0x4 .\CortexM3\ARM_GCC_541\Debug\Trigger.a(isr_timer.o)
                0x00000d74                isr_timer_Interrupt
 .text.isr_timer_SetVector
                0x00000d78        0xc .\CortexM3\ARM_GCC_541\Debug\Trigger.a(isr_timer.o)
                0x00000d78                isr_timer_SetVector
 .text.isr_timer_SetPriority
                0x00000d84       0x10 .\CortexM3\ARM_GCC_541\Debug\Trigger.a(isr_timer.o)
                0x00000d84                isr_timer_SetPriority
 .text.isr_timer_Enable
                0x00000d94        0xc .\CortexM3\ARM_GCC_541\Debug\Trigger.a(isr_timer.o)
                0x00000d94                isr_timer_Enable
 .text.isr_timer_Disable
                0x00000da0        0xc .\CortexM3\ARM_GCC_541\Debug\Trigger.a(isr_timer.o)
                0x00000da0                isr_timer_Disable
 .text.isr_timer_Start
                0x00000dac       0x1c .\CortexM3\ARM_GCC_541\Debug\Trigger.a(isr_timer.o)
                0x00000dac                isr_timer_Start
 .text.isr_timer_StartEx
                0x00000dc8       0x1c .\CortexM3\ARM_GCC_541\Debug\Trigger.a(isr_timer.o)
                0x00000dc8                isr_timer_StartEx
 .text.freqcounter_SetInterruptMode
                0x00000de4        0xc .\CortexM3\ARM_GCC_541\Debug\Trigger.a(freqcounter.o)
                0x00000de4                freqcounter_SetInterruptMode
 .text.freqcounter_ReadStatusRegister
                0x00000df0        0xc .\CortexM3\ARM_GCC_541\Debug\Trigger.a(freqcounter.o)
                0x00000df0                freqcounter_ReadStatusRegister
 .text.freqcounter_WriteCounter
                0x00000dfc        0xc .\CortexM3\ARM_GCC_541\Debug\Trigger.a(freqcounter.o)
                0x00000dfc                freqcounter_WriteCounter
 .text.freqcounter_ReadCounter
                0x00000e08       0x14 .\CortexM3\ARM_GCC_541\Debug\Trigger.a(freqcounter.o)
                0x00000e08                freqcounter_ReadCounter
 .text.freqcounter_ReadCapture
                0x00000e1c        0xc .\CortexM3\ARM_GCC_541\Debug\Trigger.a(freqcounter.o)
                0x00000e1c                freqcounter_ReadCapture
 .text.freqcounter_WritePeriod
                0x00000e28        0xc .\CortexM3\ARM_GCC_541\Debug\Trigger.a(freqcounter.o)
                0x00000e28                freqcounter_WritePeriod
 .text.freqcounter_WriteCompare
                0x00000e34        0xc .\CortexM3\ARM_GCC_541\Debug\Trigger.a(freqcounter.o)
                0x00000e34                freqcounter_WriteCompare
 .text.freqcounter_ClearFIFO
                0x00000e40       0x14 .\CortexM3\ARM_GCC_541\Debug\Trigger.a(freqcounter.o)
                0x00000e40                freqcounter_ClearFIFO
 .text.freqcounter_Init
                0x00000e54       0x40 .\CortexM3\ARM_GCC_541\Debug\Trigger.a(freqcounter.o)
                0x00000e54                freqcounter_Init
 .text.freqcounter_Start
                0x00000e94       0x18 .\CortexM3\ARM_GCC_541\Debug\Trigger.a(freqcounter.o)
                0x00000e94                freqcounter_Start
 .text.muxSel_Write
                0x00000eac        0xc .\CortexM3\ARM_GCC_541\Debug\Trigger.a(muxSel.o)
                0x00000eac                muxSel_Write
 .text          0x00000eb8       0x20 .\CortexM3\ARM_GCC_541\Debug\Trigger.a(CyBootAsmGnu.o)
                0x00000eb8                CyDelayCycles
                0x00000ec8                CyEnterCriticalSection
                0x00000ed0                CyExitCriticalSection
 .text          0x00000ed8      0x370 c:/program files (x86)/cypress/psoc creator/4.4/psoc creator/import/gnu/arm/5.4.1/bin/../lib/gcc/arm-none-eabi/5.4.1/armv7-m\libgcc.a(_arm_addsubdf3.o)
                0x00000ed8                __aeabi_drsub
                0x00000ee0                __aeabi_dsub
                0x00000ee0                __subdf3
                0x00000ee4                __aeabi_dadd
                0x00000ee4                __adddf3
                0x0000115c                __floatunsidf
                0x0000115c                __aeabi_ui2d
                0x0000117c                __floatsidf
                0x0000117c                __aeabi_i2d
                0x000011a0                __aeabi_f2d
                0x000011a0                __extendsfdf2
                0x000011dc                __floatundidf
                0x000011dc                __aeabi_ul2d
                0x000011ec                __floatdidf
                0x000011ec                __aeabi_l2d
 .text          0x00001248      0x21c c:/program files (x86)/cypress/psoc creator/4.4/psoc creator/import/gnu/arm/5.4.1/bin/../lib/gcc/arm-none-eabi/5.4.1/armv7-m\libgcc.a(_arm_addsubsf3.o)
                0x00001248                __aeabi_frsub
                0x00001250                __subsf3
                0x00001250                __aeabi_fsub
                0x00001254                __aeabi_fadd
                0x00001254                __addsf3
                0x000013b4                __aeabi_ui2f
                0x000013b4                __floatunsisf
                0x000013bc                __aeabi_i2f
                0x000013bc                __floatsisf
                0x000013d8                __aeabi_ul2f
                0x000013d8                __floatundisf
                0x000013e8                __aeabi_l2f
                0x000013e8                __floatdisf
 .text          0x00001464      0x2a0 c:/program files (x86)/cypress/psoc creator/4.4/psoc creator/import/gnu/arm/5.4.1/bin/../lib/gcc/arm-none-eabi/5.4.1/armv7-m\libgcc.a(_arm_muldivsf3.o)
                0x00001464                __mulsf3
                0x00001464                __aeabi_fmul
                0x000015cc                __aeabi_fdiv
                0x000015cc                __divsf3
 .text.__errno  0x00001704        0xc c:/program files (x86)/cypress/psoc creator/4.4/psoc creator/import/gnu/arm/5.4.1/bin/../lib/gcc/arm-none-eabi/5.4.1/../../../../arm-none-eabi/lib/armv7-m\libg_nano.a(lib_a-errno.o)
                0x00001704                __errno
 .text.__libc_init_array
                0x00001710       0x4c c:/program files (x86)/cypress/psoc creator/4.4/psoc creator/import/gnu/arm/5.4.1/bin/../lib/gcc/arm-none-eabi/5.4.1/../../../../arm-none-eabi/lib/armv7-m\libg_nano.a(lib_a-init.o)
                0x00001710                __libc_init_array
 .text.memcpy   0x0000175c       0x16 c:/program files (x86)/cypress/psoc creator/4.4/psoc creator/import/gnu/arm/5.4.1/bin/../lib/gcc/arm-none-eabi/5.4.1/../../../../arm-none-eabi/lib/armv7-m\libg_nano.a(lib_a-memcpy-stub.o)
                0x0000175c                memcpy
 .text.memset   0x00001772       0x10 c:/program files (x86)/cypress/psoc creator/4.4/psoc creator/import/gnu/arm/5.4.1/bin/../lib/gcc/arm-none-eabi/5.4.1/../../../../arm-none-eabi/lib/armv7-m\libg_nano.a(lib_a-memset.o)
                0x00001772                memset
 .text.__cvt    0x00001782       0xc0 c:/program files (x86)/cypress/psoc creator/4.4/psoc creator/import/gnu/arm/5.4.1/bin/../lib/gcc/arm-none-eabi/5.4.1/../../../../arm-none-eabi/lib/armv7-m\libg_nano.a(lib_a-nano-vfprintf_float.o)
                0x00001782                __cvt
 .text.__exponent
                0x00001842       0x62 c:/program files (x86)/cypress/psoc creator/4.4/psoc creator/import/gnu/arm/5.4.1/bin/../lib/gcc/arm-none-eabi/5.4.1/../../../../arm-none-eabi/lib/armv7-m\libg_nano.a(lib_a-nano-vfprintf_float.o)
                0x00001842                __exponent
 .text._printf_float
                0x000018a4      0x488 c:/program files (x86)/cypress/psoc creator/4.4/psoc creator/import/gnu/arm/5.4.1/bin/../lib/gcc/arm-none-eabi/5.4.1/../../../../arm-none-eabi/lib/armv7-m\libg_nano.a(lib_a-nano-vfprintf_float.o)
                0x000018a4                _printf_float
 .text._printf_common
                0x00001d2c       0xec c:/program files (x86)/cypress/psoc creator/4.4/psoc creator/import/gnu/arm/5.4.1/bin/../lib/gcc/arm-none-eabi/5.4.1/../../../../arm-none-eabi/lib/armv7-m\libg_nano.a(lib_a-nano-vfprintf_i.o)
                0x00001d2c                _printf_common
 .text._printf_i
                0x00001e18      0x24c c:/program files (x86)/cypress/psoc creator/4.4/psoc creator/import/gnu/arm/5.4.1/bin/../lib/gcc/arm-none-eabi/5.4.1/../../../../arm-none-eabi/lib/armv7-m\libg_nano.a(lib_a-nano-vfprintf_i.o)
                0x00001e18                _printf_i
 .text.sprintf  0x00002064       0x48 c:/program files (x86)/cypress/psoc creator/4.4/psoc creator/import/gnu/arm/5.4.1/bin/../lib/gcc/arm-none-eabi/5.4.1/../../../../arm-none-eabi/lib/armv7-m\libg_nano.a(lib_a-sprintf.o)
                0x00002064                siprintf
                0x00002064                sprintf
 .text.sscanf   0x000020ac       0x54 c:/program files (x86)/cypress/psoc creator/4.4/psoc creator/import/gnu/arm/5.4.1/bin/../lib/gcc/arm-none-eabi/5.4.1/../../../../arm-none-eabi/lib/armv7-m\libg_nano.a(lib_a-sscanf.o)
                0x000020ac                siscanf
                0x000020ac                sscanf
 .text.__seofread
                0x00002100        0x4 c:/program files (x86)/cypress/psoc creator/4.4/psoc creator/import/gnu/arm/5.4.1/bin/../lib/gcc/arm-none-eabi/5.4.1/../../../../arm-none-eabi/lib/armv7-m\libg_nano.a(lib_a-stdio.o)
                0x00002100                __seofread
 .text.strchr   0x00002104       0x1c c:/program files (x86)/cypress/psoc creator/4.4/psoc creator/import/gnu/arm/5.4.1/bin/../lib/gcc/arm-none-eabi/5.4.1/../../../../arm-none-eabi/lib/armv7-m\libg_nano.a(lib_a-strchr.o)
                0x00002104                strchr
 .text          0x00002120       0x14 c:/program files (x86)/cypress/psoc creator/4.4/psoc creator/import/gnu/arm/5.4.1/bin/../lib/gcc/arm-none-eabi/5.4.1/../../../../arm-none-eabi/lib/armv7-m\libg_nano.a(lib_a-strcmp.o)
                0x00002120                strcmp
 .text          0x00002134       0x10 c:/program files (x86)/cypress/psoc creator/4.4/psoc creator/import/gnu/arm/5.4.1/bin/../lib/gcc/arm-none-eabi/5.4.1/../../../../arm-none-eabi/lib/armv7-m\libg_nano.a(lib_a-strlen.o)
                0x00002134                strlen
 .text.quorem   0x00002144      0x116 c:/program files (x86)/cypress/psoc creator/4.4/psoc creator/import/gnu/arm/5.4.1/bin/../lib/gcc/arm-none-eabi/5.4.1/../../../../arm-none-eabi/lib/armv7-m\libg_nano.a(lib_a-dtoa.o)
 *fill*         0x0000225a        0x6 
 .text._dtoa_r  0x00002260      0xb30 c:/program files (x86)/cypress/psoc creator/4.4/psoc creator/import/gnu/arm/5.4.1/bin/../lib/gcc/arm-none-eabi/5.4.1/../../../../arm-none-eabi/lib/armv7-m\libg_nano.a(lib_a-dtoa.o)
                0x00002260                _dtoa_r
 .text._localeconv_r
                0x00002d90        0x8 c:/program files (x86)/cypress/psoc creator/4.4/psoc creator/import/gnu/arm/5.4.1/bin/../lib/gcc/arm-none-eabi/5.4.1/../../../../arm-none-eabi/lib/armv7-m\libg_nano.a(lib_a-locale.o)
                0x00002d90                _localeconv_r
 .text.malloc   0x00002d98       0x10 c:/program files (x86)/cypress/psoc creator/4.4/psoc creator/import/gnu/arm/5.4.1/bin/../lib/gcc/arm-none-eabi/5.4.1/../../../../arm-none-eabi/lib/armv7-m\libg_nano.a(lib_a-malloc.o)
                0x00002d98                malloc
 .text.memchr   0x00002da8       0x1c c:/program files (x86)/cypress/psoc creator/4.4/psoc creator/import/gnu/arm/5.4.1/bin/../lib/gcc/arm-none-eabi/5.4.1/../../../../arm-none-eabi/lib/armv7-m\libg_nano.a(lib_a-memchr-stub.o)
                0x00002da8                memchr
 .text._Balloc  0x00002dc4       0x6a c:/program files (x86)/cypress/psoc creator/4.4/psoc creator/import/gnu/arm/5.4.1/bin/../lib/gcc/arm-none-eabi/5.4.1/../../../../arm-none-eabi/lib/armv7-m\libg_nano.a(lib_a-mprec.o)
                0x00002dc4                _Balloc
 .text._Bfree   0x00002e2e       0x2e c:/program files (x86)/cypress/psoc creator/4.4/psoc creator/import/gnu/arm/5.4.1/bin/../lib/gcc/arm-none-eabi/5.4.1/../../../../arm-none-eabi/lib/armv7-m\libg_nano.a(lib_a-mprec.o)
                0x00002e2e                _Bfree
 .text.__multadd
                0x00002e5c       0x76 c:/program files (x86)/cypress/psoc creator/4.4/psoc creator/import/gnu/arm/5.4.1/bin/../lib/gcc/arm-none-eabi/5.4.1/../../../../arm-none-eabi/lib/armv7-m\libg_nano.a(lib_a-mprec.o)
                0x00002e5c                __multadd
 .text.__hi0bits
                0x00002ed2       0x40 c:/program files (x86)/cypress/psoc creator/4.4/psoc creator/import/gnu/arm/5.4.1/bin/../lib/gcc/arm-none-eabi/5.4.1/../../../../arm-none-eabi/lib/armv7-m\libg_nano.a(lib_a-mprec.o)
                0x00002ed2                __hi0bits
 .text.__lo0bits
                0x00002f12       0x5a c:/program files (x86)/cypress/psoc creator/4.4/psoc creator/import/gnu/arm/5.4.1/bin/../lib/gcc/arm-none-eabi/5.4.1/../../../../arm-none-eabi/lib/armv7-m\libg_nano.a(lib_a-mprec.o)
                0x00002f12                __lo0bits
 .text.__i2b    0x00002f6c       0x12 c:/program files (x86)/cypress/psoc creator/4.4/psoc creator/import/gnu/arm/5.4.1/bin/../lib/gcc/arm-none-eabi/5.4.1/../../../../arm-none-eabi/lib/armv7-m\libg_nano.a(lib_a-mprec.o)
                0x00002f6c                __i2b
 .text.__multiply
                0x00002f7e      0x120 c:/program files (x86)/cypress/psoc creator/4.4/psoc creator/import/gnu/arm/5.4.1/bin/../lib/gcc/arm-none-eabi/5.4.1/../../../../arm-none-eabi/lib/armv7-m\libg_nano.a(lib_a-mprec.o)
                0x00002f7e                __multiply
 *fill*         0x0000309e        0x2 
 .text.__pow5mult
                0x000030a0       0x9c c:/program files (x86)/cypress/psoc creator/4.4/psoc creator/import/gnu/arm/5.4.1/bin/../lib/gcc/arm-none-eabi/5.4.1/../../../../arm-none-eabi/lib/armv7-m\libg_nano.a(lib_a-mprec.o)
                0x000030a0                __pow5mult
 .text.__lshift
                0x0000313c       0xa2 c:/program files (x86)/cypress/psoc creator/4.4/psoc creator/import/gnu/arm/5.4.1/bin/../lib/gcc/arm-none-eabi/5.4.1/../../../../arm-none-eabi/lib/armv7-m\libg_nano.a(lib_a-mprec.o)
                0x0000313c                __lshift
 .text.__mcmp   0x000031de       0x38 c:/program files (x86)/cypress/psoc creator/4.4/psoc creator/import/gnu/arm/5.4.1/bin/../lib/gcc/arm-none-eabi/5.4.1/../../../../arm-none-eabi/lib/armv7-m\libg_nano.a(lib_a-mprec.o)
                0x000031de                __mcmp
 .text.__mdiff  0x00003216       0xbe c:/program files (x86)/cypress/psoc creator/4.4/psoc creator/import/gnu/arm/5.4.1/bin/../lib/gcc/arm-none-eabi/5.4.1/../../../../arm-none-eabi/lib/armv7-m\libg_nano.a(lib_a-mprec.o)
                0x00003216                __mdiff
 .text.__d2b    0x000032d4       0x9c c:/program files (x86)/cypress/psoc creator/4.4/psoc creator/import/gnu/arm/5.4.1/bin/../lib/gcc/arm-none-eabi/5.4.1/../../../../arm-none-eabi/lib/armv7-m\libg_nano.a(lib_a-mprec.o)
                0x000032d4                __d2b
 .text._calloc_r
                0x00003370       0x1c c:/program files (x86)/cypress/psoc creator/4.4/psoc creator/import/gnu/arm/5.4.1/bin/../lib/gcc/arm-none-eabi/5.4.1/../../../../arm-none-eabi/lib/armv7-m\libg_nano.a(lib_a-nano-callocr.o)
                0x00003370                _calloc_r
 .text._free_r  0x0000338c       0x98 c:/program files (x86)/cypress/psoc creator/4.4/psoc creator/import/gnu/arm/5.4.1/bin/../lib/gcc/arm-none-eabi/5.4.1/../../../../arm-none-eabi/lib/armv7-m\libg_nano.a(lib_a-nano-freer.o)
                0x0000338c                _free_r
 .text._malloc_r
                0x00003424       0xbc c:/program files (x86)/cypress/psoc creator/4.4/psoc creator/import/gnu/arm/5.4.1/bin/../lib/gcc/arm-none-eabi/5.4.1/../../../../arm-none-eabi/lib/armv7-m\libg_nano.a(lib_a-nano-mallocr.o)
                0x00003424                _malloc_r
 .text.__ssputs_r
                0x000034e0       0xb2 c:/program files (x86)/cypress/psoc creator/4.4/psoc creator/import/gnu/arm/5.4.1/bin/../lib/gcc/arm-none-eabi/5.4.1/../../../../arm-none-eabi/lib/armv7-m\libg_nano.a(lib_a-nano-svfprintf.o)
                0x000034e0                __ssputs_r
 *fill*         0x00003592        0x2 
 .text._svfprintf_r
                0x00003594      0x1e8 c:/program files (x86)/cypress/psoc creator/4.4/psoc creator/import/gnu/arm/5.4.1/bin/../lib/gcc/arm-none-eabi/5.4.1/../../../../arm-none-eabi/lib/armv7-m\libg_nano.a(lib_a-nano-svfprintf.o)
                0x00003594                _svfiprintf_r
                0x00003594                _svfprintf_r
 .text._sungetc_r
                0x0000377c       0x7c c:/program files (x86)/cypress/psoc creator/4.4/psoc creator/import/gnu/arm/5.4.1/bin/../lib/gcc/arm-none-eabi/5.4.1/../../../../arm-none-eabi/lib/armv7-m\libg_nano.a(lib_a-nano-svfscanf.o)
                0x0000377c                _sungetc_r
 .text.__ssrefill_r
                0x000037f8       0x3a c:/program files (x86)/cypress/psoc creator/4.4/psoc creator/import/gnu/arm/5.4.1/bin/../lib/gcc/arm-none-eabi/5.4.1/../../../../arm-none-eabi/lib/armv7-m\libg_nano.a(lib_a-nano-svfscanf.o)
                0x000037f8                __ssrefill_r
 *fill*         0x00003832        0x2 
 .text.__ssvfscanf_r
                0x00003834      0x2a8 c:/program files (x86)/cypress/psoc creator/4.4/psoc creator/import/gnu/arm/5.4.1/bin/../lib/gcc/arm-none-eabi/5.4.1/../../../../arm-none-eabi/lib/armv7-m\libg_nano.a(lib_a-nano-svfscanf.o)
                0x00003834                __ssvfiscanf_r
                0x00003834                __ssvfscanf_r
 .text._scanf_chars
                0x00003adc       0xcc c:/program files (x86)/cypress/psoc creator/4.4/psoc creator/import/gnu/arm/5.4.1/bin/../lib/gcc/arm-none-eabi/5.4.1/../../../../arm-none-eabi/lib/armv7-m\libg_nano.a(lib_a-nano-vfscanf_i.o)
                0x00003adc                _scanf_chars
 .text._scanf_i
                0x00003ba8      0x1e4 c:/program files (x86)/cypress/psoc creator/4.4/psoc creator/import/gnu/arm/5.4.1/bin/../lib/gcc/arm-none-eabi/5.4.1/../../../../arm-none-eabi/lib/armv7-m\libg_nano.a(lib_a-nano-vfscanf_i.o)
                0x00003ba8                _scanf_i
 .text._sbrk_r  0x00003d8c       0x20 c:/program files (x86)/cypress/psoc creator/4.4/psoc creator/import/gnu/arm/5.4.1/bin/../lib/gcc/arm-none-eabi/5.4.1/../../../../arm-none-eabi/lib/armv7-m\libg_nano.a(lib_a-sbrkr.o)
                0x00003d8c                _sbrk_r
 .text.__sccl   0x00003dac       0x60 c:/program files (x86)/cypress/psoc creator/4.4/psoc creator/import/gnu/arm/5.4.1/bin/../lib/gcc/arm-none-eabi/5.4.1/../../../../arm-none-eabi/lib/armv7-m\libg_nano.a(lib_a-sccl.o)
                0x00003dac                __sccl
 .text._strtol_r
                0x00003e0c      0x10c c:/program files (x86)/cypress/psoc creator/4.4/psoc creator/import/gnu/arm/5.4.1/bin/../lib/gcc/arm-none-eabi/5.4.1/../../../../arm-none-eabi/lib/armv7-m\libg_nano.a(lib_a-strtol.o)
                0x00003e0c                _strtol_r
 .text._strtoul_r
                0x00003f18       0xfc c:/program files (x86)/cypress/psoc creator/4.4/psoc creator/import/gnu/arm/5.4.1/bin/../lib/gcc/arm-none-eabi/5.4.1/../../../../arm-none-eabi/lib/armv7-m\libg_nano.a(lib_a-strtoul.o)
                0x00003f18                _strtoul_r
 .text.__submore
                0x00004014       0x72 c:/program files (x86)/cypress/psoc creator/4.4/psoc creator/import/gnu/arm/5.4.1/bin/../lib/gcc/arm-none-eabi/5.4.1/../../../../arm-none-eabi/lib/armv7-m\libg_nano.a(lib_a-ungetc.o)
                0x00004014                __submore
 .text.memmove  0x00004086       0x36 c:/program files (x86)/cypress/psoc creator/4.4/psoc creator/import/gnu/arm/5.4.1/bin/../lib/gcc/arm-none-eabi/5.4.1/../../../../arm-none-eabi/lib/armv7-m\libg_nano.a(lib_a-memmove.o)
                0x00004086                memmove
 .text.__malloc_lock
                0x000040bc        0x2 c:/program files (x86)/cypress/psoc creator/4.4/psoc creator/import/gnu/arm/5.4.1/bin/../lib/gcc/arm-none-eabi/5.4.1/../../../../arm-none-eabi/lib/armv7-m\libg_nano.a(lib_a-mlock.o)
                0x000040bc                __malloc_lock
 .text.__malloc_unlock
                0x000040be        0x2 c:/program files (x86)/cypress/psoc creator/4.4/psoc creator/import/gnu/arm/5.4.1/bin/../lib/gcc/arm-none-eabi/5.4.1/../../../../arm-none-eabi/lib/armv7-m\libg_nano.a(lib_a-mlock.o)
                0x000040be                __malloc_unlock
 .text._realloc_r
                0x000040c0       0x4c c:/program files (x86)/cypress/psoc creator/4.4/psoc creator/import/gnu/arm/5.4.1/bin/../lib/gcc/arm-none-eabi/5.4.1/../../../../arm-none-eabi/lib/armv7-m\libg_nano.a(lib_a-nano-reallocr.o)
                0x000040c0                _realloc_r
 .text._malloc_usable_size_r
                0x0000410c       0x14 c:/program files (x86)/cypress/psoc creator/4.4/psoc creator/import/gnu/arm/5.4.1/bin/../lib/gcc/arm-none-eabi/5.4.1/../../../../arm-none-eabi/lib/armv7-m\libg_nano.a(lib_a-nano-msizer.o)
                0x0000410c                _malloc_usable_size_r
 .text          0x00004120      0x424 c:/program files (x86)/cypress/psoc creator/4.4/psoc creator/import/gnu/arm/5.4.1/bin/../lib/gcc/arm-none-eabi/5.4.1/armv7-m\libgcc.a(_arm_muldivdf3.o)
                0x00004120                __aeabi_dmul
                0x00004120                __muldf3
                0x00004374                __divdf3
                0x00004374                __aeabi_ddiv
 .text          0x00004544      0x110 c:/program files (x86)/cypress/psoc creator/4.4/psoc creator/import/gnu/arm/5.4.1/bin/../lib/gcc/arm-none-eabi/5.4.1/armv7-m\libgcc.a(_arm_cmpdf2.o)
                0x00004544                __gtdf2
                0x00004544                __gedf2
                0x0000454c                __ltdf2
                0x0000454c                __ledf2
                0x00004554                __nedf2
                0x00004554                __eqdf2
                0x00004554                __cmpdf2
                0x000045d0                __aeabi_cdrcmple
                0x000045e0                __aeabi_cdcmpeq
                0x000045e0                __aeabi_cdcmple
                0x000045f0                __aeabi_dcmpeq
                0x00004604                __aeabi_dcmplt
                0x00004618                __aeabi_dcmple
                0x0000462c                __aeabi_dcmpge
                0x00004640                __aeabi_dcmpgt
 .text          0x00004654       0x2c c:/program files (x86)/cypress/psoc creator/4.4/psoc creator/import/gnu/arm/5.4.1/bin/../lib/gcc/arm-none-eabi/5.4.1/armv7-m\libgcc.a(_arm_unorddf2.o)
                0x00004654                __unorddf2
                0x00004654                __aeabi_dcmpun
 .text          0x00004680       0x50 c:/program files (x86)/cypress/psoc creator/4.4/psoc creator/import/gnu/arm/5.4.1/bin/../lib/gcc/arm-none-eabi/5.4.1/armv7-m\libgcc.a(_arm_fixdfsi.o)
                0x00004680                __aeabi_d2iz
                0x00004680                __fixdfsi
 *(.plt)
 *(.gnu.warning)
 *(.glue_7t)
 .glue_7t       0x000046d0        0x0 linker stubs
 *(.glue_7)
 .glue_7        0x000046d0        0x0 linker stubs
 *(.vfp11_veneer)
 .vfp11_veneer  0x000046d0        0x0 linker stubs
 *(.bootloader)
 *(.ARM.extab* .gnu.linkonce.armextab.*)
 *(.gcc_except_table)

.v4_bx          0x000046d0        0x0
 .v4_bx         0x000046d0        0x0 linker stubs

.iplt           0x000046d0        0x0
 .iplt          0x000046d0        0x0 c:/program files (x86)/cypress/psoc creator/4.4/psoc creator/import/gnu/arm/5.4.1/bin/../lib/gcc/arm-none-eabi/5.4.1/armv7-m/crtbegin.o

.eh_frame_hdr
 *(.eh_frame_hdr)

.eh_frame       0x000046d0        0x4
 *(.eh_frame)
 .eh_frame      0x000046d0        0x0 c:/program files (x86)/cypress/psoc creator/4.4/psoc creator/import/gnu/arm/5.4.1/bin/../lib/gcc/arm-none-eabi/5.4.1/armv7-m/crtbegin.o
 .eh_frame      0x000046d0        0x4 c:/program files (x86)/cypress/psoc creator/4.4/psoc creator/import/gnu/arm/5.4.1/bin/../lib/gcc/arm-none-eabi/5.4.1/armv7-m/crtend.o
                [!provide]                PROVIDE (__exidx_start, .)

.ARM.exidx
 *(.ARM.exidx* .gnu.linkonce.armexidx.*)
                0x000046d4                __exidx_end = .

.rodata         0x000046d8      0x4e0
 *(.rodata .rodata.* .gnu.linkonce.r.*)
 .rodata        0x000046d8       0x60 .\CortexM3\ARM_GCC_541\Debug\main.o
 .rodata.str1.4
                0x00004738      0x114 .\CortexM3\ARM_GCC_541\Debug\main.o
                                0x125 (size before relaxing)
 .rodata        0x0000484c       0x4c .\CortexM3\ARM_GCC_541\Debug\cyfitter_cfg.o
 .rodata.str1.1
                0x00004898        0x2 c:/program files (x86)/cypress/psoc creator/4.4/psoc creator/import/gnu/arm/5.4.1/bin/../lib/gcc/arm-none-eabi/5.4.1/../../../../arm-none-eabi/lib/armv7-m\libg_nano.a(lib_a-impure.o)
 .rodata.str1.1
                0x0000489a       0x10 c:/program files (x86)/cypress/psoc creator/4.4/psoc creator/import/gnu/arm/5.4.1/bin/../lib/gcc/arm-none-eabi/5.4.1/../../../../arm-none-eabi/lib/armv7-m\libg_nano.a(lib_a-nano-vfprintf_float.o)
                                 0x12 (size before relaxing)
 .rodata.str1.1
                0x000048aa       0x22 c:/program files (x86)/cypress/psoc creator/4.4/psoc creator/import/gnu/arm/5.4.1/bin/../lib/gcc/arm-none-eabi/5.4.1/../../../../arm-none-eabi/lib/armv7-m\libg_nano.a(lib_a-nano-vfprintf_i.o)
 .rodata.str1.1
                0x000048cc        0xd c:/program files (x86)/cypress/psoc creator/4.4/psoc creator/import/gnu/arm/5.4.1/bin/../lib/gcc/arm-none-eabi/5.4.1/../../../../arm-none-eabi/lib/armv7-m\libg_nano.a(lib_a-dtoa.o)
                                  0xf (size before relaxing)
 .rodata.str1.1
                0x000048d9        0x8 c:/program files (x86)/cypress/psoc creator/4.4/psoc creator/import/gnu/arm/5.4.1/bin/../lib/gcc/arm-none-eabi/5.4.1/../../../../arm-none-eabi/lib/armv7-m\libg_nano.a(lib_a-locale.o)
                                  0xb (size before relaxing)
 *fill*         0x000048e1        0x7 
 .rodata.__mprec_tens
                0x000048e8       0xc8 c:/program files (x86)/cypress/psoc creator/4.4/psoc creator/import/gnu/arm/5.4.1/bin/../lib/gcc/arm-none-eabi/5.4.1/../../../../arm-none-eabi/lib/armv7-m\libg_nano.a(lib_a-mprec.o)
                0x000048e8                __mprec_tens
 .rodata.p05.5408
                0x000049b0        0xc c:/program files (x86)/cypress/psoc creator/4.4/psoc creator/import/gnu/arm/5.4.1/bin/../lib/gcc/arm-none-eabi/5.4.1/../../../../arm-none-eabi/lib/armv7-m\libg_nano.a(lib_a-mprec.o)
 *fill*         0x000049bc        0x4 
 .rodata.__mprec_bigtens
                0x000049c0       0x28 c:/program files (x86)/cypress/psoc creator/4.4/psoc creator/import/gnu/arm/5.4.1/bin/../lib/gcc/arm-none-eabi/5.4.1/../../../../arm-none-eabi/lib/armv7-m\libg_nano.a(lib_a-mprec.o)
                0x000049c0                __mprec_bigtens
 .rodata.str1.1
                0x000049e8       0x11 c:/program files (x86)/cypress/psoc creator/4.4/psoc creator/import/gnu/arm/5.4.1/bin/../lib/gcc/arm-none-eabi/5.4.1/../../../../arm-none-eabi/lib/armv7-m\libg_nano.a(lib_a-nano-svfprintf.o)
 .rodata.str1.1
                0x000049f9        0x4 c:/program files (x86)/cypress/psoc creator/4.4/psoc creator/import/gnu/arm/5.4.1/bin/../lib/gcc/arm-none-eabi/5.4.1/../../../../arm-none-eabi/lib/armv7-m\libg_nano.a(lib_a-nano-svfscanf.o)
 *fill*         0x000049f9        0x3 
 .rodata        0x000049fc        0xc c:/program files (x86)/cypress/psoc creator/4.4/psoc creator/import/gnu/arm/5.4.1/bin/../lib/gcc/arm-none-eabi/5.4.1/../../../../arm-none-eabi/lib/armv7-m\libg_nano.a(lib_a-nano-vfscanf_i.o)
 .rodata.str1.1
                0x00004a08       0x1b c:/program files (x86)/cypress/psoc creator/4.4/psoc creator/import/gnu/arm/5.4.1/bin/../lib/gcc/arm-none-eabi/5.4.1/../../../../arm-none-eabi/lib/armv7-m\libg_nano.a(lib_a-nano-vfscanf_i.o)
 .rodata._ctype_
                0x00004a23      0x101 c:/program files (x86)/cypress/psoc creator/4.4/psoc creator/import/gnu/arm/5.4.1/bin/../lib/gcc/arm-none-eabi/5.4.1/../../../../arm-none-eabi/lib/armv7-m\libg_nano.a(lib_a-ctype_.o)
                0x00004a23                _ctype_
 .rodata.__sf_fake_stdin
                0x00004b24       0x20 c:/program files (x86)/cypress/psoc creator/4.4/psoc creator/import/gnu/arm/5.4.1/bin/../lib/gcc/arm-none-eabi/5.4.1/../../../../arm-none-eabi/lib/armv7-m\libg_nano.a(lib_a-findfp.o)
                0x00004b24                __sf_fake_stdin
 .rodata.__sf_fake_stdout
                0x00004b44       0x20 c:/program files (x86)/cypress/psoc creator/4.4/psoc creator/import/gnu/arm/5.4.1/bin/../lib/gcc/arm-none-eabi/5.4.1/../../../../arm-none-eabi/lib/armv7-m\libg_nano.a(lib_a-findfp.o)
                0x00004b44                __sf_fake_stdout
 .rodata.__sf_fake_stderr
                0x00004b64       0x20 c:/program files (x86)/cypress/psoc creator/4.4/psoc creator/import/gnu/arm/5.4.1/bin/../lib/gcc/arm-none-eabi/5.4.1/../../../../arm-none-eabi/lib/armv7-m\libg_nano.a(lib_a-findfp.o)
                0x00004b64                __sf_fake_stderr
                0x00004b84                . = ALIGN (0x4)
 *(.init)
 .init          0x00004b84        0x4 c:/program files (x86)/cypress/psoc creator/4.4/psoc creator/import/gnu/arm/5.4.1/bin/../lib/gcc/arm-none-eabi/5.4.1/armv7-m/crti.o
                0x00004b84                _init
 .init          0x00004b88        0x8 c:/program files (x86)/cypress/psoc creator/4.4/psoc creator/import/gnu/arm/5.4.1/bin/../lib/gcc/arm-none-eabi/5.4.1/armv7-m/crtn.o
                0x00004b90                . = ALIGN (0x4)
                0x00004b90                __preinit_array_start = .
 *(.preinit_array)
                0x00004b90                __preinit_array_end = .
                0x00004b90                . = ALIGN (0x4)
                0x00004b90                __init_array_start = .
 *(SORT(.init_array.*))
 *(.init_array)
 .init_array    0x00004b90        0x4 c:/program files (x86)/cypress/psoc creator/4.4/psoc creator/import/gnu/arm/5.4.1/bin/../lib/gcc/arm-none-eabi/5.4.1/armv7-m/crtbegin.o
 .init_array    0x00004b94        0x4 .\CortexM3\ARM_GCC_541\Debug\Cm3Start.o
                0x00004b98                __init_array_end = .
                0x00004b98                . = ALIGN (0x4)
 *(.fini)
 .fini          0x00004b98        0x4 c:/program files (x86)/cypress/psoc creator/4.4/psoc creator/import/gnu/arm/5.4.1/bin/../lib/gcc/arm-none-eabi/5.4.1/armv7-m/crti.o
                0x00004b98                _fini
 .fini          0x00004b9c        0x8 c:/program files (x86)/cypress/psoc creator/4.4/psoc creator/import/gnu/arm/5.4.1/bin/../lib/gcc/arm-none-eabi/5.4.1/armv7-m/crtn.o
                0x00004ba4                . = ALIGN (0x4)
                0x00004ba4                __fini_array_start = .
 *(.fini_array)
 .fini_array    0x00004ba4        0x4 c:/program files (x86)/cypress/psoc creator/4.4/psoc creator/import/gnu/arm/5.4.1/bin/../lib/gcc/arm-none-eabi/5.4.1/armv7-m/crtbegin.o
 *(SORT(.fini_array.*))
                0x00004ba8                __fini_array_end = .
                0x00004ba8                . = ALIGN (0x4)
 *crtbegin.o(.ctors)
 *(EXCLUDE_FILE(*crtend.o) .ctors)
 *(SORT(.ctors.*))
 *crtend.o(.ctors)
                0x00004ba8                . = ALIGN (0x4)
 *crtbegin.o(.dtors)
 *(EXCLUDE_FILE(*crtend.o) .dtors)
 *(SORT(.dtors.*))
 *crtend.o(.dtors)
                0x00004ba8                . = ALIGN (0x4)
                0x00004ba8                __cy_regions = .
                0x00004ba8        0x4 LONG 0x4bb8 __cy_region_init_ram
                0x00004bac        0x4 LONG 0x1fff80c8 __cy_region_start_data
                0x00004bb0        0x4 LONG 0xb0 __cy_region_init_size_ram
                0x00004bb4        0x4 LONG 0xd8 __cy_region_zero_size_ram
                0x00004bb8                __cy_regions_end = .
                0x00004bb8                . = ALIGN (0x8)
                0x00004bb8                _etext = .

.cy_checksum_exclude
                0x00004bb8        0x0
 *(.cy_checksum_exclude)

.ramvectors     0x1fff8000       0xc0
                0x1fff8000                __cy_region_start_ram = .
 *(.ramvectors)
 .ramvectors    0x1fff8000       0xc0 .\CortexM3\ARM_GCC_541\Debug\Cm3Start.o
                0x1fff8000                CyRamVectors

.noinit         0x1fff80c0        0x1
 *(.noinit)
 .noinit        0x1fff80c0        0x1 .\CortexM3\ARM_GCC_541\Debug\Trigger.a(CyLib.o)
                0x1fff80c0                CyResetStatus

.data           0x1fff80c8       0xb0 load address 0x00004bb8
                0x1fff80c8                __cy_region_start_data = .
 *(.jcr)
 .jcr           0x1fff80c8        0x0 c:/program files (x86)/cypress/psoc creator/4.4/psoc creator/import/gnu/arm/5.4.1/bin/../lib/gcc/arm-none-eabi/5.4.1/armv7-m/crtbegin.o
 .jcr           0x1fff80c8        0x4 c:/program files (x86)/cypress/psoc creator/4.4/psoc creator/import/gnu/arm/5.4.1/bin/../lib/gcc/arm-none-eabi/5.4.1/armv7-m/crtend.o
 *(.got.plt)
 *(.got)
 *(.shdata)
 *(.data .data.* .gnu.linkonce.d.*)
 .data          0x1fff80cc        0x4 .\CortexM3\ARM_GCC_541\Debug\main.o
 .data          0x1fff80d0        0x4 .\CortexM3\ARM_GCC_541\Debug\Cm3Start.o
 .data.impure_data
                0x1fff80d4       0x60 c:/program files (x86)/cypress/psoc creator/4.4/psoc creator/import/gnu/arm/5.4.1/bin/../lib/gcc/arm-none-eabi/5.4.1/../../../../arm-none-eabi/lib/armv7-m\libg_nano.a(lib_a-impure.o)
 .data._impure_ptr
                0x1fff8134        0x4 c:/program files (x86)/cypress/psoc creator/4.4/psoc creator/import/gnu/arm/5.4.1/bin/../lib/gcc/arm-none-eabi/5.4.1/../../../../arm-none-eabi/lib/armv7-m\libg_nano.a(lib_a-impure.o)
                0x1fff8134                _impure_ptr
 .data.lconv    0x1fff8138       0x38 c:/program files (x86)/cypress/psoc creator/4.4/psoc creator/import/gnu/arm/5.4.1/bin/../lib/gcc/arm-none-eabi/5.4.1/../../../../arm-none-eabi/lib/armv7-m\libg_nano.a(lib_a-locale.o)
 .data.__ctype_ptr__
                0x1fff8170        0x4 c:/program files (x86)/cypress/psoc creator/4.4/psoc creator/import/gnu/arm/5.4.1/bin/../lib/gcc/arm-none-eabi/5.4.1/../../../../arm-none-eabi/lib/armv7-m\libg_nano.a(lib_a-ctype_.o)
                0x1fff8170                __ctype_ptr__
                0x1fff8178                . = ALIGN (0x8)
 *fill*         0x1fff8174        0x4 
 *(.ram)
                0x1fff8178                _edata = .

.igot.plt       0x1fff8178        0x0 load address 0x00004c68
 .igot.plt      0x1fff8178        0x0 c:/program files (x86)/cypress/psoc creator/4.4/psoc creator/import/gnu/arm/5.4.1/bin/../lib/gcc/arm-none-eabi/5.4.1/armv7-m/crtbegin.o

.bss            0x1fff8178       0xd8 load address 0x00004c68
                0x1fff8178                PROVIDE (__bss_start__, .)
 *(.shbss)
 *(.bss .bss.* .gnu.linkonce.b.*)
 .bss           0x1fff8178       0x1c c:/program files (x86)/cypress/psoc creator/4.4/psoc creator/import/gnu/arm/5.4.1/bin/../lib/gcc/arm-none-eabi/5.4.1/armv7-m/crtbegin.o
 .bss           0x1fff8194       0xa8 .\CortexM3\ARM_GCC_541\Debug\main.o
 .bss           0x1fff823c        0x1 .\CortexM3\ARM_GCC_541\Debug\Trigger.a(Comp.o)
                0x1fff823c                Comp_initVar
 .bss           0x1fff823d        0x1 .\CortexM3\ARM_GCC_541\Debug\Trigger.a(Counter.o)
                0x1fff823d                Counter_initVar
 .bss           0x1fff823e        0x2 .\CortexM3\ARM_GCC_541\Debug\Trigger.a(UART.o)
                0x1fff823e                UART_initVar
 .bss           0x1fff8240        0x1 .\CortexM3\ARM_GCC_541\Debug\Trigger.a(Timer.o)
                0x1fff8240                Timer_initVar
 .bss           0x1fff8241        0x1 .\CortexM3\ARM_GCC_541\Debug\Trigger.a(freqcounter.o)
                0x1fff8241                freqcounter_initVar
 *fill*         0x1fff8242        0x2 
 .bss.__malloc_sbrk_start
                0x1fff8244        0x4 c:/program files (x86)/cypress/psoc creator/4.4/psoc creator/import/gnu/arm/5.4.1/bin/../lib/gcc/arm-none-eabi/5.4.1/../../../../arm-none-eabi/lib/armv7-m\libg_nano.a(lib_a-nano-mallocr.o)
                0x1fff8244                __malloc_sbrk_start
 .bss.__malloc_free_list
                0x1fff8248        0x4 c:/program files (x86)/cypress/psoc creator/4.4/psoc creator/import/gnu/arm/5.4.1/bin/../lib/gcc/arm-none-eabi/5.4.1/../../../../arm-none-eabi/lib/armv7-m\libg_nano.a(lib_a-nano-mallocr.o)
                0x1fff8248                __malloc_free_list
 *(COMMON)
 COMMON         0x1fff824c        0x4 c:/program files (x86)/cypress/psoc creator/4.4/psoc creator/import/gnu/arm/5.4.1/bin/../lib/gcc/arm-none-eabi/5.4.1/../../../../arm-none-eabi/lib/armv7-m\libg_nano.a(lib_a-reent.o)
                0x1fff824c                errno
                0x1fff8250                . = ALIGN (0x8)
 *(.ram.b)
                0x1fff8250                _end = .
                0x1fff8250                __end = .
                0x1fff8250                PROVIDE (end, .)
                0x1fff8250                PROVIDE (__bss_end__, .)
                0x00004bb8                __cy_region_init_ram = LOADADDR (.data)
                0x000000b0                __cy_region_init_size_ram = (_edata - ADDR (.data))
                0x000000d8                __cy_region_zero_size_ram = (_end - _edata)

.heap           0x1fff8250      0x200 load address 0x00004c68
                0x1fff8250                . = _end
                0x1fff8450                . = (. + 0x200)
 *fill*         0x1fff8250      0x200 
                0x1fff8450                __cy_heap_limit = .

.stack          0x20007800      0x800
                0x20007800                __cy_stack_limit = .
                0x20008000                . = (. + 0x800)
 *fill*         0x20007800      0x800 
                0x00000001                ASSERT ((__cy_stack_limit >= __cy_heap_limit), region RAM overflowed with stack)
                0x00000000                cy_checksum_exclude_size = (CY_APPL_LOADABLE == 0x1)?SIZEOF (.cy_checksum_exclude):0x0
                0x00000001                ASSERT ((cy_checksum_exclude_size <= CY_CHECKSUM_EXCLUDE_SIZE), CY_BOOT: Section .cy_checksum_exclude size exceedes specified limit.)

.cyloadermeta
 *(.cyloadermeta)

.cyloadablemeta
 *(.cyloadablemeta)

.cyconfigecc    0x80000000      0x78c
 *(.cyconfigecc)
 .cyconfigecc   0x80000000      0x78c .\CortexM3\ARM_GCC_541\Debug\cymetadata.o
                0x80000000                cy_meta_configecc

.cycustnvl      0x90000000        0x4
 *(.cycustnvl)
 .cycustnvl     0x90000000        0x4 .\CortexM3\ARM_GCC_541\Debug\cymetadata.o
                0x90000000                cy_meta_custnvl

.cywolatch      0x90100000        0x4
 *(.cywolatch)
 .cywolatch     0x90100000        0x4 .\CortexM3\ARM_GCC_541\Debug\cymetadata.o
                0x90100000                cy_meta_wonvl

.cyeeprom       0x90200000        0x0
 *(.cyeeprom)
                0x00000001                ASSERT ((. <= ((0x90200000 + ee_offset) + ee_size)), .cyeeprom data will not fit in EEPROM)

.cyflashprotect
                0x90400000      0x100
 *(.cyflashprotect)
 .cyflashprotect
                0x90400000      0x100 .\CortexM3\ARM_GCC_541\Debug\cymetadata.o
                0x90400000                cy_meta_flashprotect

.cymeta         0x90500000        0xc
 *(.cymeta)
 .cymeta        0x90500000        0xc .\CortexM3\ARM_GCC_541\Debug\cymetadata.o
                0x90500000                cy_metadata

.rel.dyn        0x00004c68        0x0 load address 0x9050000c
 .rel.iplt      0x00004c68        0x0 c:/program files (x86)/cypress/psoc creator/4.4/psoc creator/import/gnu/arm/5.4.1/bin/../lib/gcc/arm-none-eabi/5.4.1/armv7-m/crtbegin.o

.stab           0x00000000       0x6c
 *(.stab)
 .stab          0x00000000       0x24 c:/program files (x86)/cypress/psoc creator/4.4/psoc creator/import/gnu/arm/5.4.1/bin/../lib/gcc/arm-none-eabi/5.4.1/../../../../arm-none-eabi/lib/armv7-m\libnosys.a(close.o)
 .stab          0x00000024       0x18 c:/program files (x86)/cypress/psoc creator/4.4/psoc creator/import/gnu/arm/5.4.1/bin/../lib/gcc/arm-none-eabi/5.4.1/../../../../arm-none-eabi/lib/armv7-m\libnosys.a(lseek.o)
                                 0x24 (size before relaxing)
 .stab          0x0000003c       0x18 c:/program files (x86)/cypress/psoc creator/4.4/psoc creator/import/gnu/arm/5.4.1/bin/../lib/gcc/arm-none-eabi/5.4.1/../../../../arm-none-eabi/lib/armv7-m\libnosys.a(read.o)
                                 0x24 (size before relaxing)
 .stab          0x00000054       0x18 c:/program files (x86)/cypress/psoc creator/4.4/psoc creator/import/gnu/arm/5.4.1/bin/../lib/gcc/arm-none-eabi/5.4.1/../../../../arm-none-eabi/lib/armv7-m\libnosys.a(write.o)
                                 0x24 (size before relaxing)

.stabstr        0x00000000       0xdf
 *(.stabstr)
 .stabstr       0x00000000       0xdf c:/program files (x86)/cypress/psoc creator/4.4/psoc creator/import/gnu/arm/5.4.1/bin/../lib/gcc/arm-none-eabi/5.4.1/../../../../arm-none-eabi/lib/armv7-m\libnosys.a(close.o)

.debug
 *(.debug)

.line
 *(.line)

.debug_srcinfo
 *(.debug_srcinfo)

.debug_sfnames
 *(.debug_sfnames)

.debug_aranges  0x00000000      0xa68
 *(.debug_aranges)
 .debug_aranges
                0x00000000       0x88 .\CortexM3\ARM_GCC_541\Debug\main.o
 .debug_aranges
                0x00000088       0x58 .\CortexM3\ARM_GCC_541\Debug\cyfitter_cfg.o
 .debug_aranges
                0x000000e0       0x18 .\CortexM3\ARM_GCC_541\Debug\cymetadata.o
 .debug_aranges
                0x000000f8       0x48 .\CortexM3\ARM_GCC_541\Debug\Cm3Start.o
 .debug_aranges
                0x00000140      0x2a0 .\CortexM3\ARM_GCC_541\Debug\Trigger.a(CyLib.o)
 .debug_aranges
                0x000003e0       0x98 .\CortexM3\ARM_GCC_541\Debug\Trigger.a(cyPm.o)
 .debug_aranges
                0x00000478       0x70 .\CortexM3\ARM_GCC_541\Debug\Trigger.a(Comp.o)
 .debug_aranges
                0x000004e8       0x38 .\CortexM3\ARM_GCC_541\Debug\Trigger.a(sw.o)
 .debug_aranges
                0x00000520       0x88 .\CortexM3\ARM_GCC_541\Debug\Trigger.a(Counter.o)
 .debug_aranges
                0x000005a8       0xf0 .\CortexM3\ARM_GCC_541\Debug\Trigger.a(UART.o)
 .debug_aranges
                0x00000698       0x70 .\CortexM3\ARM_GCC_541\Debug\Trigger.a(UART_IntClock.o)
 .debug_aranges
                0x00000708       0x80 .\CortexM3\ARM_GCC_541\Debug\Trigger.a(isr_sw.o)
 .debug_aranges
                0x00000788       0x88 .\CortexM3\ARM_GCC_541\Debug\Trigger.a(Timer.o)
 .debug_aranges
                0x00000810       0x80 .\CortexM3\ARM_GCC_541\Debug\Trigger.a(isr_timer.o)
 .debug_aranges
                0x00000890       0x88 .\CortexM3\ARM_GCC_541\Debug\Trigger.a(freqcounter.o)
 .debug_aranges
                0x00000918       0x28 .\CortexM3\ARM_GCC_541\Debug\Trigger.a(muxSel.o)
 .debug_aranges
                0x00000940       0x20 .\CortexM3\ARM_GCC_541\Debug\Trigger.a(CyBootAsmGnu.o)
 .debug_aranges
                0x00000960       0x88 .\CortexM3\ARM_GCC_541\Debug\Trigger.a(CyFlash.o)
 .debug_aranges
                0x000009e8       0x80 .\CortexM3\ARM_GCC_541\Debug\Trigger.a(CySpc.o)

.debug_pubnames
 *(.debug_pubnames)

.debug_info     0x00000000     0x5c42
 *(.debug_info .gnu.linkonce.wi.*)
 .debug_info    0x00000000      0xbf6 .\CortexM3\ARM_GCC_541\Debug\main.o
 .debug_info    0x00000bf6      0x5f2 .\CortexM3\ARM_GCC_541\Debug\cyfitter_cfg.o
 .debug_info    0x000011e8      0x139 .\CortexM3\ARM_GCC_541\Debug\cymetadata.o
 .debug_info    0x00001321      0x3bb .\CortexM3\ARM_GCC_541\Debug\Cm3Start.o
 .debug_info    0x000016dc     0x1374 .\CortexM3\ARM_GCC_541\Debug\Trigger.a(CyLib.o)
 .debug_info    0x00002a50      0xa2a .\CortexM3\ARM_GCC_541\Debug\Trigger.a(cyPm.o)
 .debug_info    0x0000347a      0x2c8 .\CortexM3\ARM_GCC_541\Debug\Trigger.a(Comp.o)
 .debug_info    0x00003742      0x11f .\CortexM3\ARM_GCC_541\Debug\Trigger.a(sw.o)
 .debug_info    0x00003861      0x2ef .\CortexM3\ARM_GCC_541\Debug\Trigger.a(Counter.o)
 .debug_info    0x00003b50      0x60c .\CortexM3\ARM_GCC_541\Debug\Trigger.a(UART.o)
 .debug_info    0x0000415c      0x283 .\CortexM3\ARM_GCC_541\Debug\Trigger.a(UART_IntClock.o)
 .debug_info    0x000043df      0x2d2 .\CortexM3\ARM_GCC_541\Debug\Trigger.a(isr_sw.o)
 .debug_info    0x000046b1      0x291 .\CortexM3\ARM_GCC_541\Debug\Trigger.a(Timer.o)
 .debug_info    0x00004942      0x2d2 .\CortexM3\ARM_GCC_541\Debug\Trigger.a(isr_timer.o)
 .debug_info    0x00004c14      0x2f1 .\CortexM3\ARM_GCC_541\Debug\Trigger.a(freqcounter.o)
 .debug_info    0x00004f05       0xd6 .\CortexM3\ARM_GCC_541\Debug\Trigger.a(muxSel.o)
 .debug_info    0x00004fdb       0xca .\CortexM3\ARM_GCC_541\Debug\Trigger.a(CyBootAsmGnu.o)
 .debug_info    0x000050a5      0x64d .\CortexM3\ARM_GCC_541\Debug\Trigger.a(CyFlash.o)
 .debug_info    0x000056f2      0x550 .\CortexM3\ARM_GCC_541\Debug\Trigger.a(CySpc.o)

.debug_abbrev   0x00000000     0x1906
 *(.debug_abbrev)
 .debug_abbrev  0x00000000      0x1f1 .\CortexM3\ARM_GCC_541\Debug\main.o
 .debug_abbrev  0x000001f1      0x20d .\CortexM3\ARM_GCC_541\Debug\cyfitter_cfg.o
 .debug_abbrev  0x000003fe       0x77 .\CortexM3\ARM_GCC_541\Debug\cymetadata.o
 .debug_abbrev  0x00000475      0x1e8 .\CortexM3\ARM_GCC_541\Debug\Cm3Start.o
 .debug_abbrev  0x0000065d      0x254 .\CortexM3\ARM_GCC_541\Debug\Trigger.a(CyLib.o)
 .debug_abbrev  0x000008b1      0x1ab .\CortexM3\ARM_GCC_541\Debug\Trigger.a(cyPm.o)
 .debug_abbrev  0x00000a5c      0x16e .\CortexM3\ARM_GCC_541\Debug\Trigger.a(Comp.o)
 .debug_abbrev  0x00000bca       0x90 .\CortexM3\ARM_GCC_541\Debug\Trigger.a(sw.o)
 .debug_abbrev  0x00000c5a      0x117 .\CortexM3\ARM_GCC_541\Debug\Trigger.a(Counter.o)
 .debug_abbrev  0x00000d71      0x175 .\CortexM3\ARM_GCC_541\Debug\Trigger.a(UART.o)
 .debug_abbrev  0x00000ee6      0x139 .\CortexM3\ARM_GCC_541\Debug\Trigger.a(UART_IntClock.o)
 .debug_abbrev  0x0000101f      0x173 .\CortexM3\ARM_GCC_541\Debug\Trigger.a(isr_sw.o)
 .debug_abbrev  0x00001192      0x11a .\CortexM3\ARM_GCC_541\Debug\Trigger.a(Timer.o)
 .debug_abbrev  0x000012ac      0x173 .\CortexM3\ARM_GCC_541\Debug\Trigger.a(isr_timer.o)
 .debug_abbrev  0x0000141f      0x117 .\CortexM3\ARM_GCC_541\Debug\Trigger.a(freqcounter.o)
 .debug_abbrev  0x00001536       0x81 .\CortexM3\ARM_GCC_541\Debug\Trigger.a(muxSel.o)
 .debug_abbrev  0x000015b7       0x14 .\CortexM3\ARM_GCC_541\Debug\Trigger.a(CyBootAsmGnu.o)
 .debug_abbrev  0x000015cb      0x1a7 .\CortexM3\ARM_GCC_541\Debug\Trigger.a(CyFlash.o)
 .debug_abbrev  0x00001772      0x194 .\CortexM3\ARM_GCC_541\Debug\Trigger.a(CySpc.o)

.debug_line     0x00000000     0x271f
 *(.debug_line)
 .debug_line    0x00000000      0x439 .\CortexM3\ARM_GCC_541\Debug\main.o
 .debug_line    0x00000439      0x201 .\CortexM3\ARM_GCC_541\Debug\cyfitter_cfg.o
 .debug_line    0x0000063a      0x141 .\CortexM3\ARM_GCC_541\Debug\cymetadata.o
 .debug_line    0x0000077b      0x234 .\CortexM3\ARM_GCC_541\Debug\Cm3Start.o
 .debug_line    0x000009af      0x816 .\CortexM3\ARM_GCC_541\Debug\Trigger.a(CyLib.o)
 .debug_line    0x000011c5      0x367 .\CortexM3\ARM_GCC_541\Debug\Trigger.a(cyPm.o)
 .debug_line    0x0000152c      0x163 .\CortexM3\ARM_GCC_541\Debug\Trigger.a(Comp.o)
 .debug_line    0x0000168f       0x8f .\CortexM3\ARM_GCC_541\Debug\Trigger.a(sw.o)
 .debug_line    0x0000171e      0x15b .\CortexM3\ARM_GCC_541\Debug\Trigger.a(Counter.o)
 .debug_line    0x00001879      0x2bc .\CortexM3\ARM_GCC_541\Debug\Trigger.a(UART.o)
 .debug_line    0x00001b35      0x17c .\CortexM3\ARM_GCC_541\Debug\Trigger.a(UART_IntClock.o)
 .debug_line    0x00001cb1      0x133 .\CortexM3\ARM_GCC_541\Debug\Trigger.a(isr_sw.o)
 .debug_line    0x00001de4      0x158 .\CortexM3\ARM_GCC_541\Debug\Trigger.a(Timer.o)
 .debug_line    0x00001f3c      0x136 .\CortexM3\ARM_GCC_541\Debug\Trigger.a(isr_timer.o)
 .debug_line    0x00002072      0x15f .\CortexM3\ARM_GCC_541\Debug\Trigger.a(freqcounter.o)
 .debug_line    0x000021d1       0x6e .\CortexM3\ARM_GCC_541\Debug\Trigger.a(muxSel.o)
 .debug_line    0x0000223f       0x66 .\CortexM3\ARM_GCC_541\Debug\Trigger.a(CyBootAsmGnu.o)
 .debug_line    0x000022a5      0x21a .\CortexM3\ARM_GCC_541\Debug\Trigger.a(CyFlash.o)
 .debug_line    0x000024bf      0x260 .\CortexM3\ARM_GCC_541\Debug\Trigger.a(CySpc.o)

.debug_frame    0x00000000     0x27ac
 *(.debug_frame)
 .debug_frame   0x00000000      0x1a0 .\CortexM3\ARM_GCC_541\Debug\main.o
 .debug_frame   0x000001a0       0xe4 .\CortexM3\ARM_GCC_541\Debug\cyfitter_cfg.o
 .debug_frame   0x00000284       0xb8 .\CortexM3\ARM_GCC_541\Debug\Cm3Start.o
 .debug_frame   0x0000033c      0x738 .\CortexM3\ARM_GCC_541\Debug\Trigger.a(CyLib.o)
 .debug_frame   0x00000a74      0x1f8 .\CortexM3\ARM_GCC_541\Debug\Trigger.a(cyPm.o)
 .debug_frame   0x00000c6c      0x108 .\CortexM3\ARM_GCC_541\Debug\Trigger.a(Comp.o)
 .debug_frame   0x00000d74       0x50 .\CortexM3\ARM_GCC_541\Debug\Trigger.a(sw.o)
 .debug_frame   0x00000dc4      0x114 .\CortexM3\ARM_GCC_541\Debug\Trigger.a(Counter.o)
 .debug_frame   0x00000ed8      0x250 .\CortexM3\ARM_GCC_541\Debug\Trigger.a(UART.o)
 .debug_frame   0x00001128       0xe0 .\CortexM3\ARM_GCC_541\Debug\Trigger.a(UART_IntClock.o)
 .debug_frame   0x00001208      0x104 .\CortexM3\ARM_GCC_541\Debug\Trigger.a(isr_sw.o)
 .debug_frame   0x0000130c      0x108 .\CortexM3\ARM_GCC_541\Debug\Trigger.a(Timer.o)
 .debug_frame   0x00001414      0x104 .\CortexM3\ARM_GCC_541\Debug\Trigger.a(isr_timer.o)
 .debug_frame   0x00001518      0x114 .\CortexM3\ARM_GCC_541\Debug\Trigger.a(freqcounter.o)
 .debug_frame   0x0000162c       0x30 .\CortexM3\ARM_GCC_541\Debug\Trigger.a(muxSel.o)
 .debug_frame   0x0000165c      0x194 .\CortexM3\ARM_GCC_541\Debug\Trigger.a(CyFlash.o)
 .debug_frame   0x000017f0      0x180 .\CortexM3\ARM_GCC_541\Debug\Trigger.a(CySpc.o)
 .debug_frame   0x00001970       0x20 c:/program files (x86)/cypress/psoc creator/4.4/psoc creator/import/gnu/arm/5.4.1/bin/../lib/gcc/arm-none-eabi/5.4.1/../../../../arm-none-eabi/lib/armv7-m\libg_nano.a(lib_a-errno.o)
 .debug_frame   0x00001990       0x28 c:/program files (x86)/cypress/psoc creator/4.4/psoc creator/import/gnu/arm/5.4.1/bin/../lib/gcc/arm-none-eabi/5.4.1/../../../../arm-none-eabi/lib/armv7-m\libg_nano.a(lib_a-exit.o)
 .debug_frame   0x000019b8       0x2c c:/program files (x86)/cypress/psoc creator/4.4/psoc creator/import/gnu/arm/5.4.1/bin/../lib/gcc/arm-none-eabi/5.4.1/../../../../arm-none-eabi/lib/armv7-m\libg_nano.a(lib_a-init.o)
 .debug_frame   0x000019e4       0x28 c:/program files (x86)/cypress/psoc creator/4.4/psoc creator/import/gnu/arm/5.4.1/bin/../lib/gcc/arm-none-eabi/5.4.1/../../../../arm-none-eabi/lib/armv7-m\libg_nano.a(lib_a-memcpy-stub.o)
 .debug_frame   0x00001a0c       0x20 c:/program files (x86)/cypress/psoc creator/4.4/psoc creator/import/gnu/arm/5.4.1/bin/../lib/gcc/arm-none-eabi/5.4.1/../../../../arm-none-eabi/lib/armv7-m\libg_nano.a(lib_a-memset.o)
 .debug_frame   0x00001a2c       0x8c c:/program files (x86)/cypress/psoc creator/4.4/psoc creator/import/gnu/arm/5.4.1/bin/../lib/gcc/arm-none-eabi/5.4.1/../../../../arm-none-eabi/lib/armv7-m\libg_nano.a(lib_a-nano-vfprintf_float.o)
 .debug_frame   0x00001ab8       0x60 c:/program files (x86)/cypress/psoc creator/4.4/psoc creator/import/gnu/arm/5.4.1/bin/../lib/gcc/arm-none-eabi/5.4.1/../../../../arm-none-eabi/lib/armv7-m\libg_nano.a(lib_a-nano-vfprintf_i.o)
 .debug_frame   0x00001b18       0x70 c:/program files (x86)/cypress/psoc creator/4.4/psoc creator/import/gnu/arm/5.4.1/bin/../lib/gcc/arm-none-eabi/5.4.1/../../../../arm-none-eabi/lib/armv7-m\libg_nano.a(lib_a-sprintf.o)
 .debug_frame   0x00001b88       0x80 c:/program files (x86)/cypress/psoc creator/4.4/psoc creator/import/gnu/arm/5.4.1/bin/../lib/gcc/arm-none-eabi/5.4.1/../../../../arm-none-eabi/lib/armv7-m\libg_nano.a(lib_a-sscanf.o)
 .debug_frame   0x00001c08       0x88 c:/program files (x86)/cypress/psoc creator/4.4/psoc creator/import/gnu/arm/5.4.1/bin/../lib/gcc/arm-none-eabi/5.4.1/../../../../arm-none-eabi/lib/armv7-m\libg_nano.a(lib_a-stdio.o)
 .debug_frame   0x00001c90       0x20 c:/program files (x86)/cypress/psoc creator/4.4/psoc creator/import/gnu/arm/5.4.1/bin/../lib/gcc/arm-none-eabi/5.4.1/../../../../arm-none-eabi/lib/armv7-m\libg_nano.a(lib_a-strchr.o)
 .debug_frame   0x00001cb0       0x20 c:/program files (x86)/cypress/psoc creator/4.4/psoc creator/import/gnu/arm/5.4.1/bin/../lib/gcc/arm-none-eabi/5.4.1/../../../../arm-none-eabi/lib/armv7-m\libg_nano.a(lib_a-strcmp.o)
 .debug_frame   0x00001cd0       0x2c c:/program files (x86)/cypress/psoc creator/4.4/psoc creator/import/gnu/arm/5.4.1/bin/../lib/gcc/arm-none-eabi/5.4.1/../../../../arm-none-eabi/lib/armv7-m\libg_nano.a(lib_a-writer.o)
 .debug_frame   0x00001cfc       0x2c c:/program files (x86)/cypress/psoc creator/4.4/psoc creator/import/gnu/arm/5.4.1/bin/../lib/gcc/arm-none-eabi/5.4.1/../../../../arm-none-eabi/lib/armv7-m\libg_nano.a(lib_a-closer.o)
 .debug_frame   0x00001d28       0x6c c:/program files (x86)/cypress/psoc creator/4.4/psoc creator/import/gnu/arm/5.4.1/bin/../lib/gcc/arm-none-eabi/5.4.1/../../../../arm-none-eabi/lib/armv7-m\libg_nano.a(lib_a-dtoa.o)
 .debug_frame   0x00001d94       0x98 c:/program files (x86)/cypress/psoc creator/4.4/psoc creator/import/gnu/arm/5.4.1/bin/../lib/gcc/arm-none-eabi/5.4.1/../../../../arm-none-eabi/lib/armv7-m\libg_nano.a(lib_a-locale.o)
 .debug_frame   0x00001e2c       0x2c c:/program files (x86)/cypress/psoc creator/4.4/psoc creator/import/gnu/arm/5.4.1/bin/../lib/gcc/arm-none-eabi/5.4.1/../../../../arm-none-eabi/lib/armv7-m\libg_nano.a(lib_a-lseekr.o)
 .debug_frame   0x00001e58       0x30 c:/program files (x86)/cypress/psoc creator/4.4/psoc creator/import/gnu/arm/5.4.1/bin/../lib/gcc/arm-none-eabi/5.4.1/../../../../arm-none-eabi/lib/armv7-m\libg_nano.a(lib_a-malloc.o)
 .debug_frame   0x00001e88       0x28 c:/program files (x86)/cypress/psoc creator/4.4/psoc creator/import/gnu/arm/5.4.1/bin/../lib/gcc/arm-none-eabi/5.4.1/../../../../arm-none-eabi/lib/armv7-m\libg_nano.a(lib_a-memchr-stub.o)
 .debug_frame   0x00001eb0      0x234 c:/program files (x86)/cypress/psoc creator/4.4/psoc creator/import/gnu/arm/5.4.1/bin/../lib/gcc/arm-none-eabi/5.4.1/../../../../arm-none-eabi/lib/armv7-m\libg_nano.a(lib_a-mprec.o)
 .debug_frame   0x000020e4       0x2c c:/program files (x86)/cypress/psoc creator/4.4/psoc creator/import/gnu/arm/5.4.1/bin/../lib/gcc/arm-none-eabi/5.4.1/../../../../arm-none-eabi/lib/armv7-m\libg_nano.a(lib_a-nano-callocr.o)
 .debug_frame   0x00002110       0x38 c:/program files (x86)/cypress/psoc creator/4.4/psoc creator/import/gnu/arm/5.4.1/bin/../lib/gcc/arm-none-eabi/5.4.1/../../../../arm-none-eabi/lib/armv7-m\libg_nano.a(lib_a-nano-freer.o)
 .debug_frame   0x00002148       0x2c c:/program files (x86)/cypress/psoc creator/4.4/psoc creator/import/gnu/arm/5.4.1/bin/../lib/gcc/arm-none-eabi/5.4.1/../../../../arm-none-eabi/lib/armv7-m\libg_nano.a(lib_a-nano-mallocr.o)
 .debug_frame   0x00002174       0x90 c:/program files (x86)/cypress/psoc creator/4.4/psoc creator/import/gnu/arm/5.4.1/bin/../lib/gcc/arm-none-eabi/5.4.1/../../../../arm-none-eabi/lib/armv7-m\libg_nano.a(lib_a-nano-svfprintf.o)
 .debug_frame   0x00002204       0x74 c:/program files (x86)/cypress/psoc creator/4.4/psoc creator/import/gnu/arm/5.4.1/bin/../lib/gcc/arm-none-eabi/5.4.1/../../../../arm-none-eabi/lib/armv7-m\libg_nano.a(lib_a-nano-svfscanf.o)
 .debug_frame   0x00002278       0x60 c:/program files (x86)/cypress/psoc creator/4.4/psoc creator/import/gnu/arm/5.4.1/bin/../lib/gcc/arm-none-eabi/5.4.1/../../../../arm-none-eabi/lib/armv7-m\libg_nano.a(lib_a-nano-vfscanf_i.o)
 .debug_frame   0x000022d8       0x2c c:/program files (x86)/cypress/psoc creator/4.4/psoc creator/import/gnu/arm/5.4.1/bin/../lib/gcc/arm-none-eabi/5.4.1/../../../../arm-none-eabi/lib/armv7-m\libg_nano.a(lib_a-readr.o)
 .debug_frame   0x00002304       0x5c c:/program files (x86)/cypress/psoc creator/4.4/psoc creator/import/gnu/arm/5.4.1/bin/../lib/gcc/arm-none-eabi/5.4.1/../../../../arm-none-eabi/lib/armv7-m\libg_nano.a(lib_a-reent.o)
 .debug_frame   0x00002360       0x2c c:/program files (x86)/cypress/psoc creator/4.4/psoc creator/import/gnu/arm/5.4.1/bin/../lib/gcc/arm-none-eabi/5.4.1/../../../../arm-none-eabi/lib/armv7-m\libg_nano.a(lib_a-sbrkr.o)
 .debug_frame   0x0000238c       0x2c c:/program files (x86)/cypress/psoc creator/4.4/psoc creator/import/gnu/arm/5.4.1/bin/../lib/gcc/arm-none-eabi/5.4.1/../../../../arm-none-eabi/lib/armv7-m\libg_nano.a(lib_a-sccl.o)
 .debug_frame   0x000023b8       0x44 c:/program files (x86)/cypress/psoc creator/4.4/psoc creator/import/gnu/arm/5.4.1/bin/../lib/gcc/arm-none-eabi/5.4.1/../../../../arm-none-eabi/lib/armv7-m\libg_nano.a(lib_a-strtol.o)
 .debug_frame   0x000023fc       0x44 c:/program files (x86)/cypress/psoc creator/4.4/psoc creator/import/gnu/arm/5.4.1/bin/../lib/gcc/arm-none-eabi/5.4.1/../../../../arm-none-eabi/lib/armv7-m\libg_nano.a(lib_a-strtoul.o)
 .debug_frame   0x00002440       0x60 c:/program files (x86)/cypress/psoc creator/4.4/psoc creator/import/gnu/arm/5.4.1/bin/../lib/gcc/arm-none-eabi/5.4.1/../../../../arm-none-eabi/lib/armv7-m\libg_nano.a(lib_a-ungetc.o)
 .debug_frame   0x000024a0       0x68 c:/program files (x86)/cypress/psoc creator/4.4/psoc creator/import/gnu/arm/5.4.1/bin/../lib/gcc/arm-none-eabi/5.4.1/../../../../arm-none-eabi/lib/armv7-m\libg_nano.a(lib_a-fflush.o)
 .debug_frame   0x00002508      0x11c c:/program files (x86)/cypress/psoc creator/4.4/psoc creator/import/gnu/arm/5.4.1/bin/../lib/gcc/arm-none-eabi/5.4.1/../../../../arm-none-eabi/lib/armv7-m\libg_nano.a(lib_a-findfp.o)
 .debug_frame   0x00002624       0x54 c:/program files (x86)/cypress/psoc creator/4.4/psoc creator/import/gnu/arm/5.4.1/bin/../lib/gcc/arm-none-eabi/5.4.1/../../../../arm-none-eabi/lib/armv7-m\libg_nano.a(lib_a-fwalk.o)
 .debug_frame   0x00002678       0x28 c:/program files (x86)/cypress/psoc creator/4.4/psoc creator/import/gnu/arm/5.4.1/bin/../lib/gcc/arm-none-eabi/5.4.1/../../../../arm-none-eabi/lib/armv7-m\libg_nano.a(lib_a-memmove.o)
 .debug_frame   0x000026a0       0x30 c:/program files (x86)/cypress/psoc creator/4.4/psoc creator/import/gnu/arm/5.4.1/bin/../lib/gcc/arm-none-eabi/5.4.1/../../../../arm-none-eabi/lib/armv7-m\libg_nano.a(lib_a-mlock.o)
 .debug_frame   0x000026d0       0x3c c:/program files (x86)/cypress/psoc creator/4.4/psoc creator/import/gnu/arm/5.4.1/bin/../lib/gcc/arm-none-eabi/5.4.1/../../../../arm-none-eabi/lib/armv7-m\libg_nano.a(lib_a-nano-reallocr.o)
 .debug_frame   0x0000270c       0x20 c:/program files (x86)/cypress/psoc creator/4.4/psoc creator/import/gnu/arm/5.4.1/bin/../lib/gcc/arm-none-eabi/5.4.1/../../../../arm-none-eabi/lib/armv7-m\libg_nano.a(lib_a-nano-msizer.o)
 .debug_frame   0x0000272c       0x20 c:/program files (x86)/cypress/psoc creator/4.4/psoc creator/import/gnu/arm/5.4.1/bin/../lib/gcc/arm-none-eabi/5.4.1/../../../../arm-none-eabi/lib/armv7-m\libnosys.a(close.o)
 .debug_frame   0x0000274c       0x20 c:/program files (x86)/cypress/psoc creator/4.4/psoc creator/import/gnu/arm/5.4.1/bin/../lib/gcc/arm-none-eabi/5.4.1/../../../../arm-none-eabi/lib/armv7-m\libnosys.a(lseek.o)
 .debug_frame   0x0000276c       0x20 c:/program files (x86)/cypress/psoc creator/4.4/psoc creator/import/gnu/arm/5.4.1/bin/../lib/gcc/arm-none-eabi/5.4.1/../../../../arm-none-eabi/lib/armv7-m\libnosys.a(read.o)
 .debug_frame   0x0000278c       0x20 c:/program files (x86)/cypress/psoc creator/4.4/psoc creator/import/gnu/arm/5.4.1/bin/../lib/gcc/arm-none-eabi/5.4.1/../../../../arm-none-eabi/lib/armv7-m\libnosys.a(write.o)

.debug_str      0x00000000     0x20bf
 *(.debug_str)
 .debug_str     0x00000000      0x455 .\CortexM3\ARM_GCC_541\Debug\main.o
                                0x4b8 (size before relaxing)
 .debug_str     0x00000455      0x1b0 .\CortexM3\ARM_GCC_541\Debug\cyfitter_cfg.o
                                0x37e (size before relaxing)
 .debug_str     0x00000605       0x7f .\CortexM3\ARM_GCC_541\Debug\cymetadata.o
                                0x21e (size before relaxing)
 .debug_str     0x00000684      0x144 .\CortexM3\ARM_GCC_541\Debug\Cm3Start.o
                                0x344 (size before relaxing)
 .debug_str     0x000007c8      0x833 .\CortexM3\ARM_GCC_541\Debug\Trigger.a(CyLib.o)
                                0xa81 (size before relaxing)
 .debug_str     0x00000ffb      0x365 .\CortexM3\ARM_GCC_541\Debug\Trigger.a(cyPm.o)
                                0x76d (size before relaxing)
 .debug_str     0x00001360      0x115 .\CortexM3\ARM_GCC_541\Debug\Trigger.a(Comp.o)
                                0x2f8 (size before relaxing)
 .debug_str     0x00001475       0x4f .\CortexM3\ARM_GCC_541\Debug\Trigger.a(sw.o)
                                0x20d (size before relaxing)
 .debug_str     0x000014c4      0x139 .\CortexM3\ARM_GCC_541\Debug\Trigger.a(Counter.o)
                                0x372 (size before relaxing)
 .debug_str     0x000015fd      0x258 .\CortexM3\ARM_GCC_541\Debug\Trigger.a(UART.o)
                                0x4af (size before relaxing)
 .debug_str     0x00001855      0x183 .\CortexM3\ARM_GCC_541\Debug\Trigger.a(UART_IntClock.o)
                                0x370 (size before relaxing)
 .debug_str     0x000019d8       0xd8 .\CortexM3\ARM_GCC_541\Debug\Trigger.a(isr_sw.o)
                                0x2ee (size before relaxing)
 .debug_str     0x00001ab0      0x12d .\CortexM3\ARM_GCC_541\Debug\Trigger.a(Timer.o)
                                0x32f (size before relaxing)
 .debug_str     0x00001bdd       0xfc .\CortexM3\ARM_GCC_541\Debug\Trigger.a(isr_timer.o)
                                0x318 (size before relaxing)
 .debug_str     0x00001cd9      0x153 .\CortexM3\ARM_GCC_541\Debug\Trigger.a(freqcounter.o)
                                0x3b6 (size before relaxing)
 .debug_str     0x00001e2c       0x2c .\CortexM3\ARM_GCC_541\Debug\Trigger.a(muxSel.o)
                                0x1ec (size before relaxing)
 .debug_str     0x00001e58      0x1bb .\CortexM3\ARM_GCC_541\Debug\Trigger.a(CyFlash.o)
                                0x3fa (size before relaxing)
 .debug_str     0x00002013       0xac .\CortexM3\ARM_GCC_541\Debug\Trigger.a(CySpc.o)
                                0x372 (size before relaxing)

.debug_loc      0x00000000     0x2489
 *(.debug_loc)
 .debug_loc     0x00000000      0x48f .\CortexM3\ARM_GCC_541\Debug\main.o
 .debug_loc     0x0000048f      0x289 .\CortexM3\ARM_GCC_541\Debug\cyfitter_cfg.o
 .debug_loc     0x00000718      0x144 .\CortexM3\ARM_GCC_541\Debug\Cm3Start.o
 .debug_loc     0x0000085c      0xa11 .\CortexM3\ARM_GCC_541\Debug\Trigger.a(CyLib.o)
 .debug_loc     0x0000126d      0x1e4 .\CortexM3\ARM_GCC_541\Debug\Trigger.a(cyPm.o)
 .debug_loc     0x00001451       0xed .\CortexM3\ARM_GCC_541\Debug\Trigger.a(Comp.o)
 .debug_loc     0x0000153e       0x42 .\CortexM3\ARM_GCC_541\Debug\Trigger.a(sw.o)
 .debug_loc     0x00001580       0x13 .\CortexM3\ARM_GCC_541\Debug\Trigger.a(Counter.o)
 .debug_loc     0x00001593      0x258 .\CortexM3\ARM_GCC_541\Debug\Trigger.a(UART.o)
 .debug_loc     0x000017eb      0x128 .\CortexM3\ARM_GCC_541\Debug\Trigger.a(UART_IntClock.o)
 .debug_loc     0x00001913       0x56 .\CortexM3\ARM_GCC_541\Debug\Trigger.a(isr_sw.o)
 .debug_loc     0x00001969       0x56 .\CortexM3\ARM_GCC_541\Debug\Trigger.a(isr_timer.o)
 .debug_loc     0x000019bf       0x13 .\CortexM3\ARM_GCC_541\Debug\Trigger.a(freqcounter.o)
 .debug_loc     0x000019d2      0x3b2 .\CortexM3\ARM_GCC_541\Debug\Trigger.a(CyFlash.o)
 .debug_loc     0x00001d84      0x705 .\CortexM3\ARM_GCC_541\Debug\Trigger.a(CySpc.o)

.debug_macinfo
 *(.debug_macinfo)

.debug_ranges   0x00000000      0x920
 *(.debug_ranges)
 .debug_ranges  0x00000000       0x78 .\CortexM3\ARM_GCC_541\Debug\main.o
 .debug_ranges  0x00000078       0x48 .\CortexM3\ARM_GCC_541\Debug\cyfitter_cfg.o
 .debug_ranges  0x000000c0       0x38 .\CortexM3\ARM_GCC_541\Debug\Cm3Start.o
 .debug_ranges  0x000000f8      0x290 .\CortexM3\ARM_GCC_541\Debug\Trigger.a(CyLib.o)
 .debug_ranges  0x00000388       0x88 .\CortexM3\ARM_GCC_541\Debug\Trigger.a(cyPm.o)
 .debug_ranges  0x00000410       0x60 .\CortexM3\ARM_GCC_541\Debug\Trigger.a(Comp.o)
 .debug_ranges  0x00000470       0x28 .\CortexM3\ARM_GCC_541\Debug\Trigger.a(sw.o)
 .debug_ranges  0x00000498       0x78 .\CortexM3\ARM_GCC_541\Debug\Trigger.a(Counter.o)
 .debug_ranges  0x00000510       0xe0 .\CortexM3\ARM_GCC_541\Debug\Trigger.a(UART.o)
 .debug_ranges  0x000005f0       0x60 .\CortexM3\ARM_GCC_541\Debug\Trigger.a(UART_IntClock.o)
 .debug_ranges  0x00000650       0x70 .\CortexM3\ARM_GCC_541\Debug\Trigger.a(isr_sw.o)
 .debug_ranges  0x000006c0       0x78 .\CortexM3\ARM_GCC_541\Debug\Trigger.a(Timer.o)
 .debug_ranges  0x00000738       0x70 .\CortexM3\ARM_GCC_541\Debug\Trigger.a(isr_timer.o)
 .debug_ranges  0x000007a8       0x78 .\CortexM3\ARM_GCC_541\Debug\Trigger.a(freqcounter.o)
 .debug_ranges  0x00000820       0x18 .\CortexM3\ARM_GCC_541\Debug\Trigger.a(muxSel.o)
 .debug_ranges  0x00000838       0x78 .\CortexM3\ARM_GCC_541\Debug\Trigger.a(CyFlash.o)
 .debug_ranges  0x000008b0       0x70 .\CortexM3\ARM_GCC_541\Debug\Trigger.a(CySpc.o)

.comment        0x00000000       0x6e
 .comment       0x00000000       0x6e .\CortexM3\ARM_GCC_541\Debug\main.o
                                 0x6f (size before relaxing)
 .comment       0x0000006e       0x6f .\CortexM3\ARM_GCC_541\Debug\cyfitter_cfg.o
 .comment       0x0000006e       0x6f .\CortexM3\ARM_GCC_541\Debug\cymetadata.o
 .comment       0x0000006e       0x6f .\CortexM3\ARM_GCC_541\Debug\Cm3Start.o
 .comment       0x0000006e       0x6f .\CortexM3\ARM_GCC_541\Debug\Trigger.a(CyLib.o)
 .comment       0x0000006e       0x6f .\CortexM3\ARM_GCC_541\Debug\Trigger.a(cyPm.o)
 .comment       0x0000006e       0x6f .\CortexM3\ARM_GCC_541\Debug\Trigger.a(Comp.o)
 .comment       0x0000006e       0x6f .\CortexM3\ARM_GCC_541\Debug\Trigger.a(sw.o)
 .comment       0x0000006e       0x6f .\CortexM3\ARM_GCC_541\Debug\Trigger.a(Counter.o)
 .comment       0x0000006e       0x6f .\CortexM3\ARM_GCC_541\Debug\Trigger.a(UART.o)
 .comment       0x0000006e       0x6f .\CortexM3\ARM_GCC_541\Debug\Trigger.a(UART_IntClock.o)
 .comment       0x0000006e       0x6f .\CortexM3\ARM_GCC_541\Debug\Trigger.a(isr_sw.o)
 .comment       0x0000006e       0x6f .\CortexM3\ARM_GCC_541\Debug\Trigger.a(Timer.o)
 .comment       0x0000006e       0x6f .\CortexM3\ARM_GCC_541\Debug\Trigger.a(isr_timer.o)
 .comment       0x0000006e       0x6f .\CortexM3\ARM_GCC_541\Debug\Trigger.a(freqcounter.o)
 .comment       0x0000006e       0x6f .\CortexM3\ARM_GCC_541\Debug\Trigger.a(muxSel.o)
 .comment       0x0000006e       0x6f .\CortexM3\ARM_GCC_541\Debug\Trigger.a(CyFlash.o)
 .comment       0x0000006e       0x6f .\CortexM3\ARM_GCC_541\Debug\Trigger.a(CySpc.o)

.debug_weaknames
 *(.debug_weaknames)

.debug_funcnames
 *(.debug_funcnames)

.debug_typenames
 *(.debug_typenames)

.debug_varnames
 *(.debug_varnames)

.note.gnu.arm.ident
 *(.note.gnu.arm.ident)

.ARM.attributes
                0x00000000       0x29
 *(.ARM.attributes)
 .ARM.attributes
                0x00000000       0x1d c:/program files (x86)/cypress/psoc creator/4.4/psoc creator/import/gnu/arm/5.4.1/bin/../lib/gcc/arm-none-eabi/5.4.1/armv7-m/crti.o
 .ARM.attributes
                0x0000001d       0x2d c:/program files (x86)/cypress/psoc creator/4.4/psoc creator/import/gnu/arm/5.4.1/bin/../lib/gcc/arm-none-eabi/5.4.1/armv7-m/crtbegin.o
 .ARM.attributes
                0x0000004a       0x1b c:/program files (x86)/cypress/psoc creator/4.4/psoc creator/import/gnu/arm/5.4.1/bin/../lib/gcc/arm-none-eabi/5.4.1/../../../../arm-none-eabi/lib/armv7-m/crt0.o
 .ARM.attributes
                0x00000065       0x33 .\CortexM3\ARM_GCC_541\Debug\main.o
 .ARM.attributes
                0x00000098       0x33 .\CortexM3\ARM_GCC_541\Debug\cyfitter_cfg.o
 .ARM.attributes
                0x000000cb       0x33 .\CortexM3\ARM_GCC_541\Debug\cymetadata.o
 .ARM.attributes
                0x000000fe       0x33 .\CortexM3\ARM_GCC_541\Debug\Cm3Start.o
 .ARM.attributes
                0x00000131       0x33 .\CortexM3\ARM_GCC_541\Debug\Trigger.a(CyLib.o)
 .ARM.attributes
                0x00000164       0x33 .\CortexM3\ARM_GCC_541\Debug\Trigger.a(cyPm.o)
 .ARM.attributes
                0x00000197       0x33 .\CortexM3\ARM_GCC_541\Debug\Trigger.a(Comp.o)
 .ARM.attributes
                0x000001ca       0x33 .\CortexM3\ARM_GCC_541\Debug\Trigger.a(sw.o)
 .ARM.attributes
                0x000001fd       0x33 .\CortexM3\ARM_GCC_541\Debug\Trigger.a(Counter.o)
 .ARM.attributes
                0x00000230       0x33 .\CortexM3\ARM_GCC_541\Debug\Trigger.a(UART.o)
 .ARM.attributes
                0x00000263       0x33 .\CortexM3\ARM_GCC_541\Debug\Trigger.a(UART_IntClock.o)
 .ARM.attributes
                0x00000296       0x33 .\CortexM3\ARM_GCC_541\Debug\Trigger.a(isr_sw.o)
 .ARM.attributes
                0x000002c9       0x33 .\CortexM3\ARM_GCC_541\Debug\Trigger.a(Timer.o)
 .ARM.attributes
                0x000002fc       0x33 .\CortexM3\ARM_GCC_541\Debug\Trigger.a(isr_timer.o)
 .ARM.attributes
                0x0000032f       0x33 .\CortexM3\ARM_GCC_541\Debug\Trigger.a(freqcounter.o)
 .ARM.attributes
                0x00000362       0x33 .\CortexM3\ARM_GCC_541\Debug\Trigger.a(muxSel.o)
 .ARM.attributes
                0x00000395       0x21 .\CortexM3\ARM_GCC_541\Debug\Trigger.a(CyBootAsmGnu.o)
 .ARM.attributes
                0x000003b6       0x33 .\CortexM3\ARM_GCC_541\Debug\Trigger.a(CyFlash.o)
 .ARM.attributes
                0x000003e9       0x33 .\CortexM3\ARM_GCC_541\Debug\Trigger.a(CySpc.o)
 .ARM.attributes
                0x0000041c       0x1d c:/program files (x86)/cypress/psoc creator/4.4/psoc creator/import/gnu/arm/5.4.1/bin/../lib/gcc/arm-none-eabi/5.4.1/armv7-m\libgcc.a(_arm_addsubdf3.o)
 .ARM.attributes
                0x00000439       0x1d c:/program files (x86)/cypress/psoc creator/4.4/psoc creator/import/gnu/arm/5.4.1/bin/../lib/gcc/arm-none-eabi/5.4.1/armv7-m\libgcc.a(_arm_addsubsf3.o)
 .ARM.attributes
                0x00000456       0x1d c:/program files (x86)/cypress/psoc creator/4.4/psoc creator/import/gnu/arm/5.4.1/bin/../lib/gcc/arm-none-eabi/5.4.1/armv7-m\libgcc.a(_arm_muldivsf3.o)
 .ARM.attributes
                0x00000473       0x2d c:/program files (x86)/cypress/psoc creator/4.4/psoc creator/import/gnu/arm/5.4.1/bin/../lib/gcc/arm-none-eabi/5.4.1/../../../../arm-none-eabi/lib/armv7-m\libg_nano.a(lib_a-errno.o)
 .ARM.attributes
                0x000004a0       0x2d c:/program files (x86)/cypress/psoc creator/4.4/psoc creator/import/gnu/arm/5.4.1/bin/../lib/gcc/arm-none-eabi/5.4.1/../../../../arm-none-eabi/lib/armv7-m\libg_nano.a(lib_a-exit.o)
 .ARM.attributes
                0x000004cd       0x2d c:/program files (x86)/cypress/psoc creator/4.4/psoc creator/import/gnu/arm/5.4.1/bin/../lib/gcc/arm-none-eabi/5.4.1/../../../../arm-none-eabi/lib/armv7-m\libg_nano.a(lib_a-impure.o)
 .ARM.attributes
                0x000004fa       0x2d c:/program files (x86)/cypress/psoc creator/4.4/psoc creator/import/gnu/arm/5.4.1/bin/../lib/gcc/arm-none-eabi/5.4.1/../../../../arm-none-eabi/lib/armv7-m\libg_nano.a(lib_a-init.o)
 .ARM.attributes
                0x00000527       0x2d c:/program files (x86)/cypress/psoc creator/4.4/psoc creator/import/gnu/arm/5.4.1/bin/../lib/gcc/arm-none-eabi/5.4.1/../../../../arm-none-eabi/lib/armv7-m\libg_nano.a(lib_a-memcpy-stub.o)
 .ARM.attributes
                0x00000554       0x2d c:/program files (x86)/cypress/psoc creator/4.4/psoc creator/import/gnu/arm/5.4.1/bin/../lib/gcc/arm-none-eabi/5.4.1/../../../../arm-none-eabi/lib/armv7-m\libg_nano.a(lib_a-memset.o)
 .ARM.attributes
                0x00000581       0x2d c:/program files (x86)/cypress/psoc creator/4.4/psoc creator/import/gnu/arm/5.4.1/bin/../lib/gcc/arm-none-eabi/5.4.1/../../../../arm-none-eabi/lib/armv7-m\libg_nano.a(lib_a-nano-vfprintf_float.o)
 .ARM.attributes
                0x000005ae       0x2d c:/program files (x86)/cypress/psoc creator/4.4/psoc creator/import/gnu/arm/5.4.1/bin/../lib/gcc/arm-none-eabi/5.4.1/../../../../arm-none-eabi/lib/armv7-m\libg_nano.a(lib_a-nano-vfprintf_i.o)
 .ARM.attributes
                0x000005db       0x2d c:/program files (x86)/cypress/psoc creator/4.4/psoc creator/import/gnu/arm/5.4.1/bin/../lib/gcc/arm-none-eabi/5.4.1/../../../../arm-none-eabi/lib/armv7-m\libg_nano.a(lib_a-sprintf.o)
 .ARM.attributes
                0x00000608       0x2d c:/program files (x86)/cypress/psoc creator/4.4/psoc creator/import/gnu/arm/5.4.1/bin/../lib/gcc/arm-none-eabi/5.4.1/../../../../arm-none-eabi/lib/armv7-m\libg_nano.a(lib_a-sscanf.o)
 .ARM.attributes
                0x00000635       0x2d c:/program files (x86)/cypress/psoc creator/4.4/psoc creator/import/gnu/arm/5.4.1/bin/../lib/gcc/arm-none-eabi/5.4.1/../../../../arm-none-eabi/lib/armv7-m\libg_nano.a(lib_a-stdio.o)
 .ARM.attributes
                0x00000662       0x2d c:/program files (x86)/cypress/psoc creator/4.4/psoc creator/import/gnu/arm/5.4.1/bin/../lib/gcc/arm-none-eabi/5.4.1/../../../../arm-none-eabi/lib/armv7-m\libg_nano.a(lib_a-strchr.o)
 .ARM.attributes
                0x0000068f       0x1b c:/program files (x86)/cypress/psoc creator/4.4/psoc creator/import/gnu/arm/5.4.1/bin/../lib/gcc/arm-none-eabi/5.4.1/../../../../arm-none-eabi/lib/armv7-m\libg_nano.a(lib_a-strcmp.o)
 .ARM.attributes
                0x000006aa       0x17 c:/program files (x86)/cypress/psoc creator/4.4/psoc creator/import/gnu/arm/5.4.1/bin/../lib/gcc/arm-none-eabi/5.4.1/../../../../arm-none-eabi/lib/armv7-m\libg_nano.a(lib_a-strlen.o)
 .ARM.attributes
                0x000006c1       0x2d c:/program files (x86)/cypress/psoc creator/4.4/psoc creator/import/gnu/arm/5.4.1/bin/../lib/gcc/arm-none-eabi/5.4.1/../../../../arm-none-eabi/lib/armv7-m\libg_nano.a(lib_a-writer.o)
 .ARM.attributes
                0x000006ee       0x2d c:/program files (x86)/cypress/psoc creator/4.4/psoc creator/import/gnu/arm/5.4.1/bin/../lib/gcc/arm-none-eabi/5.4.1/../../../../arm-none-eabi/lib/armv7-m\libg_nano.a(lib_a-closer.o)
 .ARM.attributes
                0x0000071b       0x2d c:/program files (x86)/cypress/psoc creator/4.4/psoc creator/import/gnu/arm/5.4.1/bin/../lib/gcc/arm-none-eabi/5.4.1/../../../../arm-none-eabi/lib/armv7-m\libg_nano.a(lib_a-dtoa.o)
 .ARM.attributes
                0x00000748       0x2d c:/program files (x86)/cypress/psoc creator/4.4/psoc creator/import/gnu/arm/5.4.1/bin/../lib/gcc/arm-none-eabi/5.4.1/../../../../arm-none-eabi/lib/armv7-m\libg_nano.a(lib_a-locale.o)
 .ARM.attributes
                0x00000775       0x2d c:/program files (x86)/cypress/psoc creator/4.4/psoc creator/import/gnu/arm/5.4.1/bin/../lib/gcc/arm-none-eabi/5.4.1/../../../../arm-none-eabi/lib/armv7-m\libg_nano.a(lib_a-lseekr.o)
 .ARM.attributes
                0x000007a2       0x2d c:/program files (x86)/cypress/psoc creator/4.4/psoc creator/import/gnu/arm/5.4.1/bin/../lib/gcc/arm-none-eabi/5.4.1/../../../../arm-none-eabi/lib/armv7-m\libg_nano.a(lib_a-malloc.o)
 .ARM.attributes
                0x000007cf       0x2d c:/program files (x86)/cypress/psoc creator/4.4/psoc creator/import/gnu/arm/5.4.1/bin/../lib/gcc/arm-none-eabi/5.4.1/../../../../arm-none-eabi/lib/armv7-m\libg_nano.a(lib_a-memchr-stub.o)
 .ARM.attributes
                0x000007fc       0x2d c:/program files (x86)/cypress/psoc creator/4.4/psoc creator/import/gnu/arm/5.4.1/bin/../lib/gcc/arm-none-eabi/5.4.1/../../../../arm-none-eabi/lib/armv7-m\libg_nano.a(lib_a-mprec.o)
 .ARM.attributes
                0x00000829       0x2d c:/program files (x86)/cypress/psoc creator/4.4/psoc creator/import/gnu/arm/5.4.1/bin/../lib/gcc/arm-none-eabi/5.4.1/../../../../arm-none-eabi/lib/armv7-m\libg_nano.a(lib_a-nano-callocr.o)
 .ARM.attributes
                0x00000856       0x2d c:/program files (x86)/cypress/psoc creator/4.4/psoc creator/import/gnu/arm/5.4.1/bin/../lib/gcc/arm-none-eabi/5.4.1/../../../../arm-none-eabi/lib/armv7-m\libg_nano.a(lib_a-nano-freer.o)
 .ARM.attributes
                0x00000883       0x2d c:/program files (x86)/cypress/psoc creator/4.4/psoc creator/import/gnu/arm/5.4.1/bin/../lib/gcc/arm-none-eabi/5.4.1/../../../../arm-none-eabi/lib/armv7-m\libg_nano.a(lib_a-nano-mallocr.o)
 .ARM.attributes
                0x000008b0       0x2d c:/program files (x86)/cypress/psoc creator/4.4/psoc creator/import/gnu/arm/5.4.1/bin/../lib/gcc/arm-none-eabi/5.4.1/../../../../arm-none-eabi/lib/armv7-m\libg_nano.a(lib_a-nano-svfprintf.o)
 .ARM.attributes
                0x000008dd       0x2d c:/program files (x86)/cypress/psoc creator/4.4/psoc creator/import/gnu/arm/5.4.1/bin/../lib/gcc/arm-none-eabi/5.4.1/../../../../arm-none-eabi/lib/armv7-m\libg_nano.a(lib_a-nano-svfscanf.o)
 .ARM.attributes
                0x0000090a       0x2d c:/program files (x86)/cypress/psoc creator/4.4/psoc creator/import/gnu/arm/5.4.1/bin/../lib/gcc/arm-none-eabi/5.4.1/../../../../arm-none-eabi/lib/armv7-m\libg_nano.a(lib_a-nano-vfscanf_i.o)
 .ARM.attributes
                0x00000937       0x2d c:/program files (x86)/cypress/psoc creator/4.4/psoc creator/import/gnu/arm/5.4.1/bin/../lib/gcc/arm-none-eabi/5.4.1/../../../../arm-none-eabi/lib/armv7-m\libg_nano.a(lib_a-readr.o)
 .ARM.attributes
                0x00000964       0x2d c:/program files (x86)/cypress/psoc creator/4.4/psoc creator/import/gnu/arm/5.4.1/bin/../lib/gcc/arm-none-eabi/5.4.1/../../../../arm-none-eabi/lib/armv7-m\libg_nano.a(lib_a-reent.o)
 .ARM.attributes
                0x00000991       0x2d c:/program files (x86)/cypress/psoc creator/4.4/psoc creator/import/gnu/arm/5.4.1/bin/../lib/gcc/arm-none-eabi/5.4.1/../../../../arm-none-eabi/lib/armv7-m\libg_nano.a(lib_a-sbrkr.o)
 .ARM.attributes
                0x000009be       0x2d c:/program files (x86)/cypress/psoc creator/4.4/psoc creator/import/gnu/arm/5.4.1/bin/../lib/gcc/arm-none-eabi/5.4.1/../../../../arm-none-eabi/lib/armv7-m\libg_nano.a(lib_a-sccl.o)
 .ARM.attributes
                0x000009eb       0x2d c:/program files (x86)/cypress/psoc creator/4.4/psoc creator/import/gnu/arm/5.4.1/bin/../lib/gcc/arm-none-eabi/5.4.1/../../../../arm-none-eabi/lib/armv7-m\libg_nano.a(lib_a-strtol.o)
 .ARM.attributes
                0x00000a18       0x2d c:/program files (x86)/cypress/psoc creator/4.4/psoc creator/import/gnu/arm/5.4.1/bin/../lib/gcc/arm-none-eabi/5.4.1/../../../../arm-none-eabi/lib/armv7-m\libg_nano.a(lib_a-strtoul.o)
 .ARM.attributes
                0x00000a45       0x2d c:/program files (x86)/cypress/psoc creator/4.4/psoc creator/import/gnu/arm/5.4.1/bin/../lib/gcc/arm-none-eabi/5.4.1/../../../../arm-none-eabi/lib/armv7-m\libg_nano.a(lib_a-ungetc.o)
 .ARM.attributes
                0x00000a72       0x2d c:/program files (x86)/cypress/psoc creator/4.4/psoc creator/import/gnu/arm/5.4.1/bin/../lib/gcc/arm-none-eabi/5.4.1/../../../../arm-none-eabi/lib/armv7-m\libg_nano.a(lib_a-ctype_.o)
 .ARM.attributes
                0x00000a9f       0x2d c:/program files (x86)/cypress/psoc creator/4.4/psoc creator/import/gnu/arm/5.4.1/bin/../lib/gcc/arm-none-eabi/5.4.1/../../../../arm-none-eabi/lib/armv7-m\libg_nano.a(lib_a-fflush.o)
 .ARM.attributes
                0x00000acc       0x2d c:/program files (x86)/cypress/psoc creator/4.4/psoc creator/import/gnu/arm/5.4.1/bin/../lib/gcc/arm-none-eabi/5.4.1/../../../../arm-none-eabi/lib/armv7-m\libg_nano.a(lib_a-findfp.o)
 .ARM.attributes
                0x00000af9       0x2d c:/program files (x86)/cypress/psoc creator/4.4/psoc creator/import/gnu/arm/5.4.1/bin/../lib/gcc/arm-none-eabi/5.4.1/../../../../arm-none-eabi/lib/armv7-m\libg_nano.a(lib_a-fwalk.o)
 .ARM.attributes
                0x00000b26       0x2d c:/program files (x86)/cypress/psoc creator/4.4/psoc creator/import/gnu/arm/5.4.1/bin/../lib/gcc/arm-none-eabi/5.4.1/../../../../arm-none-eabi/lib/armv7-m\libg_nano.a(lib_a-memmove.o)
 .ARM.attributes